[INFO] Scanning for projects...
[INFO] 
[INFO] -------------------< com.kafka.bdd:kafka-bdd-tests >--------------------
[INFO] Building kafka-bdd-tests 0.0.1-SNAPSHOT
[INFO]   from pom.xml
[INFO] --------------------------------[ jar ]---------------------------------
[INFO] 
[INFO] --- clean:3.5.0:clean (default-clean) @ kafka-bdd-tests ---
[INFO] Deleting C:\Users\simra\Desktop\kafka-bdd-tests\target
[INFO] 
[INFO] --- resources:3.3.1:resources (default-resources) @ kafka-bdd-tests ---
[INFO] skip non existing resourceDirectory C:\Users\simra\Desktop\kafka-bdd-tests\src\main\resources
[INFO] skip non existing resourceDirectory C:\Users\simra\Desktop\kafka-bdd-tests\src\main\resources
[INFO] 
[INFO] --- compiler:3.14.1:compile (default-compile) @ kafka-bdd-tests ---
[INFO] Recompiling the module because of changed source code.
[INFO] Compiling 4 source files with javac [debug parameters release 17] to target\classes
[INFO] 
[INFO] --- resources:3.3.1:testResources (default-testResources) @ kafka-bdd-tests ---
[INFO] Copying 4 resources from src\test\resources to target\test-classes
[INFO] 
[INFO] --- compiler:3.14.1:testCompile (default-testCompile) @ kafka-bdd-tests ---
[INFO] Recompiling the module because of changed dependency.
[INFO] Compiling 14 source files with javac [debug parameters release 17] to target\test-classes
[INFO] Annotation processing is enabled because one or more processors were found
  on the class path. A future release of javac may disable annotation processing
  unless at least one processor is specified by name (-processor), or a search
  path is specified (--processor-path, --processor-module-path), or annotation
  processing is enabled explicitly (-proc:only, -proc:full).
  Use -Xlint:-options to suppress this message.
  Use -proc:none to disable annotation processing.
[INFO] /C:/Users/simra/Desktop/kafka-bdd-tests/src/test/java/com/bank/bdd/support/ConcreteEmbeddedKafkaBroker.java: C:\Users\simra\Desktop\kafka-bdd-tests\src\test\java\com\bank\bdd\support\ConcreteEmbeddedKafkaBroker.java uses unchecked or unsafe operations.
[INFO] /C:/Users/simra/Desktop/kafka-bdd-tests/src/test/java/com/bank/bdd/support/ConcreteEmbeddedKafkaBroker.java: Recompile with -Xlint:unchecked for details.
[INFO] 
[INFO] --- surefire:3.5.4:test (default-test) @ kafka-bdd-tests ---
[INFO] Using auto detected provider org.apache.maven.surefire.junitplatform.JUnitPlatformProvider
[INFO] 
[INFO] -------------------------------------------------------
[INFO]  T E S T S
[INFO] -------------------------------------------------------
[INFO] Running com.bank.bdd.runner.CucumberTest

  .   ____          _            __ _ _
 /\\ / ___'_ __ _ _(_)_ __  __ _ \ \ \ \
( ( )\___ | '_ | '_| | '_ \/ _` | \ \ \ \
 \\/  ___)| |_)| | | | | || (_| |  ) ) ) )
  '  |____| .__|_| |_|_| |_\__, | / / / /
 =========|_|==============|___/=/_/_/_/

 :: Spring Boot ::                (v4.0.1)

2026-02-11T14:48:24.059+01:00  INFO 8172 --- [           main] o.a.k.server.logger.LoggingController    : No supported logging implementation found. Logging configuration endpoint will be disabled.
2026-02-11T14:48:24.207+01:00  INFO 8172 --- [           main] k.utils.Log4jControllerRegistration$     : Registered `kafka:type=kafka.Log4jController` MBean
Formatting metadata directory C:\Users\simra\AppData\Local\Temp\kafka-15345859903009469624\combined_0_0 with metadata.version 4.2-IV1.
2026-02-11T14:48:24.630+01:00  INFO 8172 --- [ster-test-kit-4] kafka.server.BrokerServer                : [BrokerServer id=0] Transition from SHUTDOWN to STARTING
2026-02-11T14:48:24.630+01:00  INFO 8172 --- [ster-test-kit-3] kafka.server.ControllerServer            : [ControllerServer id=0] Starting controller
2026-02-11T14:48:24.632+01:00  INFO 8172 --- [ster-test-kit-4] kafka.server.SharedServer                : [SharedServer id=0] Starting SharedServer
2026-02-11T14:48:24.752+01:00  INFO 8172 --- [ster-test-kit-4] o.a.k.storage.internals.log.UnifiedLog   : [LogLoader partition=__cluster_metadata-0, dir=C:\Users\simra\AppData\Local\Temp\kafka-15345859903009469624\combined_0_0] Loading producer state till offset 0
2026-02-11T14:48:24.753+01:00  INFO 8172 --- [ster-test-kit-4] o.a.k.storage.internals.log.UnifiedLog   : [LogLoader partition=__cluster_metadata-0, dir=C:\Users\simra\AppData\Local\Temp\kafka-15345859903009469624\combined_0_0] Reloading from producer snapshot and rebuilding producer state from offset 0
2026-02-11T14:48:24.753+01:00  INFO 8172 --- [ster-test-kit-4] o.a.k.storage.internals.log.UnifiedLog   : [LogLoader partition=__cluster_metadata-0, dir=C:\Users\simra\AppData\Local\Temp\kafka-15345859903009469624\combined_0_0] Producer state recovery took 0ms for snapshot load and 0ms for segment recovery from offset 0
2026-02-11T14:48:24.800+01:00  INFO 8172 --- [ster-test-kit-4] kafka.raft.KafkaMetadataLog$             : Initialized snapshots with IDs SortedSet() from C:\Users\simra\AppData\Local\Temp\kafka-15345859903009469624\combined_0_0\__cluster_metadata-0
2026-02-11T14:48:24.926+01:00  INFO 8172 --- [piration-reaper] ExpirationService$ExpiredOperationReaper : [raft-expiration-reaper]: Starting
2026-02-11T14:48:24.965+01:00  INFO 8172 --- [ster-test-kit-4] org.apache.kafka.raft.KafkaRaftClient    : [RaftManager id=0] Reading KRaft snapshot and log as part of the initialization
2026-02-11T14:48:24.976+01:00  INFO 8172 --- [ster-test-kit-4] org.apache.kafka.raft.KafkaRaftClient    : [RaftManager id=0] Starting voters are VoterSet(voters={0=VoterNode(voterKey=ReplicaKey(id=0, directoryId=<undefined>), listeners=Endpoints(endpoints={ListenerName(CONTROLLER)=localhost/127.0.0.1:52859}), supportedKRaftVersion=SupportedVersionRange[min_version:0, max_version:0])})
2026-02-11T14:48:24.983+01:00  INFO 8172 --- [ster-test-kit-4] org.apache.kafka.raft.KafkaRaftClient    : [RaftManager id=0] Starting request manager with static voters: [localhost:52859 (id: 0 rack: null isFenced: false)]
2026-02-11T14:48:24.998+01:00  INFO 8172 --- [ster-test-kit-4] org.apache.kafka.raft.QuorumState        : [RaftManager id=0] Attempting durable transition to UnattachedState(epoch=0, leaderId=OptionalInt.empty, votedKey=Optional.empty, voters=[0], electionTimeoutMs=1758, highWatermark=Optional.empty) from null
2026-02-11T14:48:25.256+01:00  INFO 8172 --- [ster-test-kit-4] org.apache.kafka.raft.QuorumState        : [RaftManager id=0] Completed transition to UnattachedState(epoch=0, leaderId=OptionalInt.empty, votedKey=Optional.empty, voters=[0], electionTimeoutMs=1758, highWatermark=Optional.empty) from null
2026-02-11T14:48:25.263+01:00  INFO 8172 --- [ster-test-kit-4] org.apache.kafka.raft.QuorumState        : [RaftManager id=0] Completed transition to ProspectiveState(epoch=0, leaderId=OptionalInt.empty, votedKey=Optional.empty, epochElection=EpochElection(voterStates={0=VoterState(replicaKey=ReplicaKey(id=0, directoryId=<undefined>), state=GRANTED)}), electionTimeoutMs=1368, highWatermark=Optional.empty) from UnattachedState(epoch=0, leaderId=OptionalInt.empty, votedKey=Optional.empty, voters=[0], electionTimeoutMs=1758, highWatermark=Optional.empty)
2026-02-11T14:48:25.265+01:00  INFO 8172 --- [ster-test-kit-4] org.apache.kafka.raft.QuorumState        : [RaftManager id=0] Attempting durable transition to CandidateState(localId=0, localDirectoryId=HcR4-C4fCP9EAtGqA0BJ0w, epoch=1, epochElection=EpochElection(voterStates={0=VoterState(replicaKey=ReplicaKey(id=0, directoryId=<undefined>), state=GRANTED)}), highWatermark=Optional.empty, electionTimeoutMs=1058) from ProspectiveState(epoch=0, leaderId=OptionalInt.empty, votedKey=Optional.empty, epochElection=EpochElection(voterStates={0=VoterState(replicaKey=ReplicaKey(id=0, directoryId=<undefined>), state=GRANTED)}), electionTimeoutMs=1368, highWatermark=Optional.empty)
2026-02-11T14:48:25.272+01:00  INFO 8172 --- [ster-test-kit-4] org.apache.kafka.raft.QuorumState        : [RaftManager id=0] Completed transition to CandidateState(localId=0, localDirectoryId=HcR4-C4fCP9EAtGqA0BJ0w, epoch=1, epochElection=EpochElection(voterStates={0=VoterState(replicaKey=ReplicaKey(id=0, directoryId=<undefined>), state=GRANTED)}), highWatermark=Optional.empty, electionTimeoutMs=1058) from ProspectiveState(epoch=0, leaderId=OptionalInt.empty, votedKey=Optional.empty, epochElection=EpochElection(voterStates={0=VoterState(replicaKey=ReplicaKey(id=0, directoryId=<undefined>), state=GRANTED)}), electionTimeoutMs=1368, highWatermark=Optional.empty)
2026-02-11T14:48:25.277+01:00  INFO 8172 --- [ster-test-kit-4] org.apache.kafka.raft.QuorumState        : [RaftManager id=0] Attempting durable transition to Leader(localVoterNode=VoterNode(voterKey=ReplicaKey(id=0, directoryId=HcR4-C4fCP9EAtGqA0BJ0w), listeners=Endpoints(endpoints={}), supportedKRaftVersion=SupportedVersionRange[min_version:0, max_version:1]), epoch=1, epochStartOffset=0, highWatermark=Optional.empty, voterStates={0=ReplicaState(replicaKey=ReplicaKey(id=0, directoryId=<undefined>), endOffset=Optional.empty, lastFetchTimestamp=-1, lastCaughtUpTimestamp=-1, hasAcknowledgedLeader=true)}) from CandidateState(localId=0, localDirectoryId=HcR4-C4fCP9EAtGqA0BJ0w, epoch=1, epochElection=EpochElection(voterStates={0=VoterState(replicaKey=ReplicaKey(id=0, directoryId=<undefined>), state=GRANTED)}), highWatermark=Optional.empty, electionTimeoutMs=1058)
2026-02-11T14:48:25.283+01:00  INFO 8172 --- [ster-test-kit-4] org.apache.kafka.raft.QuorumState        : [RaftManager id=0] Completed transition to Leader(localVoterNode=VoterNode(voterKey=ReplicaKey(id=0, directoryId=HcR4-C4fCP9EAtGqA0BJ0w), listeners=Endpoints(endpoints={}), supportedKRaftVersion=SupportedVersionRange[min_version:0, max_version:1]), epoch=1, epochStartOffset=0, highWatermark=Optional.empty, voterStates={0=ReplicaState(replicaKey=ReplicaKey(id=0, directoryId=<undefined>), endOffset=Optional.empty, lastFetchTimestamp=-1, lastCaughtUpTimestamp=-1, hasAcknowledgedLeader=true)}) from CandidateState(localId=0, localDirectoryId=HcR4-C4fCP9EAtGqA0BJ0w, epoch=1, epochElection=EpochElection(voterStates={0=VoterState(replicaKey=ReplicaKey(id=0, directoryId=<undefined>), state=GRANTED)}), highWatermark=Optional.empty, electionTimeoutMs=1058)
2026-02-11T14:48:25.305+01:00  INFO 8172 --- [-raft-io-thread] o.a.kafka.raft.KafkaRaftClientDriver     : [kafka-0-raft-io-thread]: Starting
2026-02-11T14:48:25.306+01:00  INFO 8172 --- [-request-thread] o.a.k.r.KafkaNetworkChannel$SendThread   : [kafka-0-raft-outbound-request-thread]: Starting
2026-02-11T14:48:25.340+01:00  INFO 8172 --- [r-event-handler] o.a.kafka.image.loader.MetadataLoader    : [MetadataLoader id=0] initializeNewPublishers: the loader is still catching up because we still don't know the high water mark yet.
2026-02-11T14:48:25.344+01:00  INFO 8172 --- [ster-test-kit-4] kafka.server.BrokerServer                : [BrokerServer id=0] Starting broker
2026-02-11T14:48:25.363+01:00  INFO 8172 --- [-raft-io-thread] org.apache.kafka.raft.LeaderState        : [RaftManager id=0] High watermark set to LogOffsetMetadata(offset=1, metadata=Optional[(segmentBaseOffset=0,relativePositionInSegment=91)]) for the first time for epoch 1 based on indexOfHw 0 and voters [ReplicaState(replicaKey=ReplicaKey(id=0, directoryId=<undefined>), endOffset=Optional[LogOffsetMetadata(offset=1, metadata=Optional[(segmentBaseOffset=0,relativePositionInSegment=91)])], lastFetchTimestamp=-1, lastCaughtUpTimestamp=-1, hasAcknowledgedLeader=true)]
2026-02-11T14:48:25.374+01:00  INFO 8172 --- [lReaper-Produce] lientQuotaManager$ThrottledChannelReaper : [broker-0-ThrottledChannelReaper-Produce]: Starting
2026-02-11T14:48:25.373+01:00  INFO 8172 --- [nelReaper-Fetch] lientQuotaManager$ThrottledChannelReaper : [broker-0-ThrottledChannelReaper-Fetch]: Starting
2026-02-11T14:48:25.375+01:00  INFO 8172 --- [lReaper-Request] lientQuotaManager$ThrottledChannelReaper : [broker-0-ThrottledChannelReaper-Request]: Starting
2026-02-11T14:48:25.377+01:00  INFO 8172 --- [trollerMutation] lientQuotaManager$ThrottledChannelReaper : [broker-0-ThrottledChannelReaper-ControllerMutation]: Starting
2026-02-11T14:48:25.382+01:00  INFO 8172 --- [-raft-io-thread] org.apache.kafka.raft.KafkaRaftClient    : [RaftManager id=0] Registered the listener org.apache.kafka.image.loader.MetadataLoader@1033920769
2026-02-11T14:48:25.383+01:00  INFO 8172 --- [-raft-io-thread] org.apache.kafka.raft.KafkaRaftClient    : [RaftManager id=0] Setting the next offset of org.apache.kafka.image.loader.MetadataLoader@1033920769 to 0 since there are no snapshots
2026-02-11T14:48:25.389+01:00  INFO 8172 --- [r-event-handler] o.a.kafka.image.loader.MetadataLoader    : [MetadataLoader id=0] maybePublishMetadata(LOG_DELTA): The loader is still catching up because we have not loaded a controller record as of offset 0 and high water mark is 1
2026-02-11T14:48:25.406+01:00  INFO 8172 --- [ster-test-kit-3] kafka.network.ConnectionQuotas           : Updated connection-accept-rate max connection creation rate to 2147483647
2026-02-11T14:48:25.412+01:00  INFO 8172 --- [ster-test-kit-3] kafka.network.DataPlaneAcceptor          : Awaiting socket connections on localhost:52859.
2026-02-11T14:48:25.419+01:00  INFO 8172 --- [ster-test-kit-3] kafka.network.DataPlaneAcceptor          : Opened wildcard endpoint localhost:52859
2026-02-11T14:48:25.444+01:00  INFO 8172 --- [r-event-handler] o.a.kafka.image.loader.MetadataLoader    : [MetadataLoader id=0] initializeNewPublishers: The loader is still catching up because we have not loaded a controller record as of offset 0 and high water mark is 1
2026-02-11T14:48:25.450+01:00  INFO 8172 --- [ster-test-kit-4] kafka.server.BrokerServer                : [BrokerServer id=0] Waiting for controller quorum voters future
2026-02-11T14:48:25.450+01:00  INFO 8172 --- [ster-test-kit-4] kafka.server.BrokerServer                : [BrokerServer id=0] Finished waiting for controller quorum voters future
2026-02-11T14:48:25.463+01:00  INFO 8172 --- [ster-test-kit-3] kafka.network.SocketServer               : [SocketServer listenerType=CONTROLLER, nodeId=0] Created data-plane acceptor and processors for endpoint : ListenerName(CONTROLLER)
2026-02-11T14:48:25.468+01:00  INFO 8172 --- [ster-test-kit-3] org.apache.kafka.metadata.ListenerInfo   : CONTROLLER: resolved ephemeral port to 52859
2026-02-11T14:48:25.468+01:00  INFO 8172 --- [channel-manager] k.server.NodeToControllerRequestThread   : [broker-0-to-controller-forwarding-channel-manager]: Starting
2026-02-11T14:48:25.470+01:00  INFO 8172 --- [channel-manager] k.server.NodeToControllerRequestThread   : [broker-0-to-controller-forwarding-channel-manager]: Recorded new KRaft controller, from now on will use node localhost:52859 (id: 0 rack: null isFenced: false)
2026-02-11T14:48:25.473+01:00  INFO 8172 --- [ster-test-kit-3] o.a.k.s.network.EndpointReadyFutures     : authorizerStart completed for endpoint CONTROLLER. Endpoint is now READY.
2026-02-11T14:48:25.474+01:00  INFO 8172 --- [ster-test-kit-3] kafka.server.ControllerServer            : [ControllerServer id=0] Waiting for controller quorum voters future
2026-02-11T14:48:25.474+01:00  INFO 8172 --- [ster-test-kit-3] kafka.server.ControllerServer            : [ControllerServer id=0] Finished waiting for controller quorum voters future
2026-02-11T14:48:25.481+01:00  INFO 8172 --- [-metrics-reaper] o.a.k.s.u.t.SystemTimerReaper$Reaper     : [client-metrics-reaper]: Starting
2026-02-11T14:48:25.517+01:00  INFO 8172 --- [ster-test-kit-4] kafka.network.ConnectionQuotas           : Updated connection-accept-rate max connection creation rate to 2147483647
2026-02-11T14:48:25.519+01:00  INFO 8172 --- [ster-test-kit-4] kafka.network.DataPlaneAcceptor          : Awaiting socket connections on localhost:52860.
2026-02-11T14:48:25.520+01:00  INFO 8172 --- [ster-test-kit-4] kafka.network.DataPlaneAcceptor          : Opened wildcard endpoint localhost:52860
2026-02-11T14:48:25.531+01:00  INFO 8172 --- [ster-test-kit-4] kafka.network.SocketServer               : [SocketServer listenerType=BROKER, nodeId=0] Created data-plane acceptor and processors for endpoint : ListenerName(EXTERNAL)
2026-02-11T14:48:25.533+01:00  INFO 8172 --- [ster-test-kit-4] org.apache.kafka.metadata.ListenerInfo   : EXTERNAL: resolved ephemeral port to 52860
2026-02-11T14:48:25.538+01:00  INFO 8172 --- [ster-test-kit-3] o.a.k.c.PeriodicTaskControlManager       : [QuorumController id=0] Registering periodic task writeNoOpRecord to run every 500 ms
2026-02-11T14:48:25.538+01:00  INFO 8172 --- [ster-test-kit-3] o.a.k.c.PeriodicTaskControlManager       : [QuorumController id=0] Registering periodic task maybeFenceStaleBroker to run every 1125 ms
2026-02-11T14:48:25.539+01:00  INFO 8172 --- [ster-test-kit-3] o.a.k.c.PeriodicTaskControlManager       : [QuorumController id=0] Registering periodic task electPreferred to run every 300000 ms
2026-02-11T14:48:25.539+01:00  INFO 8172 --- [ster-test-kit-3] o.a.k.c.PeriodicTaskControlManager       : [QuorumController id=0] Registering periodic task electUnclean to run every 300000 ms
2026-02-11T14:48:25.540+01:00  INFO 8172 --- [ster-test-kit-3] o.a.k.c.PeriodicTaskControlManager       : [QuorumController id=0] Registering periodic task expireDelegationTokens to run every 3600000 ms
2026-02-11T14:48:25.540+01:00  INFO 8172 --- [channel-manager] k.server.NodeToControllerRequestThread   : [broker-0-to-controller-alter-partition-channel-manager]: Starting
2026-02-11T14:48:25.540+01:00  INFO 8172 --- [ster-test-kit-3] o.a.k.c.PeriodicTaskControlManager       : [QuorumController id=0] Registering periodic task generatePeriodicPerformanceMessage to run every 60000 ms
2026-02-11T14:48:25.541+01:00  INFO 8172 --- [channel-manager] k.server.NodeToControllerRequestThread   : [broker-0-to-controller-alter-partition-channel-manager]: Recorded new KRaft controller, from now on will use node localhost:52859 (id: 0 rack: null isFenced: false)
2026-02-11T14:48:25.542+01:00  INFO 8172 --- [ster-test-kit-3] o.a.kafka.controller.QuorumController    : [QuorumController id=0] Creating new QuorumController with clusterId _9d04X1lSNCbP6TRtK95jw
2026-02-11T14:48:25.543+01:00  INFO 8172 --- [-raft-io-thread] org.apache.kafka.raft.KafkaRaftClient    : [RaftManager id=0] Registered the listener org.apache.kafka.controller.QuorumController$QuorumMetaLogListener@2047855195
2026-02-11T14:48:25.543+01:00  INFO 8172 --- [-raft-io-thread] org.apache.kafka.raft.KafkaRaftClient    : [RaftManager id=0] Setting the next offset of org.apache.kafka.controller.QuorumController$QuorumMetaLogListener@2047855195 to 0 since there are no snapshots
2026-02-11T14:48:25.545+01:00  INFO 8172 --- [lReaper-Produce] lientQuotaManager$ThrottledChannelReaper : [controller-0-ThrottledChannelReaper-Produce]: Starting
2026-02-11T14:48:25.545+01:00  INFO 8172 --- [lReaper-Request] lientQuotaManager$ThrottledChannelReaper : [controller-0-ThrottledChannelReaper-Request]: Starting
2026-02-11T14:48:25.545+01:00  INFO 8172 --- [nelReaper-Fetch] lientQuotaManager$ThrottledChannelReaper : [controller-0-ThrottledChannelReaper-Fetch]: Starting
2026-02-11T14:48:25.546+01:00  INFO 8172 --- [trollerMutation] lientQuotaManager$ThrottledChannelReaper : [controller-0-ThrottledChannelReaper-ControllerMutation]: Starting
2026-02-11T14:48:25.547+01:00  INFO 8172 --- [0-event-handler] o.a.kafka.controller.QuorumController    : [QuorumController id=0] Becoming the active controller at epoch 1, next write offset 1.
2026-02-11T14:48:25.554+01:00  INFO 8172 --- [r-event-handler] o.a.kafka.image.loader.MetadataLoader    : [MetadataLoader id=0] initializeNewPublishers: The loader is still catching up because we have not loaded a controller record as of offset 0 and high water mark is 1
2026-02-11T14:48:25.559+01:00  INFO 8172 --- [channel-manager] k.server.NodeToControllerRequestThread   : [broker-0-to-controller-directory-assignments-channel-manager]: Starting
2026-02-11T14:48:25.559+01:00  INFO 8172 --- [channel-manager] k.server.NodeToControllerRequestThread   : [broker-0-to-controller-directory-assignments-channel-manager]: Recorded new KRaft controller, from now on will use node localhost:52859 (id: 0 rack: null isFenced: false)
2026-02-11T14:48:25.565+01:00  WARN 8172 --- [0-event-handler] o.a.kafka.controller.QuorumController    : [QuorumController id=0] Performing controller activation. The metadata log appears to be empty. Appending 6 bootstrap record(s) in metadata transaction at metadata.version 4.2-IV1 from bootstrap source 'testkit'.
2026-02-11T14:48:25.570+01:00  INFO 8172 --- [0-event-handler] o.a.k.controller.OffsetControlManager    : [QuorumController id=0] Replayed BeginTransactionRecord(name='Bootstrap records') at offset 1.
2026-02-11T14:48:25.571+01:00  INFO 8172 --- [0-event-handler] o.a.k.controller.FeatureControlManager   : [QuorumController id=0] Replayed a FeatureLevelRecord setting metadata.version to 4.2-IV1
2026-02-11T14:48:25.573+01:00  INFO 8172 --- [0-event-handler] o.a.k.controller.FeatureControlManager   : [QuorumController id=0] Replayed a FeatureLevelRecord setting feature eligible.leader.replicas.version to 1
2026-02-11T14:48:25.573+01:00  INFO 8172 --- [0-event-handler] o.a.k.controller.FeatureControlManager   : [QuorumController id=0] Replayed a FeatureLevelRecord setting feature group.version to 1
2026-02-11T14:48:25.573+01:00  INFO 8172 --- [0-event-handler] o.a.k.controller.FeatureControlManager   : [QuorumController id=0] Replayed a FeatureLevelRecord setting feature share.version to 1
2026-02-11T14:48:25.574+01:00  INFO 8172 --- [0-event-handler] o.a.k.controller.FeatureControlManager   : [QuorumController id=0] Replayed a FeatureLevelRecord setting feature streams.version to 1
2026-02-11T14:48:25.574+01:00  INFO 8172 --- [0-event-handler] o.a.k.controller.FeatureControlManager   : [QuorumController id=0] Replayed a FeatureLevelRecord setting feature transaction.version to 2
2026-02-11T14:48:25.574+01:00  INFO 8172 --- [0-event-handler] o.a.k.c.ConfigurationControlManager      : [QuorumController id=0] Replayed ConfigRecord for ConfigResource(type=BROKER, name='') which set configuration min.insync.replicas to 1
2026-02-11T14:48:25.574+01:00  INFO 8172 --- [0-event-handler] o.a.k.controller.OffsetControlManager    : [QuorumController id=0] Replayed EndTransactionRecord() at offset 9.
2026-02-11T14:48:25.577+01:00  INFO 8172 --- [0-event-handler] o.a.k.c.PeriodicTaskControlManager       : [QuorumController id=0] Activated periodic tasks: electPreferred, electUnclean, expireDelegationTokens, generatePeriodicPerformanceMessage, maybeFenceStaleBroker, writeNoOpRecord
2026-02-11T14:48:25.582+01:00  INFO 8172 --- [per-0-AlterAcls] perationPurgatory$ExpiredOperationReaper : [ExpirationReaper-0-AlterAcls]: Starting
2026-02-11T14:48:25.586+01:00  INFO 8172 --- [eaper-0-Produce] perationPurgatory$ExpiredOperationReaper : [ExpirationReaper-0-Produce]: Starting
2026-02-11T14:48:25.587+01:00  INFO 8172 --- [0-DeleteRecords] perationPurgatory$ExpiredOperationReaper : [ExpirationReaper-0-DeleteRecords]: Starting
2026-02-11T14:48:25.588+01:00  INFO 8172 --- [nReaper-0-Fetch] perationPurgatory$ExpiredOperationReaper : [ExpirationReaper-0-Fetch]: Starting
2026-02-11T14:48:25.590+01:00  INFO 8172 --- [r-0-RemoteFetch] perationPurgatory$ExpiredOperationReaper : [ExpirationReaper-0-RemoteFetch]: Starting
2026-02-11T14:48:25.590+01:00  INFO 8172 --- [moteListOffsets] perationPurgatory$ExpiredOperationReaper : [ExpirationReaper-0-RemoteListOffsets]: Starting
2026-02-11T14:48:25.592+01:00  INFO 8172 --- [er-0-ShareFetch] perationPurgatory$ExpiredOperationReaper : [ExpirationReaper-0-ShareFetch]: Starting
2026-02-11T14:48:25.611+01:00  INFO 8172 --- [ster-test-kit-3] kafka.server.ControllerServer            : [ControllerServer id=0] Waiting for the controller metadata publishers to be installed
2026-02-11T14:48:25.618+01:00  INFO 8172 --- [r-event-handler] o.a.kafka.image.loader.MetadataLoader    : [MetadataLoader id=0] maybePublishMetadata(LOG_DELTA): The loader finished catching up to the current high water mark of 10
2026-02-11T14:48:25.621+01:00  INFO 8172 --- [rdinator-reaper] o.a.k.s.u.t.SystemTimerReaper$Reaper     : [share-coordinator-reaper]: Starting
2026-02-11T14:48:25.625+01:00  INFO 8172 --- [r-event-handler] o.a.kafka.image.loader.MetadataLoader    : [MetadataLoader id=0] InitializeNewPublishers: initializing SnapshotGenerator with a snapshot at offset 9
2026-02-11T14:48:25.626+01:00  INFO 8172 --- [ster-test-kit-3] kafka.server.ControllerServer            : [ControllerServer id=0] Finished waiting for the controller metadata publishers to be installed
2026-02-11T14:48:25.626+01:00  INFO 8172 --- [r-event-handler] o.a.kafka.image.loader.MetadataLoader    : [MetadataLoader id=0] InitializeNewPublishers: initializing KRaftMetadataCachePublisher with a snapshot at offset 9
2026-02-11T14:48:25.626+01:00  INFO 8172 --- [r-event-handler] o.a.kafka.image.loader.MetadataLoader    : [MetadataLoader id=0] InitializeNewPublishers: initializing FeaturesPublisher with a snapshot at offset 9
2026-02-11T14:48:25.627+01:00  INFO 8172 --- [ster-test-kit-3] kafka.network.SocketServer               : [SocketServer listenerType=CONTROLLER, nodeId=0] Enabling request processing.
2026-02-11T14:48:25.642+01:00  INFO 8172 --- [r-event-handler] o.a.k.m.publisher.FeaturesPublisher      : [ControllerServer id=0] Loaded new metadata FinalizedFeatures[metadataVersion=4.2-IV1, finalizedFeatures={group.version=1, streams.version=1, transaction.version=2, eligible.leader.replicas.version=1, share.version=1, metadata.version=29}, finalizedFeaturesEpoch=9].
2026-02-11T14:48:25.642+01:00  INFO 8172 --- [r-event-handler] o.a.kafka.image.loader.MetadataLoader    : [MetadataLoader id=0] InitializeNewPublishers: initializing ControllerRegistrationsPublisher with a snapshot at offset 9
2026-02-11T14:48:25.643+01:00  INFO 8172 --- [r-event-handler] o.a.kafka.image.loader.MetadataLoader    : [MetadataLoader id=0] InitializeNewPublishers: initializing ControllerRegistrationManager with a snapshot at offset 9
2026-02-11T14:48:25.643+01:00  INFO 8172 --- [r-event-handler] o.a.kafka.image.loader.MetadataLoader    : [MetadataLoader id=0] InitializeNewPublishers: initializing DynamicConfigPublisher controller id=0 with a snapshot at offset 9
2026-02-11T14:48:25.656+01:00  INFO 8172 --- [r-event-handler] k.s.metadata.DynamicConfigPublisher      : [DynamicConfigPublisher controller id=0] Updating cluster configuration : min.insync.replicas -> 1
2026-02-11T14:48:25.665+01:00  INFO 8172 --- [r-event-handler] k.server.ControllerRegistrationManager   : [ControllerRegistrationManager id=0 incarnation=wzA54-pVRvKXTYdlrJ4jXA] initialized channel manager.
2026-02-11T14:48:25.666+01:00  INFO 8172 --- [channel-manager] k.server.NodeToControllerRequestThread   : [controller-0-to-controller-registration-channel-manager]: Starting
2026-02-11T14:48:25.668+01:00  INFO 8172 --- [r-event-handler] o.a.kafka.common.config.AbstractConfig   : KafkaConfig values: 
	add.partitions.to.txn.retry.backoff.max.ms = 100
	add.partitions.to.txn.retry.backoff.ms = 20
	advertised.listeners = null
	alter.config.policy.class.name = null
	alter.log.dirs.replication.quota.window.num = 11
	alter.log.dirs.replication.quota.window.size.seconds = 1
	authorizer.class.name = 
	auto.create.topics.enable = true
	auto.leader.rebalance.enable = true
	background.threads = 10
	broker.heartbeat.interval.ms = 2000
	broker.id = 0
	broker.rack = null
	broker.session.timeout.ms = 9000
	client.quota.callback.class = null
	compression.gzip.level = -1
	compression.lz4.level = 9
	compression.type = producer
	compression.zstd.level = 3
	connection.failed.authentication.delay.ms = 100
	connections.max.idle.ms = 600000
	connections.max.reauth.ms = 0
	controlled.shutdown.enable = true
	controller.listener.names = CONTROLLER
	controller.performance.always.log.threshold.ms = 2000
	controller.performance.sample.period.ms = 60000
	controller.quorum.append.linger.ms = 25
	controller.quorum.bootstrap.servers = []
	controller.quorum.election.backoff.max.ms = 1000
	controller.quorum.election.timeout.ms = 1000
	controller.quorum.fetch.timeout.ms = 2000
	controller.quorum.request.timeout.ms = 2000
	controller.quorum.retry.backoff.ms = 20
	controller.quorum.voters = [0@localhost:52859]
	controller.quota.window.num = 11
	controller.quota.window.size.seconds = 1
	controller.socket.timeout.ms = 30000
	create.topic.policy.class.name = null
	default.replication.factor = 1
	delegation.token.expiry.check.interval.ms = 3600000
	delegation.token.expiry.time.ms = 86400000
	delegation.token.max.lifetime.ms = 604800000
	delegation.token.secret.key = null
	delete.records.purgatory.purge.interval.requests = 1
	delete.topic.enable = true
	early.start.listeners = null
	fetch.max.bytes = 57671680
	fetch.purgatory.purge.interval.requests = 1000
	group.consumer.assignors = [uniform, range]
	group.consumer.heartbeat.interval.ms = 5000
	group.consumer.max.heartbeat.interval.ms = 15000
	group.consumer.max.session.timeout.ms = 60000
	group.consumer.max.size = 2147483647
	group.consumer.migration.policy = bidirectional
	group.consumer.min.heartbeat.interval.ms = 5000
	group.consumer.min.session.timeout.ms = 45000
	group.consumer.regex.refresh.interval.ms = 600000
	group.consumer.session.timeout.ms = 45000
	group.coordinator.append.linger.ms = 5
	group.coordinator.rebalance.protocols = [classic, consumer, streams]
	group.coordinator.threads = 4
	group.initial.rebalance.delay.ms = 0
	group.max.session.timeout.ms = 1800000
	group.max.size = 2147483647
	group.min.session.timeout.ms = 6000
	group.share.assignors = [simple]
	group.share.delivery.count.limit = 5
	group.share.enable = false
	group.share.heartbeat.interval.ms = 5000
	group.share.max.heartbeat.interval.ms = 15000
	group.share.max.record.lock.duration.ms = 60000
	group.share.max.session.timeout.ms = 60000
	group.share.max.share.sessions = 2000
	group.share.max.size = 200
	group.share.min.heartbeat.interval.ms = 5000
	group.share.min.record.lock.duration.ms = 15000
	group.share.min.session.timeout.ms = 45000
	group.share.partition.max.record.locks = 2000
	group.share.persister.class.name = org.apache.kafka.server.share.persister.DefaultStatePersister
	group.share.record.lock.duration.ms = 30000
	group.share.session.timeout.ms = 45000
	group.streams.heartbeat.interval.ms = 5000
	group.streams.max.heartbeat.interval.ms = 15000
	group.streams.max.session.timeout.ms = 60000
	group.streams.max.size = 2147483647
	group.streams.max.standby.replicas = 2
	group.streams.min.heartbeat.interval.ms = 5000
	group.streams.min.session.timeout.ms = 45000
	group.streams.num.standby.replicas = 0
	group.streams.session.timeout.ms = 45000
	initial.broker.registration.timeout.ms = 60000
	inter.broker.listener.name = EXTERNAL
	internal.metadata.delete.delay.millis = 60000
	internal.metadata.log.segment.bytes = null
	internal.metadata.max.batch.size.in.bytes = 8388608
	internal.metadata.max.fetch.size.in.bytes = 8388608
	kafka.metrics.polling.interval.secs = 10
	kafka.metrics.reporters = []
	leader.imbalance.check.interval.seconds = 300
	listener.security.protocol.map = EXTERNAL:PLAINTEXT,CONTROLLER:PLAINTEXT
	listeners = EXTERNAL://localhost:0,CONTROLLER://localhost:0
	log.cleaner.backoff.ms = 15000
	log.cleaner.dedupe.buffer.size = 2097152
	log.cleaner.delete.retention.ms = 86400000
	log.cleaner.enable = true
	log.cleaner.io.buffer.load.factor = 0.9
	log.cleaner.io.buffer.size = 524288
	log.cleaner.io.max.bytes.per.second = 1.7976931348623157E308
	log.cleaner.max.compaction.lag.ms = 9223372036854775807
	log.cleaner.min.cleanable.ratio = 0.5
	log.cleaner.min.compaction.lag.ms = 0
	log.cleaner.threads = 1
	log.cleanup.policy = [delete]
	log.dir = /tmp/kafka-logs
	log.dir.failure.timeout.ms = 30000
	log.dirs = C:\Users\simra\AppData\Local\Temp\kafka-15345859903009469624\combined_0_0
	log.flush.interval.messages = 9223372036854775807
	log.flush.interval.ms = null
	log.flush.offset.checkpoint.interval.ms = 60000
	log.flush.scheduler.interval.ms = 9223372036854775807
	log.flush.start.offset.checkpoint.interval.ms = 60000
	log.index.interval.bytes = 4096
	log.index.size.max.bytes = 10485760
	log.initial.task.delay.ms = 30000
	log.local.retention.bytes = -2
	log.local.retention.ms = -2
	log.message.timestamp.after.max.ms = 3600000
	log.message.timestamp.before.max.ms = 9223372036854775807
	log.message.timestamp.type = CreateTime
	log.preallocate = false
	log.retention.bytes = -1
	log.retention.check.interval.ms = 300000
	log.retention.hours = 168
	log.retention.minutes = null
	log.retention.ms = null
	log.roll.hours = 168
	log.roll.jitter.hours = 0
	log.roll.jitter.ms = null
	log.roll.ms = null
	log.segment.bytes = 1073741824
	log.segment.delete.delay.ms = 60000
	max.connection.creation.rate = 2147483647
	max.connections = 2147483647
	max.connections.per.ip = 2147483647
	max.connections.per.ip.overrides = 
	max.incremental.fetch.session.cache.slots = 1000
	max.request.partition.size.limit = 2000
	message.max.bytes = 1048588
	metadata.log.dir = C:\Users\simra\AppData\Local\Temp\kafka-15345859903009469624\combined_0_0
	metadata.log.max.record.bytes.between.snapshots = 20971520
	metadata.log.max.snapshot.interval.ms = 3600000
	metadata.log.segment.bytes = 1073741824
	metadata.log.segment.ms = 604800000
	metadata.max.idle.interval.ms = 500
	metadata.max.retention.bytes = 104857600
	metadata.max.retention.ms = 604800000
	metric.reporters = [org.apache.kafka.common.metrics.JmxReporter]
	metrics.num.samples = 2
	metrics.recording.level = INFO
	metrics.sample.window.ms = 30000
	min.insync.replicas = 1
	node.id = 0
	num.io.threads = 8
	num.network.threads = 3
	num.partitions = 1
	num.recovery.threads.per.data.dir = 2
	num.replica.alter.log.dirs.threads = null
	num.replica.fetchers = 1
	offset.metadata.max.bytes = 4096
	offsets.commit.timeout.ms = 5000
	offsets.load.buffer.size = 5242880
	offsets.retention.check.interval.ms = 600000
	offsets.retention.minutes = 10080
	offsets.topic.compression.codec = 0
	offsets.topic.num.partitions = 50
	offsets.topic.replication.factor = 1
	offsets.topic.segment.bytes = 104857600
	principal.builder.class = class org.apache.kafka.common.security.authenticator.DefaultKafkaPrincipalBuilder
	process.roles = [broker, controller]
	producer.id.expiration.check.interval.ms = 600000
	producer.id.expiration.ms = 86400000
	producer.purgatory.purge.interval.requests = 1000
	queued.max.request.bytes = -1
	queued.max.requests = 500
	quota.window.num = 11
	quota.window.size.seconds = 1
	remote.fetch.max.wait.ms = 500
	remote.list.offsets.request.timeout.ms = 30000
	remote.log.index.file.cache.total.size.bytes = 1073741824
	remote.log.manager.copier.thread.pool.size = 10
	remote.log.manager.copy.max.bytes.per.second = 9223372036854775807
	remote.log.manager.copy.quota.window.num = 11
	remote.log.manager.copy.quota.window.size.seconds = 1
	remote.log.manager.expiration.thread.pool.size = 10
	remote.log.manager.fetch.max.bytes.per.second = 9223372036854775807
	remote.log.manager.fetch.quota.window.num = 11
	remote.log.manager.fetch.quota.window.size.seconds = 1
	remote.log.manager.task.interval.ms = 30000
	remote.log.manager.task.retry.backoff.max.ms = 30000
	remote.log.manager.task.retry.backoff.ms = 500
	remote.log.manager.task.retry.jitter = 0.2
	remote.log.manager.thread.pool.size = 2
	remote.log.metadata.custom.metadata.max.bytes = 128
	remote.log.metadata.manager.class.name = org.apache.kafka.server.log.remote.metadata.storage.TopicBasedRemoteLogMetadataManager
	remote.log.metadata.manager.class.path = null
	remote.log.metadata.manager.impl.prefix = rlmm.config.
	remote.log.metadata.manager.listener.name = null
	remote.log.reader.max.pending.tasks = 100
	remote.log.reader.threads = 10
	remote.log.storage.manager.class.name = null
	remote.log.storage.manager.class.path = null
	remote.log.storage.manager.impl.prefix = rsm.config.
	remote.log.storage.system.enable = false
	replica.fetch.backoff.ms = 1000
	replica.fetch.max.bytes = 1048576
	replica.fetch.min.bytes = 1
	replica.fetch.response.max.bytes = 10485760
	replica.fetch.wait.max.ms = 500
	replica.high.watermark.checkpoint.interval.ms = 5000
	replica.lag.time.max.ms = 30000
	replica.selector.class = null
	replica.socket.receive.buffer.bytes = 65536
	replica.socket.timeout.ms = 30000
	replication.quota.window.num = 11
	replication.quota.window.size.seconds = 1
	request.timeout.ms = 30000
	sasl.client.callback.handler.class = null
	sasl.enabled.mechanisms = [GSSAPI]
	sasl.jaas.config = null
	sasl.kerberos.kinit.cmd = /usr/bin/kinit
	sasl.kerberos.min.time.before.relogin = 60000
	sasl.kerberos.principal.to.local.rules = [DEFAULT]
	sasl.kerberos.service.name = null
	sasl.kerberos.ticket.renew.jitter = 0.05
	sasl.kerberos.ticket.renew.window.factor = 0.8
	sasl.login.callback.handler.class = null
	sasl.login.class = null
	sasl.login.connect.timeout.ms = null
	sasl.login.read.timeout.ms = null
	sasl.login.refresh.buffer.seconds = 300
	sasl.login.refresh.min.period.seconds = 60
	sasl.login.refresh.window.factor = 0.8
	sasl.login.refresh.window.jitter = 0.05
	sasl.login.retry.backoff.max.ms = 10000
	sasl.login.retry.backoff.ms = 100
	sasl.mechanism.controller.protocol = GSSAPI
	sasl.mechanism.inter.broker.protocol = GSSAPI
	sasl.oauthbearer.assertion.algorithm = RS256
	sasl.oauthbearer.assertion.claim.aud = null
	sasl.oauthbearer.assertion.claim.exp.seconds = 300
	sasl.oauthbearer.assertion.claim.iss = null
	sasl.oauthbearer.assertion.claim.jti.include = false
	sasl.oauthbearer.assertion.claim.nbf.seconds = 60
	sasl.oauthbearer.assertion.claim.sub = null
	sasl.oauthbearer.assertion.file = null
	sasl.oauthbearer.assertion.private.key.file = null
	sasl.oauthbearer.assertion.private.key.passphrase = null
	sasl.oauthbearer.assertion.template.file = null
	sasl.oauthbearer.client.credentials.client.id = null
	sasl.oauthbearer.client.credentials.client.secret = null
	sasl.oauthbearer.clock.skew.seconds = 30
	sasl.oauthbearer.expected.audience = null
	sasl.oauthbearer.expected.issuer = null
	sasl.oauthbearer.jwks.endpoint.refresh.ms = 3600000
	sasl.oauthbearer.jwks.endpoint.retry.backoff.max.ms = 10000
	sasl.oauthbearer.jwks.endpoint.retry.backoff.ms = 100
	sasl.oauthbearer.jwks.endpoint.url = null
	sasl.oauthbearer.jwt.retriever.class = class org.apache.kafka.common.security.oauthbearer.DefaultJwtRetriever
	sasl.oauthbearer.jwt.validator.class = class org.apache.kafka.common.security.oauthbearer.DefaultJwtValidator
	sasl.oauthbearer.scope = null
	sasl.oauthbearer.scope.claim.name = scope
	sasl.oauthbearer.sub.claim.name = sub
	sasl.oauthbearer.token.endpoint.url = null
	sasl.server.callback.handler.class = null
	sasl.server.max.receive.size = 524288
	security.inter.broker.protocol = PLAINTEXT
	security.providers = null
	server.max.startup.time.ms = 600000
	share.coordinator.append.linger.ms = 5
	share.coordinator.cold.partition.snapshot.interval.ms = 300000
	share.coordinator.load.buffer.size = 5242880
	share.coordinator.snapshot.update.records.per.snapshot = 500
	share.coordinator.state.topic.compression.codec = 0
	share.coordinator.state.topic.min.isr = 2
	share.coordinator.state.topic.num.partitions = 50
	share.coordinator.state.topic.prune.interval.ms = 300000
	share.coordinator.state.topic.replication.factor = 3
	share.coordinator.state.topic.segment.bytes = 104857600
	share.coordinator.threads = 1
	share.coordinator.write.timeout.ms = 5000
	share.fetch.purgatory.purge.interval.requests = 1000
	socket.connection.setup.timeout.max.ms = 30000
	socket.connection.setup.timeout.ms = 10000
	socket.listen.backlog.size = 50
	socket.receive.buffer.bytes = 102400
	socket.request.max.bytes = 104857600
	socket.send.buffer.bytes = 102400
	ssl.allow.dn.changes = false
	ssl.allow.san.changes = false
	ssl.cipher.suites = []
	ssl.client.auth = none
	ssl.enabled.protocols = [TLSv1.2, TLSv1.3]
	ssl.endpoint.identification.algorithm = https
	ssl.engine.factory.class = null
	ssl.key.password = null
	ssl.keymanager.algorithm = SunX509
	ssl.keystore.certificate.chain = null
	ssl.keystore.key = null
	ssl.keystore.location = null
	ssl.keystore.password = null
	ssl.keystore.type = JKS
	ssl.principal.mapping.rules = DEFAULT
	ssl.protocol = TLSv1.3
	ssl.provider = null
	ssl.secure.random.implementation = null
	ssl.trustmanager.algorithm = PKIX
	ssl.truststore.certificates = null
	ssl.truststore.location = null
	ssl.truststore.password = null
	ssl.truststore.type = JKS
	telemetry.max.bytes = 1048576
	transaction.abort.timed.out.transaction.cleanup.interval.ms = 10000
	transaction.max.timeout.ms = 900000
	transaction.partition.verification.enable = true
	transaction.remove.expired.transaction.cleanup.interval.ms = 3600000
	transaction.state.log.load.buffer.size = 5242880
	transaction.state.log.min.isr = 2
	transaction.state.log.num.partitions = 50
	transaction.state.log.replication.factor = 1
	transaction.state.log.segment.bytes = 104857600
	transaction.two.phase.commit.enable = false
	transactional.id.expiration.ms = 604800000
	unclean.leader.election.enable = false
	unclean.leader.election.interval.ms = 300000
	unstable.api.versions.enable = true
	unstable.feature.versions.enable = true

2026-02-11T14:48:25.667+01:00  INFO 8172 --- [channel-manager] k.server.NodeToControllerRequestThread   : [controller-0-to-controller-registration-channel-manager]: Recorded new KRaft controller, from now on will use node localhost:52859 (id: 0 rack: null isFenced: false)
2026-02-11T14:48:25.670+01:00  INFO 8172 --- [ster-test-kit-3] kafka.server.ControllerServer            : [ControllerServer id=0] Waiting for all of the authorizer futures to be completed
2026-02-11T14:48:25.670+01:00  INFO 8172 --- [ster-test-kit-3] kafka.server.ControllerServer            : [ControllerServer id=0] Finished waiting for all of the authorizer futures to be completed
2026-02-11T14:48:25.670+01:00  INFO 8172 --- [ster-test-kit-3] kafka.server.ControllerServer            : [ControllerServer id=0] Waiting for all of the SocketServer Acceptors to be started
2026-02-11T14:48:25.670+01:00  INFO 8172 --- [ster-test-kit-3] kafka.server.ControllerServer            : [ControllerServer id=0] Finished waiting for all of the SocketServer Acceptors to be started
2026-02-11T14:48:25.685+01:00  INFO 8172 --- [r-event-handler] o.a.kafka.image.loader.MetadataLoader    : [MetadataLoader id=0] InitializeNewPublishers: initializing DynamicClientQuotaPublisher controller id=0 with a snapshot at offset 9
2026-02-11T14:48:25.684+01:00  INFO 8172 --- [ent-processor-0] eadedEventProcessor$EventProcessorThread : [share-coordinator-event-processor-0]: Starting
2026-02-11T14:48:25.687+01:00  INFO 8172 --- [r-event-handler] o.a.kafka.image.loader.MetadataLoader    : [MetadataLoader id=0] InitializeNewPublishers: initializing DynamicTopicClusterQuotaPublisher controller id=0 with a snapshot at offset 9
2026-02-11T14:48:25.688+01:00  INFO 8172 --- [r-event-handler] o.a.kafka.image.loader.MetadataLoader    : [MetadataLoader id=0] InitializeNewPublishers: initializing ScramPublisher controller id=0 with a snapshot at offset 9
2026-02-11T14:48:25.689+01:00  INFO 8172 --- [r-event-handler] k.server.ControllerRegistrationManager   : [ControllerRegistrationManager id=0 incarnation=wzA54-pVRvKXTYdlrJ4jXA] sendControllerRegistration: attempting to send ControllerRegistrationRequestData(controllerId=0, incarnationId=wzA54-pVRvKXTYdlrJ4jXA, zkMigrationReady=false, listeners=[Listener(name='CONTROLLER', host='localhost', port=52859, securityProtocol=0)], features=[Feature(name='group.version', minSupportedVersion=0, maxSupportedVersion=1), Feature(name='kraft.version', minSupportedVersion=0, maxSupportedVersion=1), Feature(name='metadata.version', minSupportedVersion=7, maxSupportedVersion=29), Feature(name='share.version', minSupportedVersion=0, maxSupportedVersion=1), Feature(name='streams.version', minSupportedVersion=0, maxSupportedVersion=1), Feature(name='transaction.version', minSupportedVersion=0, maxSupportedVersion=2), Feature(name='eligible.leader.replicas.version', minSupportedVersion=0, maxSupportedVersion=1)])
2026-02-11T14:48:25.690+01:00  INFO 8172 --- [r-event-handler] o.a.kafka.image.loader.MetadataLoader    : [MetadataLoader id=0] InitializeNewPublishers: initializing DelegationTokenPublisher controller id=0 with a snapshot at offset 9
2026-02-11T14:48:25.694+01:00  INFO 8172 --- [r-event-handler] o.a.kafka.image.loader.MetadataLoader    : [MetadataLoader id=0] InitializeNewPublishers: initializing ControllerMetadataMetricsPublisher with a snapshot at offset 9
2026-02-11T14:48:25.695+01:00  INFO 8172 --- [r-event-handler] o.a.kafka.image.loader.MetadataLoader    : [MetadataLoader id=0] InitializeNewPublishers: initializing AclPublisher controller id=0 with a snapshot at offset 9
2026-02-11T14:48:25.701+01:00  INFO 8172 --- [-manager-reaper] o.a.k.s.u.t.SystemTimerReaper$Reaper     : [persister-state-manager-reaper]: Starting
2026-02-11T14:48:25.702+01:00  INFO 8172 --- [terStateManager] k.s.s.p.PersisterStateManager$SendThread : [PersisterStateManager]: Starting
2026-02-11T14:48:25.703+01:00  INFO 8172 --- [rdinator-reaper] o.a.k.s.u.t.SystemTimerReaper$Reaper     : [group-coordinator-reaper]: Starting
2026-02-11T14:48:25.730+01:00  INFO 8172 --- [ent-processor-1] eadedEventProcessor$EventProcessorThread : [group-coordinator-event-processor-1]: Starting
2026-02-11T14:48:25.730+01:00  INFO 8172 --- [ent-processor-0] eadedEventProcessor$EventProcessorThread : [group-coordinator-event-processor-0]: Starting
2026-02-11T14:48:25.731+01:00  INFO 8172 --- [ent-processor-2] eadedEventProcessor$EventProcessorThread : [group-coordinator-event-processor-2]: Starting
2026-02-11T14:48:25.731+01:00  INFO 8172 --- [ent-processor-3] eadedEventProcessor$EventProcessorThread : [group-coordinator-event-processor-3]: Starting
2026-02-11T14:48:25.771+01:00  INFO 8172 --- [ster-test-kit-4] kafka.log.LogManager                     : Unable to read the broker epoch in C:\Users\simra\AppData\Local\Temp\kafka-15345859903009469624\combined_0_0.
2026-02-11T14:48:25.772+01:00  INFO 8172 --- [channel-manager] k.server.NodeToControllerRequestThread   : [broker-0-to-controller-heartbeat-channel-manager]: Starting
2026-02-11T14:48:25.772+01:00  INFO 8172 --- [channel-manager] k.server.NodeToControllerRequestThread   : [broker-0-to-controller-heartbeat-channel-manager]: Recorded new KRaft controller, from now on will use node localhost:52859 (id: 0 rack: null isFenced: false)
2026-02-11T14:48:25.778+01:00  INFO 8172 --- [r-event-handler] kafka.server.BrokerLifecycleManager      : [BrokerLifecycleManager id=0] Incarnation nw05yipER6e-wQqYVmt_5Q of broker 0 in cluster _9d04X1lSNCbP6TRtK95jw is now STARTING.
2026-02-11T14:48:25.808+01:00  INFO 8172 --- [-timeout-reaper] o.a.k.s.u.t.SystemTimerReaper$Reaper     : [share-group-lock-timeout-reaper]: Starting
2026-02-11T14:48:25.821+01:00  INFO 8172 --- [0-event-handler] o.a.k.controller.ClusterControlManager   : [QuorumController id=0] Replayed RegisterControllerRecord containing ControllerRegistration(id=0, incarnationId=wzA54-pVRvKXTYdlrJ4jXA, zkMigrationReady=false, listeners=[Endpoint(listenerName='CONTROLLER', securityProtocol=PLAINTEXT, host='localhost', port=52859)], supportedFeatures={eligible.leader.replicas.version: 0-1, group.version: 0-1, kraft.version: 0-1, metadata.version: 7-29, share.version: 0-1, streams.version: 0-1, transaction.version: 0-2}).
2026-02-11T14:48:25.836+01:00  INFO 8172 --- [per-0-AlterAcls] perationPurgatory$ExpiredOperationReaper : [ExpirationReaper-0-AlterAcls]: Starting
2026-02-11T14:48:25.836+01:00  INFO 8172 --- [0-event-handler] o.a.k.controller.ClusterControlManager   : [QuorumController id=0] No previous registration found for broker 0. New incarnation ID is nw05yipER6e-wQqYVmt_5Q.  Generated 0 record(s) to clean up previous incarnations. New broker epoch is 11.
2026-02-11T14:48:25.850+01:00  INFO 8172 --- [0-event-handler] o.a.k.controller.ClusterControlManager   : [QuorumController id=0] Replayed initial RegisterBrokerRecord for broker 0: RegisterBrokerRecord(brokerId=0, isMigratingZkBroker=false, incarnationId=nw05yipER6e-wQqYVmt_5Q, brokerEpoch=11, endPoints=[BrokerEndpoint(name='EXTERNAL', host='localhost', port=52860, securityProtocol=0)], features=[BrokerFeature(name='group.version', minSupportedVersion=0, maxSupportedVersion=1), BrokerFeature(name='kraft.version', minSupportedVersion=0, maxSupportedVersion=1), BrokerFeature(name='metadata.version', minSupportedVersion=7, maxSupportedVersion=29), BrokerFeature(name='share.version', minSupportedVersion=0, maxSupportedVersion=1), BrokerFeature(name='streams.version', minSupportedVersion=0, maxSupportedVersion=1), BrokerFeature(name='transaction.version', minSupportedVersion=0, maxSupportedVersion=2), BrokerFeature(name='eligible.leader.replicas.version', minSupportedVersion=0, maxSupportedVersion=1)], rack=null, fenced=true, inControlledShutdown=false, logDirs=[wxcM4JWvR4rxK2-CEu4GmQ])
2026-02-11T14:48:25.859+01:00  INFO 8172 --- [r-event-handler] k.server.ControllerRegistrationManager   : [ControllerRegistrationManager id=0 incarnation=wzA54-pVRvKXTYdlrJ4jXA] Our registration has been persisted to the metadata log.
2026-02-11T14:48:25.860+01:00  INFO 8172 --- [channel-manager] k.server.ControllerRegistrationManager   : [ControllerRegistrationManager id=0 incarnation=wzA54-pVRvKXTYdlrJ4jXA] RegistrationResponseHandler: controller acknowledged ControllerRegistrationRequest.
2026-02-11T14:48:25.865+01:00  INFO 8172 --- [r-event-handler] kafka.server.BrokerLifecycleManager      : [BrokerLifecycleManager id=0] Successfully registered broker 0 with broker epoch 11
2026-02-11T14:48:25.886+01:00  INFO 8172 --- [ster-test-kit-4] kafka.server.BrokerServer                : [BrokerServer id=0] Waiting for the broker metadata publishers to be installed
2026-02-11T14:48:25.886+01:00  INFO 8172 --- [ster-test-kit-4] kafka.server.BrokerServer                : [BrokerServer id=0] Finished waiting for the broker metadata publishers to be installed
2026-02-11T14:48:25.886+01:00  INFO 8172 --- [r-event-handler] kafka.server.BrokerLifecycleManager      : [BrokerLifecycleManager id=0] The broker has caught up. Transitioning from STARTING to RECOVERY.
2026-02-11T14:48:25.886+01:00  INFO 8172 --- [ster-test-kit-4] kafka.server.BrokerServer                : [BrokerServer id=0] Waiting for the controller to acknowledge that we are caught up
2026-02-11T14:48:25.886+01:00  INFO 8172 --- [ster-test-kit-4] kafka.server.BrokerServer                : [BrokerServer id=0] Finished waiting for the controller to acknowledge that we are caught up
2026-02-11T14:48:25.886+01:00  INFO 8172 --- [ster-test-kit-4] kafka.server.BrokerServer                : [BrokerServer id=0] Waiting for the initial broker metadata update to be published
2026-02-11T14:48:25.887+01:00  INFO 8172 --- [r-event-handler] o.a.kafka.image.loader.MetadataLoader    : [MetadataLoader id=0] InitializeNewPublishers: initializing MetadataVersionPublisher(id=0) with a snapshot at offset 11
2026-02-11T14:48:25.887+01:00  INFO 8172 --- [r-event-handler] o.a.kafka.image.loader.MetadataLoader    : [MetadataLoader id=0] InitializeNewPublishers: initializing BrokerMetadataPublisher with a snapshot at offset 11
2026-02-11T14:48:25.890+01:00  INFO 8172 --- [r-event-handler] k.s.metadata.BrokerMetadataPublisher     : [BrokerMetadataPublisher id=0] Publishing initial metadata at offset OffsetAndEpoch[offset=11, epoch=1] with metadata.version Optional[4.2-IV1].
2026-02-11T14:48:25.892+01:00  INFO 8172 --- [r-event-handler] kafka.log.LogManager                     : Loading logs from log dirs ArrayBuffer(C:\Users\simra\AppData\Local\Temp\kafka-15345859903009469624\combined_0_0)
2026-02-11T14:48:25.903+01:00  INFO 8172 --- [r-event-handler] kafka.log.LogManager                     : No logs found to be loaded in C:\Users\simra\AppData\Local\Temp\kafka-15345859903009469624\combined_0_0
2026-02-11T14:48:25.903+01:00  INFO 8172 --- [r-event-handler] kafka.server.BrokerLifecycleManager      : [BrokerLifecycleManager id=0] The broker is in RECOVERY.
2026-02-11T14:48:25.920+01:00  INFO 8172 --- [r-event-handler] kafka.log.LogManager                     : Loaded 0 logs in 24ms
2026-02-11T14:48:25.921+01:00  INFO 8172 --- [r-event-handler] kafka.log.LogManager                     : Starting log cleanup with a period of 300000 ms.
2026-02-11T14:48:25.933+01:00  INFO 8172 --- [r-event-handler] kafka.log.LogManager                     : Starting log flusher with a default period of 9223372036854775807 ms.
2026-02-11T14:48:25.947+01:00  INFO 8172 --- [r-event-handler] o.a.k.storage.internals.log.LogCleaner   : Starting the log cleaner
2026-02-11T14:48:25.959+01:00  INFO 8172 --- [leaner-thread-0] o.a.k.s.i.log.LogCleaner$CleanerThread   : [kafka-log-cleaner-thread-0]: Starting
2026-02-11T14:48:25.966+01:00  INFO 8172 --- [rFailureHandler] k.s.ReplicaManager$LogDirFailureHandler  : [LogDirFailureHandler]: Starting
2026-02-11T14:48:25.966+01:00  INFO 8172 --- [nSenderThread-0] o.a.k.s.t.AddPartitionsToTxnManager      : [AddPartitionsToTxnSenderThread-0]: Starting
2026-02-11T14:48:25.972+01:00  INFO 8172 --- [r-event-handler] o.a.k.c.group.GroupCoordinatorService    : [GroupCoordinator id=0] Starting up.
2026-02-11T14:48:25.976+01:00  INFO 8172 --- [r-event-handler] o.a.k.c.group.GroupCoordinatorService    : [GroupCoordinator id=0] Startup complete.
2026-02-11T14:48:25.978+01:00  INFO 8172 --- [r-event-handler] k.c.transaction.TransactionCoordinator   : [TransactionCoordinator id=0] Starting up.
2026-02-11T14:48:25.979+01:00  INFO 8172 --- [r-event-handler] k.c.transaction.TransactionCoordinator   : [TransactionCoordinator id=0] Startup complete.
2026-02-11T14:48:25.980+01:00  INFO 8172 --- [r-event-handler] o.a.k.c.share.ShareCoordinatorService    : [ShareCoordinator id=0] Starting up.
2026-02-11T14:48:25.980+01:00  INFO 8172 --- [r-event-handler] o.a.k.c.share.ShareCoordinatorService    : [ShareCoordinator id=0] Startup complete.
2026-02-11T14:48:25.983+01:00  INFO 8172 --- [rSenderThread-0] k.c.t.TransactionMarkerChannelManager    : [TxnMarkerSenderThread-0]: Starting
2026-02-11T14:48:25.994+01:00  INFO 8172 --- [r-event-handler] k.s.metadata.DynamicConfigPublisher      : [DynamicConfigPublisher broker id=0] Updating cluster configuration : min.insync.replicas -> 1
2026-02-11T14:48:25.997+01:00  INFO 8172 --- [r-event-handler] o.a.kafka.common.config.AbstractConfig   : KafkaConfig values: 
	add.partitions.to.txn.retry.backoff.max.ms = 100
	add.partitions.to.txn.retry.backoff.ms = 20
	advertised.listeners = null
	alter.config.policy.class.name = null
	alter.log.dirs.replication.quota.window.num = 11
	alter.log.dirs.replication.quota.window.size.seconds = 1
	authorizer.class.name = 
	auto.create.topics.enable = true
	auto.leader.rebalance.enable = true
	background.threads = 10
	broker.heartbeat.interval.ms = 2000
	broker.id = 0
	broker.rack = null
	broker.session.timeout.ms = 9000
	client.quota.callback.class = null
	compression.gzip.level = -1
	compression.lz4.level = 9
	compression.type = producer
	compression.zstd.level = 3
	connection.failed.authentication.delay.ms = 100
	connections.max.idle.ms = 600000
	connections.max.reauth.ms = 0
	controlled.shutdown.enable = true
	controller.listener.names = CONTROLLER
	controller.performance.always.log.threshold.ms = 2000
	controller.performance.sample.period.ms = 60000
	controller.quorum.append.linger.ms = 25
	controller.quorum.bootstrap.servers = []
	controller.quorum.election.backoff.max.ms = 1000
	controller.quorum.election.timeout.ms = 1000
	controller.quorum.fetch.timeout.ms = 2000
	controller.quorum.request.timeout.ms = 2000
	controller.quorum.retry.backoff.ms = 20
	controller.quorum.voters = [0@localhost:52859]
	controller.quota.window.num = 11
	controller.quota.window.size.seconds = 1
	controller.socket.timeout.ms = 30000
	create.topic.policy.class.name = null
	default.replication.factor = 1
	delegation.token.expiry.check.interval.ms = 3600000
	delegation.token.expiry.time.ms = 86400000
	delegation.token.max.lifetime.ms = 604800000
	delegation.token.secret.key = null
	delete.records.purgatory.purge.interval.requests = 1
	delete.topic.enable = true
	early.start.listeners = null
	fetch.max.bytes = 57671680
	fetch.purgatory.purge.interval.requests = 1000
	group.consumer.assignors = [uniform, range]
	group.consumer.heartbeat.interval.ms = 5000
	group.consumer.max.heartbeat.interval.ms = 15000
	group.consumer.max.session.timeout.ms = 60000
	group.consumer.max.size = 2147483647
	group.consumer.migration.policy = bidirectional
	group.consumer.min.heartbeat.interval.ms = 5000
	group.consumer.min.session.timeout.ms = 45000
	group.consumer.regex.refresh.interval.ms = 600000
	group.consumer.session.timeout.ms = 45000
	group.coordinator.append.linger.ms = 5
	group.coordinator.rebalance.protocols = [classic, consumer, streams]
	group.coordinator.threads = 4
	group.initial.rebalance.delay.ms = 0
	group.max.session.timeout.ms = 1800000
	group.max.size = 2147483647
	group.min.session.timeout.ms = 6000
	group.share.assignors = [simple]
	group.share.delivery.count.limit = 5
	group.share.enable = false
	group.share.heartbeat.interval.ms = 5000
	group.share.max.heartbeat.interval.ms = 15000
	group.share.max.record.lock.duration.ms = 60000
	group.share.max.session.timeout.ms = 60000
	group.share.max.share.sessions = 2000
	group.share.max.size = 200
	group.share.min.heartbeat.interval.ms = 5000
	group.share.min.record.lock.duration.ms = 15000
	group.share.min.session.timeout.ms = 45000
	group.share.partition.max.record.locks = 2000
	group.share.persister.class.name = org.apache.kafka.server.share.persister.DefaultStatePersister
	group.share.record.lock.duration.ms = 30000
	group.share.session.timeout.ms = 45000
	group.streams.heartbeat.interval.ms = 5000
	group.streams.max.heartbeat.interval.ms = 15000
	group.streams.max.session.timeout.ms = 60000
	group.streams.max.size = 2147483647
	group.streams.max.standby.replicas = 2
	group.streams.min.heartbeat.interval.ms = 5000
	group.streams.min.session.timeout.ms = 45000
	group.streams.num.standby.replicas = 0
	group.streams.session.timeout.ms = 45000
	initial.broker.registration.timeout.ms = 60000
	inter.broker.listener.name = EXTERNAL
	internal.metadata.delete.delay.millis = 60000
	internal.metadata.log.segment.bytes = null
	internal.metadata.max.batch.size.in.bytes = 8388608
	internal.metadata.max.fetch.size.in.bytes = 8388608
	kafka.metrics.polling.interval.secs = 10
	kafka.metrics.reporters = []
	leader.imbalance.check.interval.seconds = 300
	listener.security.protocol.map = EXTERNAL:PLAINTEXT,CONTROLLER:PLAINTEXT
	listeners = EXTERNAL://localhost:0,CONTROLLER://localhost:0
	log.cleaner.backoff.ms = 15000
	log.cleaner.dedupe.buffer.size = 2097152
	log.cleaner.delete.retention.ms = 86400000
	log.cleaner.enable = true
	log.cleaner.io.buffer.load.factor = 0.9
	log.cleaner.io.buffer.size = 524288
	log.cleaner.io.max.bytes.per.second = 1.7976931348623157E308
	log.cleaner.max.compaction.lag.ms = 9223372036854775807
	log.cleaner.min.cleanable.ratio = 0.5
	log.cleaner.min.compaction.lag.ms = 0
	log.cleaner.threads = 1
	log.cleanup.policy = [delete]
	log.dir = /tmp/kafka-logs
	log.dir.failure.timeout.ms = 30000
	log.dirs = C:\Users\simra\AppData\Local\Temp\kafka-15345859903009469624\combined_0_0
	log.flush.interval.messages = 9223372036854775807
	log.flush.interval.ms = null
	log.flush.offset.checkpoint.interval.ms = 60000
	log.flush.scheduler.interval.ms = 9223372036854775807
	log.flush.start.offset.checkpoint.interval.ms = 60000
	log.index.interval.bytes = 4096
	log.index.size.max.bytes = 10485760
	log.initial.task.delay.ms = 30000
	log.local.retention.bytes = -2
	log.local.retention.ms = -2
	log.message.timestamp.after.max.ms = 3600000
	log.message.timestamp.before.max.ms = 9223372036854775807
	log.message.timestamp.type = CreateTime
	log.preallocate = false
	log.retention.bytes = -1
	log.retention.check.interval.ms = 300000
	log.retention.hours = 168
	log.retention.minutes = null
	log.retention.ms = null
	log.roll.hours = 168
	log.roll.jitter.hours = 0
	log.roll.jitter.ms = null
	log.roll.ms = null
	log.segment.bytes = 1073741824
	log.segment.delete.delay.ms = 60000
	max.connection.creation.rate = 2147483647
	max.connections = 2147483647
	max.connections.per.ip = 2147483647
	max.connections.per.ip.overrides = 
	max.incremental.fetch.session.cache.slots = 1000
	max.request.partition.size.limit = 2000
	message.max.bytes = 1048588
	metadata.log.dir = C:\Users\simra\AppData\Local\Temp\kafka-15345859903009469624\combined_0_0
	metadata.log.max.record.bytes.between.snapshots = 20971520
	metadata.log.max.snapshot.interval.ms = 3600000
	metadata.log.segment.bytes = 1073741824
	metadata.log.segment.ms = 604800000
	metadata.max.idle.interval.ms = 500
	metadata.max.retention.bytes = 104857600
	metadata.max.retention.ms = 604800000
	metric.reporters = [org.apache.kafka.common.metrics.JmxReporter]
	metrics.num.samples = 2
	metrics.recording.level = INFO
	metrics.sample.window.ms = 30000
	min.insync.replicas = 1
	node.id = 0
	num.io.threads = 8
	num.network.threads = 3
	num.partitions = 1
	num.recovery.threads.per.data.dir = 2
	num.replica.alter.log.dirs.threads = null
	num.replica.fetchers = 1
	offset.metadata.max.bytes = 4096
	offsets.commit.timeout.ms = 5000
	offsets.load.buffer.size = 5242880
	offsets.retention.check.interval.ms = 600000
	offsets.retention.minutes = 10080
	offsets.topic.compression.codec = 0
	offsets.topic.num.partitions = 50
	offsets.topic.replication.factor = 1
	offsets.topic.segment.bytes = 104857600
	principal.builder.class = class org.apache.kafka.common.security.authenticator.DefaultKafkaPrincipalBuilder
	process.roles = [broker, controller]
	producer.id.expiration.check.interval.ms = 600000
	producer.id.expiration.ms = 86400000
	producer.purgatory.purge.interval.requests = 1000
	queued.max.request.bytes = -1
	queued.max.requests = 500
	quota.window.num = 11
	quota.window.size.seconds = 1
	remote.fetch.max.wait.ms = 500
	remote.list.offsets.request.timeout.ms = 30000
	remote.log.index.file.cache.total.size.bytes = 1073741824
	remote.log.manager.copier.thread.pool.size = 10
	remote.log.manager.copy.max.bytes.per.second = 9223372036854775807
	remote.log.manager.copy.quota.window.num = 11
	remote.log.manager.copy.quota.window.size.seconds = 1
	remote.log.manager.expiration.thread.pool.size = 10
	remote.log.manager.fetch.max.bytes.per.second = 9223372036854775807
	remote.log.manager.fetch.quota.window.num = 11
	remote.log.manager.fetch.quota.window.size.seconds = 1
	remote.log.manager.task.interval.ms = 30000
	remote.log.manager.task.retry.backoff.max.ms = 30000
	remote.log.manager.task.retry.backoff.ms = 500
	remote.log.manager.task.retry.jitter = 0.2
	remote.log.manager.thread.pool.size = 2
	remote.log.metadata.custom.metadata.max.bytes = 128
	remote.log.metadata.manager.class.name = org.apache.kafka.server.log.remote.metadata.storage.TopicBasedRemoteLogMetadataManager
	remote.log.metadata.manager.class.path = null
	remote.log.metadata.manager.impl.prefix = rlmm.config.
	remote.log.metadata.manager.listener.name = null
	remote.log.reader.max.pending.tasks = 100
	remote.log.reader.threads = 10
	remote.log.storage.manager.class.name = null
	remote.log.storage.manager.class.path = null
	remote.log.storage.manager.impl.prefix = rsm.config.
	remote.log.storage.system.enable = false
	replica.fetch.backoff.ms = 1000
	replica.fetch.max.bytes = 1048576
	replica.fetch.min.bytes = 1
	replica.fetch.response.max.bytes = 10485760
	replica.fetch.wait.max.ms = 500
	replica.high.watermark.checkpoint.interval.ms = 5000
	replica.lag.time.max.ms = 30000
	replica.selector.class = null
	replica.socket.receive.buffer.bytes = 65536
	replica.socket.timeout.ms = 30000
	replication.quota.window.num = 11
	replication.quota.window.size.seconds = 1
	request.timeout.ms = 30000
	sasl.client.callback.handler.class = null
	sasl.enabled.mechanisms = [GSSAPI]
	sasl.jaas.config = null
	sasl.kerberos.kinit.cmd = /usr/bin/kinit
	sasl.kerberos.min.time.before.relogin = 60000
	sasl.kerberos.principal.to.local.rules = [DEFAULT]
	sasl.kerberos.service.name = null
	sasl.kerberos.ticket.renew.jitter = 0.05
	sasl.kerberos.ticket.renew.window.factor = 0.8
	sasl.login.callback.handler.class = null
	sasl.login.class = null
	sasl.login.connect.timeout.ms = null
	sasl.login.read.timeout.ms = null
	sasl.login.refresh.buffer.seconds = 300
	sasl.login.refresh.min.period.seconds = 60
	sasl.login.refresh.window.factor = 0.8
	sasl.login.refresh.window.jitter = 0.05
	sasl.login.retry.backoff.max.ms = 10000
	sasl.login.retry.backoff.ms = 100
	sasl.mechanism.controller.protocol = GSSAPI
	sasl.mechanism.inter.broker.protocol = GSSAPI
	sasl.oauthbearer.assertion.algorithm = RS256
	sasl.oauthbearer.assertion.claim.aud = null
	sasl.oauthbearer.assertion.claim.exp.seconds = 300
	sasl.oauthbearer.assertion.claim.iss = null
	sasl.oauthbearer.assertion.claim.jti.include = false
	sasl.oauthbearer.assertion.claim.nbf.seconds = 60
	sasl.oauthbearer.assertion.claim.sub = null
	sasl.oauthbearer.assertion.file = null
	sasl.oauthbearer.assertion.private.key.file = null
	sasl.oauthbearer.assertion.private.key.passphrase = null
	sasl.oauthbearer.assertion.template.file = null
	sasl.oauthbearer.client.credentials.client.id = null
	sasl.oauthbearer.client.credentials.client.secret = null
	sasl.oauthbearer.clock.skew.seconds = 30
	sasl.oauthbearer.expected.audience = null
	sasl.oauthbearer.expected.issuer = null
	sasl.oauthbearer.jwks.endpoint.refresh.ms = 3600000
	sasl.oauthbearer.jwks.endpoint.retry.backoff.max.ms = 10000
	sasl.oauthbearer.jwks.endpoint.retry.backoff.ms = 100
	sasl.oauthbearer.jwks.endpoint.url = null
	sasl.oauthbearer.jwt.retriever.class = class org.apache.kafka.common.security.oauthbearer.DefaultJwtRetriever
	sasl.oauthbearer.jwt.validator.class = class org.apache.kafka.common.security.oauthbearer.DefaultJwtValidator
	sasl.oauthbearer.scope = null
	sasl.oauthbearer.scope.claim.name = scope
	sasl.oauthbearer.sub.claim.name = sub
	sasl.oauthbearer.token.endpoint.url = null
	sasl.server.callback.handler.class = null
	sasl.server.max.receive.size = 524288
	security.inter.broker.protocol = PLAINTEXT
	security.providers = null
	server.max.startup.time.ms = 600000
	share.coordinator.append.linger.ms = 5
	share.coordinator.cold.partition.snapshot.interval.ms = 300000
	share.coordinator.load.buffer.size = 5242880
	share.coordinator.snapshot.update.records.per.snapshot = 500
	share.coordinator.state.topic.compression.codec = 0
	share.coordinator.state.topic.min.isr = 2
	share.coordinator.state.topic.num.partitions = 50
	share.coordinator.state.topic.prune.interval.ms = 300000
	share.coordinator.state.topic.replication.factor = 3
	share.coordinator.state.topic.segment.bytes = 104857600
	share.coordinator.threads = 1
	share.coordinator.write.timeout.ms = 5000
	share.fetch.purgatory.purge.interval.requests = 1000
	socket.connection.setup.timeout.max.ms = 30000
	socket.connection.setup.timeout.ms = 10000
	socket.listen.backlog.size = 50
	socket.receive.buffer.bytes = 102400
	socket.request.max.bytes = 104857600
	socket.send.buffer.bytes = 102400
	ssl.allow.dn.changes = false
	ssl.allow.san.changes = false
	ssl.cipher.suites = []
	ssl.client.auth = none
	ssl.enabled.protocols = [TLSv1.2, TLSv1.3]
	ssl.endpoint.identification.algorithm = https
	ssl.engine.factory.class = null
	ssl.key.password = null
	ssl.keymanager.algorithm = SunX509
	ssl.keystore.certificate.chain = null
	ssl.keystore.key = null
	ssl.keystore.location = null
	ssl.keystore.password = null
	ssl.keystore.type = JKS
	ssl.principal.mapping.rules = DEFAULT
	ssl.protocol = TLSv1.3
	ssl.provider = null
	ssl.secure.random.implementation = null
	ssl.trustmanager.algorithm = PKIX
	ssl.truststore.certificates = null
	ssl.truststore.location = null
	ssl.truststore.password = null
	ssl.truststore.type = JKS
	telemetry.max.bytes = 1048576
	transaction.abort.timed.out.transaction.cleanup.interval.ms = 10000
	transaction.max.timeout.ms = 900000
	transaction.partition.verification.enable = true
	transaction.remove.expired.transaction.cleanup.interval.ms = 3600000
	transaction.state.log.load.buffer.size = 5242880
	transaction.state.log.min.isr = 2
	transaction.state.log.num.partitions = 50
	transaction.state.log.replication.factor = 1
	transaction.state.log.segment.bytes = 104857600
	transaction.two.phase.commit.enable = false
	transactional.id.expiration.ms = 604800000
	unclean.leader.election.enable = false
	unclean.leader.election.interval.ms = 300000
	unstable.api.versions.enable = true
	unstable.feature.versions.enable = true

2026-02-11T14:48:26.014+01:00  INFO 8172 --- [r-event-handler] k.s.metadata.BrokerMetadataPublisher     : [BrokerMetadataPublisher id=0] Feature share.version has been updated to version 1
2026-02-11T14:48:26.014+01:00  INFO 8172 --- [r-event-handler] o.a.kafka.image.loader.MetadataLoader    : [MetadataLoader id=0] InitializeNewPublishers: initializing BrokerRegistrationTracker(id=0) with a snapshot at offset 11
2026-02-11T14:48:26.014+01:00  INFO 8172 --- [ster-test-kit-4] kafka.server.BrokerServer                : [BrokerServer id=0] Finished waiting for the initial broker metadata update to be published
2026-02-11T14:48:26.015+01:00  INFO 8172 --- [ster-test-kit-4] o.a.kafka.common.config.AbstractConfig   : KafkaConfig values: 
	add.partitions.to.txn.retry.backoff.max.ms = 100
	add.partitions.to.txn.retry.backoff.ms = 20
	advertised.listeners = null
	alter.config.policy.class.name = null
	alter.log.dirs.replication.quota.window.num = 11
	alter.log.dirs.replication.quota.window.size.seconds = 1
	authorizer.class.name = 
	auto.create.topics.enable = true
	auto.leader.rebalance.enable = true
	background.threads = 10
	broker.heartbeat.interval.ms = 2000
	broker.id = 0
	broker.rack = null
	broker.session.timeout.ms = 9000
	client.quota.callback.class = null
	compression.gzip.level = -1
	compression.lz4.level = 9
	compression.type = producer
	compression.zstd.level = 3
	connection.failed.authentication.delay.ms = 100
	connections.max.idle.ms = 600000
	connections.max.reauth.ms = 0
	controlled.shutdown.enable = true
	controller.listener.names = CONTROLLER
	controller.performance.always.log.threshold.ms = 2000
	controller.performance.sample.period.ms = 60000
	controller.quorum.append.linger.ms = 25
	controller.quorum.bootstrap.servers = []
	controller.quorum.election.backoff.max.ms = 1000
	controller.quorum.election.timeout.ms = 1000
	controller.quorum.fetch.timeout.ms = 2000
	controller.quorum.request.timeout.ms = 2000
	controller.quorum.retry.backoff.ms = 20
	controller.quorum.voters = [0@localhost:52859]
	controller.quota.window.num = 11
	controller.quota.window.size.seconds = 1
	controller.socket.timeout.ms = 30000
	create.topic.policy.class.name = null
	default.replication.factor = 1
	delegation.token.expiry.check.interval.ms = 3600000
	delegation.token.expiry.time.ms = 86400000
	delegation.token.max.lifetime.ms = 604800000
	delegation.token.secret.key = null
	delete.records.purgatory.purge.interval.requests = 1
	delete.topic.enable = true
	early.start.listeners = null
	fetch.max.bytes = 57671680
	fetch.purgatory.purge.interval.requests = 1000
	group.consumer.assignors = [uniform, range]
	group.consumer.heartbeat.interval.ms = 5000
	group.consumer.max.heartbeat.interval.ms = 15000
	group.consumer.max.session.timeout.ms = 60000
	group.consumer.max.size = 2147483647
	group.consumer.migration.policy = bidirectional
	group.consumer.min.heartbeat.interval.ms = 5000
	group.consumer.min.session.timeout.ms = 45000
	group.consumer.regex.refresh.interval.ms = 600000
	group.consumer.session.timeout.ms = 45000
	group.coordinator.append.linger.ms = 5
	group.coordinator.rebalance.protocols = [classic, consumer, streams]
	group.coordinator.threads = 4
	group.initial.rebalance.delay.ms = 0
	group.max.session.timeout.ms = 1800000
	group.max.size = 2147483647
	group.min.session.timeout.ms = 6000
	group.share.assignors = [simple]
	group.share.delivery.count.limit = 5
	group.share.enable = false
	group.share.heartbeat.interval.ms = 5000
	group.share.max.heartbeat.interval.ms = 15000
	group.share.max.record.lock.duration.ms = 60000
	group.share.max.session.timeout.ms = 60000
	group.share.max.share.sessions = 2000
	group.share.max.size = 200
	group.share.min.heartbeat.interval.ms = 5000
	group.share.min.record.lock.duration.ms = 15000
	group.share.min.session.timeout.ms = 45000
	group.share.partition.max.record.locks = 2000
	group.share.persister.class.name = org.apache.kafka.server.share.persister.DefaultStatePersister
	group.share.record.lock.duration.ms = 30000
	group.share.session.timeout.ms = 45000
	group.streams.heartbeat.interval.ms = 5000
	group.streams.max.heartbeat.interval.ms = 15000
	group.streams.max.session.timeout.ms = 60000
	group.streams.max.size = 2147483647
	group.streams.max.standby.replicas = 2
	group.streams.min.heartbeat.interval.ms = 5000
	group.streams.min.session.timeout.ms = 45000
	group.streams.num.standby.replicas = 0
	group.streams.session.timeout.ms = 45000
	initial.broker.registration.timeout.ms = 60000
	inter.broker.listener.name = EXTERNAL
	internal.metadata.delete.delay.millis = 60000
	internal.metadata.log.segment.bytes = null
	internal.metadata.max.batch.size.in.bytes = 8388608
	internal.metadata.max.fetch.size.in.bytes = 8388608
	kafka.metrics.polling.interval.secs = 10
	kafka.metrics.reporters = []
	leader.imbalance.check.interval.seconds = 300
	listener.security.protocol.map = EXTERNAL:PLAINTEXT,CONTROLLER:PLAINTEXT
	listeners = EXTERNAL://localhost:0,CONTROLLER://localhost:0
	log.cleaner.backoff.ms = 15000
	log.cleaner.dedupe.buffer.size = 2097152
	log.cleaner.delete.retention.ms = 86400000
	log.cleaner.enable = true
	log.cleaner.io.buffer.load.factor = 0.9
	log.cleaner.io.buffer.size = 524288
	log.cleaner.io.max.bytes.per.second = 1.7976931348623157E308
	log.cleaner.max.compaction.lag.ms = 9223372036854775807
	log.cleaner.min.cleanable.ratio = 0.5
	log.cleaner.min.compaction.lag.ms = 0
	log.cleaner.threads = 1
	log.cleanup.policy = [delete]
	log.dir = /tmp/kafka-logs
	log.dir.failure.timeout.ms = 30000
	log.dirs = C:\Users\simra\AppData\Local\Temp\kafka-15345859903009469624\combined_0_0
	log.flush.interval.messages = 9223372036854775807
	log.flush.interval.ms = null
	log.flush.offset.checkpoint.interval.ms = 60000
	log.flush.scheduler.interval.ms = 9223372036854775807
	log.flush.start.offset.checkpoint.interval.ms = 60000
	log.index.interval.bytes = 4096
	log.index.size.max.bytes = 10485760
	log.initial.task.delay.ms = 30000
	log.local.retention.bytes = -2
	log.local.retention.ms = -2
	log.message.timestamp.after.max.ms = 3600000
	log.message.timestamp.before.max.ms = 9223372036854775807
	log.message.timestamp.type = CreateTime
	log.preallocate = false
	log.retention.bytes = -1
	log.retention.check.interval.ms = 300000
	log.retention.hours = 168
	log.retention.minutes = null
	log.retention.ms = null
	log.roll.hours = 168
	log.roll.jitter.hours = 0
	log.roll.jitter.ms = null
	log.roll.ms = null
	log.segment.bytes = 1073741824
	log.segment.delete.delay.ms = 60000
	max.connection.creation.rate = 2147483647
	max.connections = 2147483647
	max.connections.per.ip = 2147483647
	max.connections.per.ip.overrides = 
	max.incremental.fetch.session.cache.slots = 1000
	max.request.partition.size.limit = 2000
	message.max.bytes = 1048588
	metadata.log.dir = C:\Users\simra\AppData\Local\Temp\kafka-15345859903009469624\combined_0_0
	metadata.log.max.record.bytes.between.snapshots = 20971520
	metadata.log.max.snapshot.interval.ms = 3600000
	metadata.log.segment.bytes = 1073741824
	metadata.log.segment.ms = 604800000
	metadata.max.idle.interval.ms = 500
	metadata.max.retention.bytes = 104857600
	metadata.max.retention.ms = 604800000
	metric.reporters = [org.apache.kafka.common.metrics.JmxReporter]
	metrics.num.samples = 2
	metrics.recording.level = INFO
	metrics.sample.window.ms = 30000
	min.insync.replicas = 1
	node.id = 0
	num.io.threads = 8
	num.network.threads = 3
	num.partitions = 1
	num.recovery.threads.per.data.dir = 2
	num.replica.alter.log.dirs.threads = null
	num.replica.fetchers = 1
	offset.metadata.max.bytes = 4096
	offsets.commit.timeout.ms = 5000
	offsets.load.buffer.size = 5242880
	offsets.retention.check.interval.ms = 600000
	offsets.retention.minutes = 10080
	offsets.topic.compression.codec = 0
	offsets.topic.num.partitions = 50
	offsets.topic.replication.factor = 1
	offsets.topic.segment.bytes = 104857600
	principal.builder.class = class org.apache.kafka.common.security.authenticator.DefaultKafkaPrincipalBuilder
	process.roles = [broker, controller]
	producer.id.expiration.check.interval.ms = 600000
	producer.id.expiration.ms = 86400000
	producer.purgatory.purge.interval.requests = 1000
	queued.max.request.bytes = -1
	queued.max.requests = 500
	quota.window.num = 11
	quota.window.size.seconds = 1
	remote.fetch.max.wait.ms = 500
	remote.list.offsets.request.timeout.ms = 30000
	remote.log.index.file.cache.total.size.bytes = 1073741824
	remote.log.manager.copier.thread.pool.size = 10
	remote.log.manager.copy.max.bytes.per.second = 9223372036854775807
	remote.log.manager.copy.quota.window.num = 11
	remote.log.manager.copy.quota.window.size.seconds = 1
	remote.log.manager.expiration.thread.pool.size = 10
	remote.log.manager.fetch.max.bytes.per.second = 9223372036854775807
	remote.log.manager.fetch.quota.window.num = 11
	remote.log.manager.fetch.quota.window.size.seconds = 1
	remote.log.manager.task.interval.ms = 30000
	remote.log.manager.task.retry.backoff.max.ms = 30000
	remote.log.manager.task.retry.backoff.ms = 500
	remote.log.manager.task.retry.jitter = 0.2
	remote.log.manager.thread.pool.size = 2
	remote.log.metadata.custom.metadata.max.bytes = 128
	remote.log.metadata.manager.class.name = org.apache.kafka.server.log.remote.metadata.storage.TopicBasedRemoteLogMetadataManager
	remote.log.metadata.manager.class.path = null
	remote.log.metadata.manager.impl.prefix = rlmm.config.
	remote.log.metadata.manager.listener.name = null
	remote.log.reader.max.pending.tasks = 100
	remote.log.reader.threads = 10
	remote.log.storage.manager.class.name = null
	remote.log.storage.manager.class.path = null
	remote.log.storage.manager.impl.prefix = rsm.config.
	remote.log.storage.system.enable = false
	replica.fetch.backoff.ms = 1000
	replica.fetch.max.bytes = 1048576
	replica.fetch.min.bytes = 1
	replica.fetch.response.max.bytes = 10485760
	replica.fetch.wait.max.ms = 500
	replica.high.watermark.checkpoint.interval.ms = 5000
	replica.lag.time.max.ms = 30000
	replica.selector.class = null
	replica.socket.receive.buffer.bytes = 65536
	replica.socket.timeout.ms = 30000
	replication.quota.window.num = 11
	replication.quota.window.size.seconds = 1
	request.timeout.ms = 30000
	sasl.client.callback.handler.class = null
	sasl.enabled.mechanisms = [GSSAPI]
	sasl.jaas.config = null
	sasl.kerberos.kinit.cmd = /usr/bin/kinit
	sasl.kerberos.min.time.before.relogin = 60000
	sasl.kerberos.principal.to.local.rules = [DEFAULT]
	sasl.kerberos.service.name = null
	sasl.kerberos.ticket.renew.jitter = 0.05
	sasl.kerberos.ticket.renew.window.factor = 0.8
	sasl.login.callback.handler.class = null
	sasl.login.class = null
	sasl.login.connect.timeout.ms = null
	sasl.login.read.timeout.ms = null
	sasl.login.refresh.buffer.seconds = 300
	sasl.login.refresh.min.period.seconds = 60
	sasl.login.refresh.window.factor = 0.8
	sasl.login.refresh.window.jitter = 0.05
	sasl.login.retry.backoff.max.ms = 10000
	sasl.login.retry.backoff.ms = 100
	sasl.mechanism.controller.protocol = GSSAPI
	sasl.mechanism.inter.broker.protocol = GSSAPI
	sasl.oauthbearer.assertion.algorithm = RS256
	sasl.oauthbearer.assertion.claim.aud = null
	sasl.oauthbearer.assertion.claim.exp.seconds = 300
	sasl.oauthbearer.assertion.claim.iss = null
	sasl.oauthbearer.assertion.claim.jti.include = false
	sasl.oauthbearer.assertion.claim.nbf.seconds = 60
	sasl.oauthbearer.assertion.claim.sub = null
	sasl.oauthbearer.assertion.file = null
	sasl.oauthbearer.assertion.private.key.file = null
	sasl.oauthbearer.assertion.private.key.passphrase = null
	sasl.oauthbearer.assertion.template.file = null
	sasl.oauthbearer.client.credentials.client.id = null
	sasl.oauthbearer.client.credentials.client.secret = null
	sasl.oauthbearer.clock.skew.seconds = 30
	sasl.oauthbearer.expected.audience = null
	sasl.oauthbearer.expected.issuer = null
	sasl.oauthbearer.jwks.endpoint.refresh.ms = 3600000
	sasl.oauthbearer.jwks.endpoint.retry.backoff.max.ms = 10000
	sasl.oauthbearer.jwks.endpoint.retry.backoff.ms = 100
	sasl.oauthbearer.jwks.endpoint.url = null
	sasl.oauthbearer.jwt.retriever.class = class org.apache.kafka.common.security.oauthbearer.DefaultJwtRetriever
	sasl.oauthbearer.jwt.validator.class = class org.apache.kafka.common.security.oauthbearer.DefaultJwtValidator
	sasl.oauthbearer.scope = null
	sasl.oauthbearer.scope.claim.name = scope
	sasl.oauthbearer.sub.claim.name = sub
	sasl.oauthbearer.token.endpoint.url = null
	sasl.server.callback.handler.class = null
	sasl.server.max.receive.size = 524288
	security.inter.broker.protocol = PLAINTEXT
	security.providers = null
	server.max.startup.time.ms = 600000
	share.coordinator.append.linger.ms = 5
	share.coordinator.cold.partition.snapshot.interval.ms = 300000
	share.coordinator.load.buffer.size = 5242880
	share.coordinator.snapshot.update.records.per.snapshot = 500
	share.coordinator.state.topic.compression.codec = 0
	share.coordinator.state.topic.min.isr = 2
	share.coordinator.state.topic.num.partitions = 50
	share.coordinator.state.topic.prune.interval.ms = 300000
	share.coordinator.state.topic.replication.factor = 3
	share.coordinator.state.topic.segment.bytes = 104857600
	share.coordinator.threads = 1
	share.coordinator.write.timeout.ms = 5000
	share.fetch.purgatory.purge.interval.requests = 1000
	socket.connection.setup.timeout.max.ms = 30000
	socket.connection.setup.timeout.ms = 10000
	socket.listen.backlog.size = 50
	socket.receive.buffer.bytes = 102400
	socket.request.max.bytes = 104857600
	socket.send.buffer.bytes = 102400
	ssl.allow.dn.changes = false
	ssl.allow.san.changes = false
	ssl.cipher.suites = []
	ssl.client.auth = none
	ssl.enabled.protocols = [TLSv1.2, TLSv1.3]
	ssl.endpoint.identification.algorithm = https
	ssl.engine.factory.class = null
	ssl.key.password = null
	ssl.keymanager.algorithm = SunX509
	ssl.keystore.certificate.chain = null
	ssl.keystore.key = null
	ssl.keystore.location = null
	ssl.keystore.password = null
	ssl.keystore.type = JKS
	ssl.principal.mapping.rules = DEFAULT
	ssl.protocol = TLSv1.3
	ssl.provider = null
	ssl.secure.random.implementation = null
	ssl.trustmanager.algorithm = PKIX
	ssl.truststore.certificates = null
	ssl.truststore.location = null
	ssl.truststore.password = null
	ssl.truststore.type = JKS
	telemetry.max.bytes = 1048576
	transaction.abort.timed.out.transaction.cleanup.interval.ms = 10000
	transaction.max.timeout.ms = 900000
	transaction.partition.verification.enable = true
	transaction.remove.expired.transaction.cleanup.interval.ms = 3600000
	transaction.state.log.load.buffer.size = 5242880
	transaction.state.log.min.isr = 2
	transaction.state.log.num.partitions = 50
	transaction.state.log.replication.factor = 1
	transaction.state.log.segment.bytes = 104857600
	transaction.two.phase.commit.enable = false
	transactional.id.expiration.ms = 604800000
	unclean.leader.election.enable = false
	unclean.leader.election.interval.ms = 300000
	unstable.api.versions.enable = true
	unstable.feature.versions.enable = true

2026-02-11T14:48:26.021+01:00  INFO 8172 --- [ster-test-kit-4] kafka.server.BrokerServer                : [BrokerServer id=0] Waiting for the broker to be unfenced
2026-02-11T14:48:26.023+01:00  INFO 8172 --- [0-event-handler] o.a.k.controller.BrokerHeartbeatManager  : [QuorumController id=0] The request from broker 0 to unfence has been granted because it has caught up with the offset of its register broker record 11.
2026-02-11T14:48:26.033+01:00  INFO 8172 --- [0-event-handler] o.a.k.controller.ClusterControlManager   : [QuorumController id=0] Replayed BrokerRegistrationChangeRecord modifying the registration for broker 0: BrokerRegistrationChangeRecord(brokerId=0, brokerEpoch=11, fenced=-1, inControlledShutdown=0, logDirs=[])
2026-02-11T14:48:26.057+01:00  INFO 8172 --- [r-event-handler] kafka.server.BrokerLifecycleManager      : [BrokerLifecycleManager id=0] The broker has been unfenced. Transitioning from RECOVERY to RUNNING.
2026-02-11T14:48:26.057+01:00  INFO 8172 --- [ster-test-kit-4] kafka.server.BrokerServer                : [BrokerServer id=0] Finished waiting for the broker to be unfenced
2026-02-11T14:48:26.058+01:00  INFO 8172 --- [ster-test-kit-4] o.a.k.s.network.EndpointReadyFutures     : authorizerStart completed for endpoint EXTERNAL. Endpoint is now READY.
2026-02-11T14:48:26.058+01:00  INFO 8172 --- [ster-test-kit-4] kafka.network.SocketServer               : [SocketServer listenerType=BROKER, nodeId=0] Enabling request processing.
2026-02-11T14:48:26.059+01:00  INFO 8172 --- [ster-test-kit-4] kafka.server.BrokerServer                : [BrokerServer id=0] Waiting for all of the authorizer futures to be completed
2026-02-11T14:48:26.059+01:00  INFO 8172 --- [ster-test-kit-4] kafka.server.BrokerServer                : [BrokerServer id=0] Finished waiting for all of the authorizer futures to be completed
2026-02-11T14:48:26.059+01:00  INFO 8172 --- [ster-test-kit-4] kafka.server.BrokerServer                : [BrokerServer id=0] Waiting for all of the SocketServer Acceptors to be started
2026-02-11T14:48:26.059+01:00  INFO 8172 --- [ster-test-kit-4] kafka.server.BrokerServer                : [BrokerServer id=0] Finished waiting for all of the SocketServer Acceptors to be started
2026-02-11T14:48:26.059+01:00  INFO 8172 --- [ster-test-kit-4] kafka.server.BrokerServer                : [BrokerServer id=0] Transition from STARTING to STARTED
2026-02-11T14:48:26.079+01:00  INFO 8172 --- [           main] o.a.kafka.common.config.AbstractConfig   : AdminClientConfig values: 
	bootstrap.controllers = []
	bootstrap.servers = [localhost:52860]
	client.dns.lookup = use_all_dns_ips
	client.id = 
	connections.max.idle.ms = 300000
	default.api.timeout.ms = 60000
	enable.metrics.push = false
	metadata.max.age.ms = 300000
	metadata.recovery.rebootstrap.trigger.ms = 300000
	metadata.recovery.strategy = rebootstrap
	metric.reporters = [org.apache.kafka.common.metrics.JmxReporter]
	metrics.num.samples = 2
	metrics.recording.level = INFO
	metrics.sample.window.ms = 30000
	receive.buffer.bytes = 65536
	reconnect.backoff.max.ms = 1000
	reconnect.backoff.ms = 50
	request.timeout.ms = 30000
	retries = 2147483647
	retry.backoff.max.ms = 1000
	retry.backoff.ms = 100
	sasl.client.callback.handler.class = null
	sasl.jaas.config = null
	sasl.kerberos.kinit.cmd = /usr/bin/kinit
	sasl.kerberos.min.time.before.relogin = 60000
	sasl.kerberos.service.name = null
	sasl.kerberos.ticket.renew.jitter = 0.05
	sasl.kerberos.ticket.renew.window.factor = 0.8
	sasl.login.callback.handler.class = null
	sasl.login.class = null
	sasl.login.connect.timeout.ms = null
	sasl.login.read.timeout.ms = null
	sasl.login.refresh.buffer.seconds = 300
	sasl.login.refresh.min.period.seconds = 60
	sasl.login.refresh.window.factor = 0.8
	sasl.login.refresh.window.jitter = 0.05
	sasl.login.retry.backoff.max.ms = 10000
	sasl.login.retry.backoff.ms = 100
	sasl.mechanism = GSSAPI
	sasl.oauthbearer.assertion.algorithm = RS256
	sasl.oauthbearer.assertion.claim.aud = null
	sasl.oauthbearer.assertion.claim.exp.seconds = 300
	sasl.oauthbearer.assertion.claim.iss = null
	sasl.oauthbearer.assertion.claim.jti.include = false
	sasl.oauthbearer.assertion.claim.nbf.seconds = 60
	sasl.oauthbearer.assertion.claim.sub = null
	sasl.oauthbearer.assertion.file = null
	sasl.oauthbearer.assertion.private.key.file = null
	sasl.oauthbearer.assertion.private.key.passphrase = null
	sasl.oauthbearer.assertion.template.file = null
	sasl.oauthbearer.client.credentials.client.id = null
	sasl.oauthbearer.client.credentials.client.secret = null
	sasl.oauthbearer.clock.skew.seconds = 30
	sasl.oauthbearer.expected.audience = null
	sasl.oauthbearer.expected.issuer = null
	sasl.oauthbearer.header.urlencode = false
	sasl.oauthbearer.jwks.endpoint.refresh.ms = 3600000
	sasl.oauthbearer.jwks.endpoint.retry.backoff.max.ms = 10000
	sasl.oauthbearer.jwks.endpoint.retry.backoff.ms = 100
	sasl.oauthbearer.jwks.endpoint.url = null
	sasl.oauthbearer.jwt.retriever.class = class org.apache.kafka.common.security.oauthbearer.DefaultJwtRetriever
	sasl.oauthbearer.jwt.validator.class = class org.apache.kafka.common.security.oauthbearer.DefaultJwtValidator
	sasl.oauthbearer.scope = null
	sasl.oauthbearer.scope.claim.name = scope
	sasl.oauthbearer.sub.claim.name = sub
	sasl.oauthbearer.token.endpoint.url = null
	security.protocol = PLAINTEXT
	security.providers = null
	send.buffer.bytes = 131072
	socket.connection.setup.timeout.max.ms = 30000
	socket.connection.setup.timeout.ms = 10000
	ssl.cipher.suites = null
	ssl.enabled.protocols = [TLSv1.2, TLSv1.3]
	ssl.endpoint.identification.algorithm = https
	ssl.engine.factory.class = null
	ssl.key.password = null
	ssl.keymanager.algorithm = SunX509
	ssl.keystore.certificate.chain = null
	ssl.keystore.key = null
	ssl.keystore.location = null
	ssl.keystore.password = null
	ssl.keystore.type = JKS
	ssl.protocol = TLSv1.3
	ssl.provider = null
	ssl.secure.random.implementation = null
	ssl.trustmanager.algorithm = PKIX
	ssl.truststore.certificates = null
	ssl.truststore.location = null
	ssl.truststore.password = null
	ssl.truststore.type = JKS

2026-02-11T14:48:26.128+01:00  INFO 8172 --- [           main] o.a.kafka.common.utils.AppInfoParser     : Kafka version: 4.1.1
2026-02-11T14:48:26.128+01:00  INFO 8172 --- [           main] o.a.kafka.common.utils.AppInfoParser     : Kafka commitId: be816b82d25370ce
2026-02-11T14:48:26.128+01:00  INFO 8172 --- [           main] o.a.kafka.common.utils.AppInfoParser     : Kafka startTimeMs: 1770817706127
2026-02-11T14:48:26.212+01:00  INFO 8172 --- [0-event-handler] o.a.k.c.ReplicationControlManager        : [QuorumController id=0] CreateTopics result(s): CreatableTopic(name='customer-data', numPartitions=1, replicationFactor=1, assignments=[], configs=[]): SUCCESS
2026-02-11T14:48:26.213+01:00  INFO 8172 --- [0-event-handler] o.a.k.c.ReplicationControlManager        : [QuorumController id=0] Replayed TopicRecord for topic customer-data with topic ID VmOtlcO-SY2MblZqtVIagw.
2026-02-11T14:48:26.217+01:00  INFO 8172 --- [0-event-handler] o.a.k.c.ReplicationControlManager        : [QuorumController id=0] Replayed PartitionRecord for new partition customer-data-0 with topic ID VmOtlcO-SY2MblZqtVIagw and PartitionRegistration(replicas=[0], directories=[wxcM4JWvR4rxK2-CEu4GmQ], isr=[0], removingReplicas=[], addingReplicas=[], elr=[], lastKnownElr=[], leader=0, leaderRecoveryState=RECOVERED, leaderEpoch=0, partitionEpoch=0).
2026-02-11T14:48:26.245+01:00  INFO 8172 --- [r-event-handler] state.change.logger                      : [Broker id=0] Transitioning 1 partition(s) to local leaders.
2026-02-11T14:48:26.246+01:00  INFO 8172 --- [r-event-handler] kafka.server.ReplicaFetcherManager       : [ReplicaFetcherManager on broker 0] Removed fetcher for partitions Set(customer-data-0)
2026-02-11T14:48:26.248+01:00  INFO 8172 --- [           main] o.apache.kafka.common.metrics.Metrics    : Metrics scheduler closed
2026-02-11T14:48:26.249+01:00  INFO 8172 --- [           main] o.apache.kafka.common.metrics.Metrics    : Closing reporter org.apache.kafka.common.metrics.JmxReporter
2026-02-11T14:48:26.249+01:00  INFO 8172 --- [r-event-handler] state.change.logger                      : [Broker id=0] Creating new partition customer-data-0 with topic id VmOtlcO-SY2MblZqtVIagw.
2026-02-11T14:48:26.249+01:00  INFO 8172 --- [           main] o.apache.kafka.common.metrics.Metrics    : Metrics reporters closed
2026-02-11T14:48:26.251+01:00  INFO 8172 --- [| adminclient-1] o.a.kafka.common.utils.AppInfoParser     : App info kafka.admin.client for adminclient-1 unregistered
2026-02-11T14:48:26.256+01:00  INFO 8172 --- [| adminclient-1] o.apache.kafka.common.metrics.Metrics    : Metrics scheduler closed
2026-02-11T14:48:26.256+01:00  INFO 8172 --- [| adminclient-1] o.apache.kafka.common.metrics.Metrics    : Closing reporter org.apache.kafka.common.metrics.JmxReporter
2026-02-11T14:48:26.256+01:00  INFO 8172 --- [| adminclient-1] o.apache.kafka.common.metrics.Metrics    : Metrics reporters closed
2026-02-11T14:48:26.280+01:00  INFO 8172 --- [           main] c.bank.bdd.config.CucumberSpringConfig   : Starting CucumberSpringConfig using Java 21.0.9 with PID 8172 (started by simra in C:\Users\simra\Desktop\kafka-bdd-tests)
2026-02-11T14:48:26.282+01:00  INFO 8172 --- [           main] c.bank.bdd.config.CucumberSpringConfig   : The following 1 profile is active: "test"
2026-02-11T14:48:26.284+01:00  INFO 8172 --- [r-event-handler] o.a.k.storage.internals.log.UnifiedLog   : [LogLoader partition=customer-data-0, dir=C:\Users\simra\AppData\Local\Temp\kafka-15345859903009469624\combined_0_0] Loading producer state till offset 0
2026-02-11T14:48:26.287+01:00  INFO 8172 --- [r-event-handler] kafka.log.LogManager                     : Created log for partition customer-data-0 in C:\Users\simra\AppData\Local\Temp\kafka-15345859903009469624\combined_0_0\customer-data-0 with properties {}
2026-02-11T14:48:26.288+01:00  INFO 8172 --- [r-event-handler] kafka.cluster.Partition                  : [Partition customer-data-0 broker=0] No checkpointed highwatermark is found for partition customer-data-0
2026-02-11T14:48:26.290+01:00  INFO 8172 --- [r-event-handler] kafka.cluster.Partition                  : [Partition customer-data-0 broker=0] Log loaded for partition customer-data-0 with initial high watermark 0
2026-02-11T14:48:26.300+01:00  INFO 8172 --- [r-event-handler] state.change.logger                      : [Broker id=0] Leader customer-data-0 with topic id Some(VmOtlcO-SY2MblZqtVIagw) starts at leader epoch 0 from offset 0 with partition epoch 0, high watermark 0, ISR [0], adding replicas [] and removing replicas [] . Previous leader None and previous leader epoch was -1.
2026-02-11T14:48:27.096+01:00  INFO 8172 --- [           main] com.zaxxer.hikari.HikariDataSource       : HikariPool-1 - Starting...
2026-02-11T14:48:27.399+01:00  INFO 8172 --- [           main] com.zaxxer.hikari.pool.HikariPool        : HikariPool-1 - Added connection conn0: url=jdbc:h2:mem:testdb user=SA
2026-02-11T14:48:27.403+01:00  INFO 8172 --- [           main] com.zaxxer.hikari.HikariDataSource       : HikariPool-1 - Start completed.
2026-02-11T14:48:27.610+01:00  INFO 8172 --- [           main] c.bank.bdd.config.CucumberSpringConfig   : Started CucumberSpringConfig in 4.132 seconds (process running for 6.074)
Setting embedded Kafka broker: localhost:52860
.\mvnw.cmd : Mockito is currently self-attaching to enable the inline-mock-maker. This will no longer work in future releases of the JDK. Please 
add Mockito as an agent to your build as described in Mockito's documentation: 
https://javadoc.io/doc/org.mockito/mockito-core/latest/org.mockito/org/mockito/Mockito.html#0.3
At line:1 char:44
+ ... ers\simra\Desktop\kafka-bdd-tests; .\mvnw.cmd clean test 2>&1 | Out-F ...
+                                        ~~~~~~~~~~~~~~~~~~~~~~~~~~
    + CategoryInfo          : NotSpecified: (Mockito is curr...ockito.html#0.3:String) [], RemoteException
    + FullyQualifiedErrorId : NativeCommandError
 
Java HotSpot(TM) 64-Bit Server VM warning: Sharing is only supported for boot loader classes because bootstrap classpath has been appended
WARNING: A Java agent has been loaded dynamically (C:\Users\simra\.m2\repository\net\bytebuddy\byte-buddy-agent\1.17.8\byte-buddy-agent-1.17.8.jar)
WARNING: If a serviceability tool is in use, please run with -XX:+EnableDynamicAgentLoading to hide this warning
WARNING: If a serviceability tool is not in use, please run with -Djdk.instrument.traceUsage for more information
WARNING: Dynamic loading of agents will be disallowed by default in a future release
*********Cleaning up BEFORE feature********
*********Rows in Customer after cleanup********0
2026-02-11T14:48:28.594+01:00  INFO 8172 --- [           main] o.a.kafka.common.config.AbstractConfig   : ProducerConfig values: 
	acks = -1
	batch.size = 16384
	bootstrap.servers = [localhost:52860]
	buffer.memory = 33554432
	client.dns.lookup = use_all_dns_ips
	client.id = producer-1
	compression.gzip.level = -1
	compression.lz4.level = 9
	compression.type = none
	compression.zstd.level = 3
	connections.max.idle.ms = 540000
	delivery.timeout.ms = 120000
	enable.idempotence = true
	enable.metrics.push = true
	interceptor.classes = []
	key.serializer = class org.apache.kafka.common.serialization.StringSerializer
	linger.ms = 5
	max.block.ms = 60000
	max.in.flight.requests.per.connection = 5
	max.request.size = 1048576
	metadata.max.age.ms = 300000
	metadata.max.idle.ms = 300000
	metadata.recovery.rebootstrap.trigger.ms = 300000
	metadata.recovery.strategy = rebootstrap
	metric.reporters = [org.apache.kafka.common.metrics.JmxReporter]
	metrics.num.samples = 2
	metrics.recording.level = INFO
	metrics.sample.window.ms = 30000
	partitioner.adaptive.partitioning.enable = true
	partitioner.availability.timeout.ms = 0
	partitioner.class = null
	partitioner.ignore.keys = false
	receive.buffer.bytes = 32768
	reconnect.backoff.max.ms = 1000
	reconnect.backoff.ms = 50
	request.timeout.ms = 30000
	retries = 2147483647
	retry.backoff.max.ms = 1000
	retry.backoff.ms = 100
	sasl.client.callback.handler.class = null
	sasl.jaas.config = null
	sasl.kerberos.kinit.cmd = /usr/bin/kinit
	sasl.kerberos.min.time.before.relogin = 60000
	sasl.kerberos.service.name = null
	sasl.kerberos.ticket.renew.jitter = 0.05
	sasl.kerberos.ticket.renew.window.factor = 0.8
	sasl.login.callback.handler.class = null
	sasl.login.class = null
	sasl.login.connect.timeout.ms = null
	sasl.login.read.timeout.ms = null
	sasl.login.refresh.buffer.seconds = 300
	sasl.login.refresh.min.period.seconds = 60
	sasl.login.refresh.window.factor = 0.8
	sasl.login.refresh.window.jitter = 0.05
	sasl.login.retry.backoff.max.ms = 10000
	sasl.login.retry.backoff.ms = 100
	sasl.mechanism = GSSAPI
	sasl.oauthbearer.assertion.algorithm = RS256
	sasl.oauthbearer.assertion.claim.aud = null
	sasl.oauthbearer.assertion.claim.exp.seconds = 300
	sasl.oauthbearer.assertion.claim.iss = null
	sasl.oauthbearer.assertion.claim.jti.include = false
	sasl.oauthbearer.assertion.claim.nbf.seconds = 60
	sasl.oauthbearer.assertion.claim.sub = null
	sasl.oauthbearer.assertion.file = null
	sasl.oauthbearer.assertion.private.key.file = null
	sasl.oauthbearer.assertion.private.key.passphrase = null
	sasl.oauthbearer.assertion.template.file = null
	sasl.oauthbearer.client.credentials.client.id = null
	sasl.oauthbearer.client.credentials.client.secret = null
	sasl.oauthbearer.clock.skew.seconds = 30
	sasl.oauthbearer.expected.audience = null
	sasl.oauthbearer.expected.issuer = null
	sasl.oauthbearer.header.urlencode = false
	sasl.oauthbearer.jwks.endpoint.refresh.ms = 3600000
	sasl.oauthbearer.jwks.endpoint.retry.backoff.max.ms = 10000
	sasl.oauthbearer.jwks.endpoint.retry.backoff.ms = 100
	sasl.oauthbearer.jwks.endpoint.url = null
	sasl.oauthbearer.jwt.retriever.class = class org.apache.kafka.common.security.oauthbearer.DefaultJwtRetriever
	sasl.oauthbearer.jwt.validator.class = class org.apache.kafka.common.security.oauthbearer.DefaultJwtValidator
	sasl.oauthbearer.scope = null
	sasl.oauthbearer.scope.claim.name = scope
	sasl.oauthbearer.sub.claim.name = sub
	sasl.oauthbearer.token.endpoint.url = null
	security.protocol = PLAINTEXT
	security.providers = null
	send.buffer.bytes = 131072
	socket.connection.setup.timeout.max.ms = 30000
	socket.connection.setup.timeout.ms = 10000
	ssl.cipher.suites = null
	ssl.enabled.protocols = [TLSv1.2, TLSv1.3]
	ssl.endpoint.identification.algorithm = https
	ssl.engine.factory.class = null
	ssl.key.password = null
	ssl.keymanager.algorithm = SunX509
	ssl.keystore.certificate.chain = null
	ssl.keystore.key = null
	ssl.keystore.location = null
	ssl.keystore.password = null
	ssl.keystore.type = JKS
	ssl.protocol = TLSv1.3
	ssl.provider = null
	ssl.secure.random.implementation = null
	ssl.trustmanager.algorithm = PKIX
	ssl.truststore.certificates = null
	ssl.truststore.location = null
	ssl.truststore.password = null
	ssl.truststore.type = JKS
	transaction.timeout.ms = 60000
	transaction.two.phase.commit.enable = false
	transactional.id = null
	value.serializer = class org.apache.kafka.common.serialization.ByteArraySerializer

2026-02-11T14:48:28.634+01:00  INFO 8172 --- [           main] o.a.k.c.t.i.KafkaMetricsCollector        : initializing Kafka metrics collector
2026-02-11T14:48:28.650+01:00  INFO 8172 --- [           main] o.a.k.clients.producer.KafkaProducer     : [Producer clientId=producer-1] Instantiated an idempotent producer.
2026-02-11T14:48:28.678+01:00  INFO 8172 --- [           main] o.a.kafka.common.utils.AppInfoParser     : Kafka version: 4.1.1
2026-02-11T14:48:28.678+01:00  INFO 8172 --- [           main] o.a.kafka.common.utils.AppInfoParser     : Kafka commitId: be816b82d25370ce
2026-02-11T14:48:28.678+01:00  INFO 8172 --- [           main] o.a.kafka.common.utils.AppInfoParser     : Kafka startTimeMs: 1770817708677
2026-02-11T14:48:28.695+01:00  INFO 8172 --- [ad | producer-1] org.apache.kafka.clients.Metadata        : [Producer clientId=producer-1] Cluster ID: _9d04X1lSNCbP6TRtK95jw
2026-02-11T14:48:28.706+01:00  INFO 8172 --- [0-event-handler] o.a.k.c.ProducerIdControlManager         : [QuorumController id=0] Replaying ProducerIdsRecord ProducerIdsRecord(brokerId=0, brokerEpoch=11, nextProducerId=1000)
2026-02-11T14:48:28.807+01:00  INFO 8172 --- [ad | producer-1] o.a.k.c.p.internals.TransactionManager   : [Producer clientId=producer-1] ProducerId set to 0 with epoch 0
2026-02-11T14:48:28.873+01:00  INFO 8172 --- [           main] o.a.k.clients.producer.KafkaProducer     : [Producer clientId=producer-1] Closing the Kafka producer with timeoutMillis = 9223372036854775807 ms.
2026-02-11T14:48:28.879+01:00  INFO 8172 --- [           main] o.apache.kafka.common.metrics.Metrics    : Metrics scheduler closed
2026-02-11T14:48:28.879+01:00  INFO 8172 --- [           main] o.apache.kafka.common.metrics.Metrics    : Closing reporter org.apache.kafka.common.metrics.JmxReporter
2026-02-11T14:48:28.879+01:00  INFO 8172 --- [           main] o.apache.kafka.common.metrics.Metrics    : Closing reporter org.apache.kafka.common.telemetry.internals.ClientTelemetryReporter
2026-02-11T14:48:28.879+01:00  INFO 8172 --- [           main] o.apache.kafka.common.metrics.Metrics    : Metrics reporters closed
2026-02-11T14:48:28.883+01:00  INFO 8172 --- [           main] o.a.kafka.common.utils.AppInfoParser     : App info kafka.producer for producer-1 unregistered
2026-02-11T14:48:28.896+01:00  INFO 8172 --- [           main] o.a.kafka.common.config.AbstractConfig   : ConsumerConfig values: 
	allow.auto.create.topics = true
	auto.commit.interval.ms = 5000
	auto.offset.reset = earliest
	bootstrap.servers = [localhost:52860]
	check.crcs = true
	client.dns.lookup = use_all_dns_ips
	client.id = consumer-test-group-c5e69935-aac1-4c2f-bcb8-92dab3ff8a15-1
	client.rack = 
	connections.max.idle.ms = 540000
	default.api.timeout.ms = 60000
	enable.auto.commit = true
	enable.metrics.push = true
	exclude.internal.topics = true
	fetch.max.bytes = 52428800
	fetch.max.wait.ms = 500
	fetch.min.bytes = 1
	group.id = test-group-c5e69935-aac1-4c2f-bcb8-92dab3ff8a15
	group.instance.id = null
	group.protocol = classic
	group.remote.assignor = null
	heartbeat.interval.ms = 3000
	interceptor.classes = []
	internal.leave.group.on.close = true
	internal.throw.on.fetch.stable.offset.unsupported = false
	isolation.level = read_uncommitted
	key.deserializer = class org.apache.kafka.common.serialization.StringDeserializer
	max.partition.fetch.bytes = 1048576
	max.poll.interval.ms = 300000
	max.poll.records = 500
	metadata.max.age.ms = 300000
	metadata.recovery.rebootstrap.trigger.ms = 300000
	metadata.recovery.strategy = rebootstrap
	metric.reporters = [org.apache.kafka.common.metrics.JmxReporter]
	metrics.num.samples = 2
	metrics.recording.level = INFO
	metrics.sample.window.ms = 30000
	partition.assignment.strategy = [class org.apache.kafka.clients.consumer.RangeAssignor, class org.apache.kafka.clients.consumer.CooperativeStickyAssignor]
	receive.buffer.bytes = 65536
	reconnect.backoff.max.ms = 1000
	reconnect.backoff.ms = 50
	request.timeout.ms = 30000
	retry.backoff.max.ms = 1000
	retry.backoff.ms = 100
	sasl.client.callback.handler.class = null
	sasl.jaas.config = null
	sasl.kerberos.kinit.cmd = /usr/bin/kinit
	sasl.kerberos.min.time.before.relogin = 60000
	sasl.kerberos.service.name = null
	sasl.kerberos.ticket.renew.jitter = 0.05
	sasl.kerberos.ticket.renew.window.factor = 0.8
	sasl.login.callback.handler.class = null
	sasl.login.class = null
	sasl.login.connect.timeout.ms = null
	sasl.login.read.timeout.ms = null
	sasl.login.refresh.buffer.seconds = 300
	sasl.login.refresh.min.period.seconds = 60
	sasl.login.refresh.window.factor = 0.8
	sasl.login.refresh.window.jitter = 0.05
	sasl.login.retry.backoff.max.ms = 10000
	sasl.login.retry.backoff.ms = 100
	sasl.mechanism = GSSAPI
	sasl.oauthbearer.assertion.algorithm = RS256
	sasl.oauthbearer.assertion.claim.aud = null
	sasl.oauthbearer.assertion.claim.exp.seconds = 300
	sasl.oauthbearer.assertion.claim.iss = null
	sasl.oauthbearer.assertion.claim.jti.include = false
	sasl.oauthbearer.assertion.claim.nbf.seconds = 60
	sasl.oauthbearer.assertion.claim.sub = null
	sasl.oauthbearer.assertion.file = null
	sasl.oauthbearer.assertion.private.key.file = null
	sasl.oauthbearer.assertion.private.key.passphrase = null
	sasl.oauthbearer.assertion.template.file = null
	sasl.oauthbearer.client.credentials.client.id = null
	sasl.oauthbearer.client.credentials.client.secret = null
	sasl.oauthbearer.clock.skew.seconds = 30
	sasl.oauthbearer.expected.audience = null
	sasl.oauthbearer.expected.issuer = null
	sasl.oauthbearer.header.urlencode = false
	sasl.oauthbearer.jwks.endpoint.refresh.ms = 3600000
	sasl.oauthbearer.jwks.endpoint.retry.backoff.max.ms = 10000
	sasl.oauthbearer.jwks.endpoint.retry.backoff.ms = 100
	sasl.oauthbearer.jwks.endpoint.url = null
	sasl.oauthbearer.jwt.retriever.class = class org.apache.kafka.common.security.oauthbearer.DefaultJwtRetriever
	sasl.oauthbearer.jwt.validator.class = class org.apache.kafka.common.security.oauthbearer.DefaultJwtValidator
	sasl.oauthbearer.scope = null
	sasl.oauthbearer.scope.claim.name = scope
	sasl.oauthbearer.sub.claim.name = sub
	sasl.oauthbearer.token.endpoint.url = null
	security.protocol = PLAINTEXT
	security.providers = null
	send.buffer.bytes = 131072
	session.timeout.ms = 45000
	share.acknowledgement.mode = implicit
	socket.connection.setup.timeout.max.ms = 30000
	socket.connection.setup.timeout.ms = 10000
	ssl.cipher.suites = null
	ssl.enabled.protocols = [TLSv1.2, TLSv1.3]
	ssl.endpoint.identification.algorithm = https
	ssl.engine.factory.class = null
	ssl.key.password = null
	ssl.keymanager.algorithm = SunX509
	ssl.keystore.certificate.chain = null
	ssl.keystore.key = null
	ssl.keystore.location = null
	ssl.keystore.password = null
	ssl.keystore.type = JKS
	ssl.protocol = TLSv1.3
	ssl.provider = null
	ssl.secure.random.implementation = null
	ssl.trustmanager.algorithm = PKIX
	ssl.truststore.certificates = null
	ssl.truststore.location = null
	ssl.truststore.password = null
	ssl.truststore.type = JKS
	value.deserializer = class org.apache.kafka.common.serialization.ByteArrayDeserializer

2026-02-11T14:48:28.910+01:00  INFO 8172 --- [           main] o.a.k.c.t.i.KafkaMetricsCollector        : initializing Kafka metrics collector
2026-02-11T14:48:28.968+01:00  INFO 8172 --- [           main] o.a.kafka.common.utils.AppInfoParser     : Kafka version: 4.1.1
2026-02-11T14:48:28.968+01:00  INFO 8172 --- [           main] o.a.kafka.common.utils.AppInfoParser     : Kafka commitId: be816b82d25370ce
2026-02-11T14:48:28.968+01:00  INFO 8172 --- [           main] o.a.kafka.common.utils.AppInfoParser     : Kafka startTimeMs: 1770817708968
2026-02-11T14:48:28.968+01:00  INFO 8172 --- [           main] o.a.k.c.c.i.ClassicKafkaConsumer         : [Consumer clientId=consumer-test-group-c5e69935-aac1-4c2f-bcb8-92dab3ff8a15-1, groupId=test-group-c5e69935-aac1-4c2f-bcb8-92dab3ff8a15] Subscribed to topic(s): customer-data
Embedded Kafka broker: localhost:52860
Kafka is running with consumer group: test-group-c5e69935-aac1-4c2f-bcb8-92dab3ff8a15
2026-02-11T14:48:28.977+01:00  INFO 8172 --- [           main] org.apache.kafka.clients.Metadata        : [Consumer clientId=consumer-test-group-c5e69935-aac1-4c2f-bcb8-92dab3ff8a15-1, groupId=test-group-c5e69935-aac1-4c2f-bcb8-92dab3ff8a15] Cluster ID: _9d04X1lSNCbP6TRtK95jw
2026-02-11T14:48:28.981+01:00  INFO 8172 --- [quest-handler-4] k.s.DefaultAutoTopicCreationManager      : Sent auto-creation request for Set(__consumer_offsets) to the active controller.
2026-02-11T14:48:28.988+01:00  INFO 8172 --- [0-event-handler] o.a.k.c.ReplicationControlManager        : [QuorumController id=0] CreateTopics result(s): CreatableTopic(name='__consumer_offsets', numPartitions=50, replicationFactor=1, assignments=[], configs=[CreatableTopicConfig(name='compression.type', value='producer'), CreatableTopicConfig(name='cleanup.policy', value='compact'), CreatableTopicConfig(name='segment.bytes', value='104857600')]): SUCCESS
2026-02-11T14:48:28.989+01:00  INFO 8172 --- [0-event-handler] o.a.k.c.ReplicationControlManager        : [QuorumController id=0] Replayed TopicRecord for topic __consumer_offsets with topic ID pCr4fOilTyaCgNengGgkVA.
2026-02-11T14:48:28.989+01:00  INFO 8172 --- [0-event-handler] o.a.k.c.ConfigurationControlManager      : [QuorumController id=0] Replayed ConfigRecord for ConfigResource(type=TOPIC, name='__consumer_offsets') which set configuration compression.type to producer
2026-02-11T14:48:28.989+01:00  INFO 8172 --- [0-event-handler] o.a.k.c.ConfigurationControlManager      : [QuorumController id=0] Replayed ConfigRecord for ConfigResource(type=TOPIC, name='__consumer_offsets') which set configuration cleanup.policy to compact
2026-02-11T14:48:28.989+01:00  INFO 8172 --- [0-event-handler] o.a.k.c.ConfigurationControlManager      : [QuorumController id=0] Replayed ConfigRecord for ConfigResource(type=TOPIC, name='__consumer_offsets') which set configuration segment.bytes to 104857600
2026-02-11T14:48:28.990+01:00  INFO 8172 --- [0-event-handler] o.a.k.c.ReplicationControlManager        : [QuorumController id=0] Replayed PartitionRecord for new partition __consumer_offsets-0 with topic ID pCr4fOilTyaCgNengGgkVA and PartitionRegistration(replicas=[0], directories=[wxcM4JWvR4rxK2-CEu4GmQ], isr=[0], removingReplicas=[], addingReplicas=[], elr=[], lastKnownElr=[], leader=0, leaderRecoveryState=RECOVERED, leaderEpoch=0, partitionEpoch=0).
2026-02-11T14:48:28.990+01:00  INFO 8172 --- [0-event-handler] o.a.k.c.ReplicationControlManager        : [QuorumController id=0] Replayed PartitionRecord for new partition __consumer_offsets-1 with topic ID pCr4fOilTyaCgNengGgkVA and PartitionRegistration(replicas=[0], directories=[wxcM4JWvR4rxK2-CEu4GmQ], isr=[0], removingReplicas=[], addingReplicas=[], elr=[], lastKnownElr=[], leader=0, leaderRecoveryState=RECOVERED, leaderEpoch=0, partitionEpoch=0).
2026-02-11T14:48:28.991+01:00  INFO 8172 --- [0-event-handler] o.a.k.c.ReplicationControlManager        : [QuorumController id=0] Replayed PartitionRecord for new partition __consumer_offsets-2 with topic ID pCr4fOilTyaCgNengGgkVA and PartitionRegistration(replicas=[0], directories=[wxcM4JWvR4rxK2-CEu4GmQ], isr=[0], removingReplicas=[], addingReplicas=[], elr=[], lastKnownElr=[], leader=0, leaderRecoveryState=RECOVERED, leaderEpoch=0, partitionEpoch=0).
2026-02-11T14:48:28.991+01:00  INFO 8172 --- [0-event-handler] o.a.k.c.ReplicationControlManager        : [QuorumController id=0] Replayed PartitionRecord for new partition __consumer_offsets-3 with topic ID pCr4fOilTyaCgNengGgkVA and PartitionRegistration(replicas=[0], directories=[wxcM4JWvR4rxK2-CEu4GmQ], isr=[0], removingReplicas=[], addingReplicas=[], elr=[], lastKnownElr=[], leader=0, leaderRecoveryState=RECOVERED, leaderEpoch=0, partitionEpoch=0).
2026-02-11T14:48:28.991+01:00  INFO 8172 --- [0-event-handler] o.a.k.c.ReplicationControlManager        : [QuorumController id=0] Replayed PartitionRecord for new partition __consumer_offsets-4 with topic ID pCr4fOilTyaCgNengGgkVA and PartitionRegistration(replicas=[0], directories=[wxcM4JWvR4rxK2-CEu4GmQ], isr=[0], removingReplicas=[], addingReplicas=[], elr=[], lastKnownElr=[], leader=0, leaderRecoveryState=RECOVERED, leaderEpoch=0, partitionEpoch=0).
2026-02-11T14:48:28.991+01:00  INFO 8172 --- [0-event-handler] o.a.k.c.ReplicationControlManager        : [QuorumController id=0] Replayed PartitionRecord for new partition __consumer_offsets-5 with topic ID pCr4fOilTyaCgNengGgkVA and PartitionRegistration(replicas=[0], directories=[wxcM4JWvR4rxK2-CEu4GmQ], isr=[0], removingReplicas=[], addingReplicas=[], elr=[], lastKnownElr=[], leader=0, leaderRecoveryState=RECOVERED, leaderEpoch=0, partitionEpoch=0).
2026-02-11T14:48:28.991+01:00  INFO 8172 --- [0-event-handler] o.a.k.c.ReplicationControlManager        : [QuorumController id=0] Replayed PartitionRecord for new partition __consumer_offsets-6 with topic ID pCr4fOilTyaCgNengGgkVA and PartitionRegistration(replicas=[0], directories=[wxcM4JWvR4rxK2-CEu4GmQ], isr=[0], removingReplicas=[], addingReplicas=[], elr=[], lastKnownElr=[], leader=0, leaderRecoveryState=RECOVERED, leaderEpoch=0, partitionEpoch=0).
2026-02-11T14:48:28.991+01:00  INFO 8172 --- [0-event-handler] o.a.k.c.ReplicationControlManager        : [QuorumController id=0] Replayed PartitionRecord for new partition __consumer_offsets-7 with topic ID pCr4fOilTyaCgNengGgkVA and PartitionRegistration(replicas=[0], directories=[wxcM4JWvR4rxK2-CEu4GmQ], isr=[0], removingReplicas=[], addingReplicas=[], elr=[], lastKnownElr=[], leader=0, leaderRecoveryState=RECOVERED, leaderEpoch=0, partitionEpoch=0).
2026-02-11T14:48:28.992+01:00  INFO 8172 --- [0-event-handler] o.a.k.c.ReplicationControlManager        : [QuorumController id=0] Replayed PartitionRecord for new partition __consumer_offsets-8 with topic ID pCr4fOilTyaCgNengGgkVA and PartitionRegistration(replicas=[0], directories=[wxcM4JWvR4rxK2-CEu4GmQ], isr=[0], removingReplicas=[], addingReplicas=[], elr=[], lastKnownElr=[], leader=0, leaderRecoveryState=RECOVERED, leaderEpoch=0, partitionEpoch=0).
2026-02-11T14:48:28.992+01:00  INFO 8172 --- [0-event-handler] o.a.k.c.ReplicationControlManager        : [QuorumController id=0] Replayed PartitionRecord for new partition __consumer_offsets-9 with topic ID pCr4fOilTyaCgNengGgkVA and PartitionRegistration(replicas=[0], directories=[wxcM4JWvR4rxK2-CEu4GmQ], isr=[0], removingReplicas=[], addingReplicas=[], elr=[], lastKnownElr=[], leader=0, leaderRecoveryState=RECOVERED, leaderEpoch=0, partitionEpoch=0).
2026-02-11T14:48:28.992+01:00  INFO 8172 --- [0-event-handler] o.a.k.c.ReplicationControlManager        : [QuorumController id=0] Replayed PartitionRecord for new partition __consumer_offsets-10 with topic ID pCr4fOilTyaCgNengGgkVA and PartitionRegistration(replicas=[0], directories=[wxcM4JWvR4rxK2-CEu4GmQ], isr=[0], removingReplicas=[], addingReplicas=[], elr=[], lastKnownElr=[], leader=0, leaderRecoveryState=RECOVERED, leaderEpoch=0, partitionEpoch=0).
2026-02-11T14:48:28.992+01:00  INFO 8172 --- [0-event-handler] o.a.k.c.ReplicationControlManager        : [QuorumController id=0] Replayed PartitionRecord for new partition __consumer_offsets-11 with topic ID pCr4fOilTyaCgNengGgkVA and PartitionRegistration(replicas=[0], directories=[wxcM4JWvR4rxK2-CEu4GmQ], isr=[0], removingReplicas=[], addingReplicas=[], elr=[], lastKnownElr=[], leader=0, leaderRecoveryState=RECOVERED, leaderEpoch=0, partitionEpoch=0).
2026-02-11T14:48:28.992+01:00  INFO 8172 --- [0-event-handler] o.a.k.c.ReplicationControlManager        : [QuorumController id=0] Replayed PartitionRecord for new partition __consumer_offsets-12 with topic ID pCr4fOilTyaCgNengGgkVA and PartitionRegistration(replicas=[0], directories=[wxcM4JWvR4rxK2-CEu4GmQ], isr=[0], removingReplicas=[], addingReplicas=[], elr=[], lastKnownElr=[], leader=0, leaderRecoveryState=RECOVERED, leaderEpoch=0, partitionEpoch=0).
2026-02-11T14:48:28.992+01:00  INFO 8172 --- [0-event-handler] o.a.k.c.ReplicationControlManager        : [QuorumController id=0] Replayed PartitionRecord for new partition __consumer_offsets-13 with topic ID pCr4fOilTyaCgNengGgkVA and PartitionRegistration(replicas=[0], directories=[wxcM4JWvR4rxK2-CEu4GmQ], isr=[0], removingReplicas=[], addingReplicas=[], elr=[], lastKnownElr=[], leader=0, leaderRecoveryState=RECOVERED, leaderEpoch=0, partitionEpoch=0).
2026-02-11T14:48:28.992+01:00  INFO 8172 --- [0-event-handler] o.a.k.c.ReplicationControlManager        : [QuorumController id=0] Replayed PartitionRecord for new partition __consumer_offsets-14 with topic ID pCr4fOilTyaCgNengGgkVA and PartitionRegistration(replicas=[0], directories=[wxcM4JWvR4rxK2-CEu4GmQ], isr=[0], removingReplicas=[], addingReplicas=[], elr=[], lastKnownElr=[], leader=0, leaderRecoveryState=RECOVERED, leaderEpoch=0, partitionEpoch=0).
2026-02-11T14:48:28.994+01:00  INFO 8172 --- [0-event-handler] o.a.k.c.ReplicationControlManager        : [QuorumController id=0] Replayed PartitionRecord for new partition __consumer_offsets-15 with topic ID pCr4fOilTyaCgNengGgkVA and PartitionRegistration(replicas=[0], directories=[wxcM4JWvR4rxK2-CEu4GmQ], isr=[0], removingReplicas=[], addingReplicas=[], elr=[], lastKnownElr=[], leader=0, leaderRecoveryState=RECOVERED, leaderEpoch=0, partitionEpoch=0).
2026-02-11T14:48:28.994+01:00  INFO 8172 --- [0-event-handler] o.a.k.c.ReplicationControlManager        : [QuorumController id=0] Replayed PartitionRecord for new partition __consumer_offsets-16 with topic ID pCr4fOilTyaCgNengGgkVA and PartitionRegistration(replicas=[0], directories=[wxcM4JWvR4rxK2-CEu4GmQ], isr=[0], removingReplicas=[], addingReplicas=[], elr=[], lastKnownElr=[], leader=0, leaderRecoveryState=RECOVERED, leaderEpoch=0, partitionEpoch=0).
2026-02-11T14:48:28.994+01:00  INFO 8172 --- [0-event-handler] o.a.k.c.ReplicationControlManager        : [QuorumController id=0] Replayed PartitionRecord for new partition __consumer_offsets-17 with topic ID pCr4fOilTyaCgNengGgkVA and PartitionRegistration(replicas=[0], directories=[wxcM4JWvR4rxK2-CEu4GmQ], isr=[0], removingReplicas=[], addingReplicas=[], elr=[], lastKnownElr=[], leader=0, leaderRecoveryState=RECOVERED, leaderEpoch=0, partitionEpoch=0).
2026-02-11T14:48:28.994+01:00  INFO 8172 --- [0-event-handler] o.a.k.c.ReplicationControlManager        : [QuorumController id=0] Replayed PartitionRecord for new partition __consumer_offsets-18 with topic ID pCr4fOilTyaCgNengGgkVA and PartitionRegistration(replicas=[0], directories=[wxcM4JWvR4rxK2-CEu4GmQ], isr=[0], removingReplicas=[], addingReplicas=[], elr=[], lastKnownElr=[], leader=0, leaderRecoveryState=RECOVERED, leaderEpoch=0, partitionEpoch=0).
2026-02-11T14:48:28.994+01:00  INFO 8172 --- [0-event-handler] o.a.k.c.ReplicationControlManager        : [QuorumController id=0] Replayed PartitionRecord for new partition __consumer_offsets-19 with topic ID pCr4fOilTyaCgNengGgkVA and PartitionRegistration(replicas=[0], directories=[wxcM4JWvR4rxK2-CEu4GmQ], isr=[0], removingReplicas=[], addingReplicas=[], elr=[], lastKnownElr=[], leader=0, leaderRecoveryState=RECOVERED, leaderEpoch=0, partitionEpoch=0).
2026-02-11T14:48:28.994+01:00  INFO 8172 --- [0-event-handler] o.a.k.c.ReplicationControlManager        : [QuorumController id=0] Replayed PartitionRecord for new partition __consumer_offsets-20 with topic ID pCr4fOilTyaCgNengGgkVA and PartitionRegistration(replicas=[0], directories=[wxcM4JWvR4rxK2-CEu4GmQ], isr=[0], removingReplicas=[], addingReplicas=[], elr=[], lastKnownElr=[], leader=0, leaderRecoveryState=RECOVERED, leaderEpoch=0, partitionEpoch=0).
2026-02-11T14:48:28.995+01:00  INFO 8172 --- [0-event-handler] o.a.k.c.ReplicationControlManager        : [QuorumController id=0] Replayed PartitionRecord for new partition __consumer_offsets-21 with topic ID pCr4fOilTyaCgNengGgkVA and PartitionRegistration(replicas=[0], directories=[wxcM4JWvR4rxK2-CEu4GmQ], isr=[0], removingReplicas=[], addingReplicas=[], elr=[], lastKnownElr=[], leader=0, leaderRecoveryState=RECOVERED, leaderEpoch=0, partitionEpoch=0).
2026-02-11T14:48:28.995+01:00  INFO 8172 --- [0-event-handler] o.a.k.c.ReplicationControlManager        : [QuorumController id=0] Replayed PartitionRecord for new partition __consumer_offsets-22 with topic ID pCr4fOilTyaCgNengGgkVA and PartitionRegistration(replicas=[0], directories=[wxcM4JWvR4rxK2-CEu4GmQ], isr=[0], removingReplicas=[], addingReplicas=[], elr=[], lastKnownElr=[], leader=0, leaderRecoveryState=RECOVERED, leaderEpoch=0, partitionEpoch=0).
2026-02-11T14:48:28.995+01:00  INFO 8172 --- [0-event-handler] o.a.k.c.ReplicationControlManager        : [QuorumController id=0] Replayed PartitionRecord for new partition __consumer_offsets-23 with topic ID pCr4fOilTyaCgNengGgkVA and PartitionRegistration(replicas=[0], directories=[wxcM4JWvR4rxK2-CEu4GmQ], isr=[0], removingReplicas=[], addingReplicas=[], elr=[], lastKnownElr=[], leader=0, leaderRecoveryState=RECOVERED, leaderEpoch=0, partitionEpoch=0).
2026-02-11T14:48:28.995+01:00  INFO 8172 --- [0-event-handler] o.a.k.c.ReplicationControlManager        : [QuorumController id=0] Replayed PartitionRecord for new partition __consumer_offsets-24 with topic ID pCr4fOilTyaCgNengGgkVA and PartitionRegistration(replicas=[0], directories=[wxcM4JWvR4rxK2-CEu4GmQ], isr=[0], removingReplicas=[], addingReplicas=[], elr=[], lastKnownElr=[], leader=0, leaderRecoveryState=RECOVERED, leaderEpoch=0, partitionEpoch=0).
2026-02-11T14:48:28.995+01:00  INFO 8172 --- [0-event-handler] o.a.k.c.ReplicationControlManager        : [QuorumController id=0] Replayed PartitionRecord for new partition __consumer_offsets-25 with topic ID pCr4fOilTyaCgNengGgkVA and PartitionRegistration(replicas=[0], directories=[wxcM4JWvR4rxK2-CEu4GmQ], isr=[0], removingReplicas=[], addingReplicas=[], elr=[], lastKnownElr=[], leader=0, leaderRecoveryState=RECOVERED, leaderEpoch=0, partitionEpoch=0).
2026-02-11T14:48:28.995+01:00  INFO 8172 --- [0-event-handler] o.a.k.c.ReplicationControlManager        : [QuorumController id=0] Replayed PartitionRecord for new partition __consumer_offsets-26 with topic ID pCr4fOilTyaCgNengGgkVA and PartitionRegistration(replicas=[0], directories=[wxcM4JWvR4rxK2-CEu4GmQ], isr=[0], removingReplicas=[], addingReplicas=[], elr=[], lastKnownElr=[], leader=0, leaderRecoveryState=RECOVERED, leaderEpoch=0, partitionEpoch=0).
2026-02-11T14:48:28.996+01:00  INFO 8172 --- [0-event-handler] o.a.k.c.ReplicationControlManager        : [QuorumController id=0] Replayed PartitionRecord for new partition __consumer_offsets-27 with topic ID pCr4fOilTyaCgNengGgkVA and PartitionRegistration(replicas=[0], directories=[wxcM4JWvR4rxK2-CEu4GmQ], isr=[0], removingReplicas=[], addingReplicas=[], elr=[], lastKnownElr=[], leader=0, leaderRecoveryState=RECOVERED, leaderEpoch=0, partitionEpoch=0).
2026-02-11T14:48:28.996+01:00  INFO 8172 --- [0-event-handler] o.a.k.c.ReplicationControlManager        : [QuorumController id=0] Replayed PartitionRecord for new partition __consumer_offsets-28 with topic ID pCr4fOilTyaCgNengGgkVA and PartitionRegistration(replicas=[0], directories=[wxcM4JWvR4rxK2-CEu4GmQ], isr=[0], removingReplicas=[], addingReplicas=[], elr=[], lastKnownElr=[], leader=0, leaderRecoveryState=RECOVERED, leaderEpoch=0, partitionEpoch=0).
2026-02-11T14:48:28.996+01:00  INFO 8172 --- [0-event-handler] o.a.k.c.ReplicationControlManager        : [QuorumController id=0] Replayed PartitionRecord for new partition __consumer_offsets-29 with topic ID pCr4fOilTyaCgNengGgkVA and PartitionRegistration(replicas=[0], directories=[wxcM4JWvR4rxK2-CEu4GmQ], isr=[0], removingReplicas=[], addingReplicas=[], elr=[], lastKnownElr=[], leader=0, leaderRecoveryState=RECOVERED, leaderEpoch=0, partitionEpoch=0).
2026-02-11T14:48:28.996+01:00  INFO 8172 --- [0-event-handler] o.a.k.c.ReplicationControlManager        : [QuorumController id=0] Replayed PartitionRecord for new partition __consumer_offsets-30 with topic ID pCr4fOilTyaCgNengGgkVA and PartitionRegistration(replicas=[0], directories=[wxcM4JWvR4rxK2-CEu4GmQ], isr=[0], removingReplicas=[], addingReplicas=[], elr=[], lastKnownElr=[], leader=0, leaderRecoveryState=RECOVERED, leaderEpoch=0, partitionEpoch=0).
2026-02-11T14:48:28.996+01:00  INFO 8172 --- [0-event-handler] o.a.k.c.ReplicationControlManager        : [QuorumController id=0] Replayed PartitionRecord for new partition __consumer_offsets-31 with topic ID pCr4fOilTyaCgNengGgkVA and PartitionRegistration(replicas=[0], directories=[wxcM4JWvR4rxK2-CEu4GmQ], isr=[0], removingReplicas=[], addingReplicas=[], elr=[], lastKnownElr=[], leader=0, leaderRecoveryState=RECOVERED, leaderEpoch=0, partitionEpoch=0).
2026-02-11T14:48:28.996+01:00  INFO 8172 --- [0-event-handler] o.a.k.c.ReplicationControlManager        : [QuorumController id=0] Replayed PartitionRecord for new partition __consumer_offsets-32 with topic ID pCr4fOilTyaCgNengGgkVA and PartitionRegistration(replicas=[0], directories=[wxcM4JWvR4rxK2-CEu4GmQ], isr=[0], removingReplicas=[], addingReplicas=[], elr=[], lastKnownElr=[], leader=0, leaderRecoveryState=RECOVERED, leaderEpoch=0, partitionEpoch=0).
2026-02-11T14:48:28.996+01:00  INFO 8172 --- [0-event-handler] o.a.k.c.ReplicationControlManager        : [QuorumController id=0] Replayed PartitionRecord for new partition __consumer_offsets-33 with topic ID pCr4fOilTyaCgNengGgkVA and PartitionRegistration(replicas=[0], directories=[wxcM4JWvR4rxK2-CEu4GmQ], isr=[0], removingReplicas=[], addingReplicas=[], elr=[], lastKnownElr=[], leader=0, leaderRecoveryState=RECOVERED, leaderEpoch=0, partitionEpoch=0).
2026-02-11T14:48:28.997+01:00  INFO 8172 --- [0-event-handler] o.a.k.c.ReplicationControlManager        : [QuorumController id=0] Replayed PartitionRecord for new partition __consumer_offsets-34 with topic ID pCr4fOilTyaCgNengGgkVA and PartitionRegistration(replicas=[0], directories=[wxcM4JWvR4rxK2-CEu4GmQ], isr=[0], removingReplicas=[], addingReplicas=[], elr=[], lastKnownElr=[], leader=0, leaderRecoveryState=RECOVERED, leaderEpoch=0, partitionEpoch=0).
2026-02-11T14:48:28.997+01:00  INFO 8172 --- [0-event-handler] o.a.k.c.ReplicationControlManager        : [QuorumController id=0] Replayed PartitionRecord for new partition __consumer_offsets-35 with topic ID pCr4fOilTyaCgNengGgkVA and PartitionRegistration(replicas=[0], directories=[wxcM4JWvR4rxK2-CEu4GmQ], isr=[0], removingReplicas=[], addingReplicas=[], elr=[], lastKnownElr=[], leader=0, leaderRecoveryState=RECOVERED, leaderEpoch=0, partitionEpoch=0).
2026-02-11T14:48:28.997+01:00  INFO 8172 --- [0-event-handler] o.a.k.c.ReplicationControlManager        : [QuorumController id=0] Replayed PartitionRecord for new partition __consumer_offsets-36 with topic ID pCr4fOilTyaCgNengGgkVA and PartitionRegistration(replicas=[0], directories=[wxcM4JWvR4rxK2-CEu4GmQ], isr=[0], removingReplicas=[], addingReplicas=[], elr=[], lastKnownElr=[], leader=0, leaderRecoveryState=RECOVERED, leaderEpoch=0, partitionEpoch=0).
2026-02-11T14:48:28.997+01:00  INFO 8172 --- [0-event-handler] o.a.k.c.ReplicationControlManager        : [QuorumController id=0] Replayed PartitionRecord for new partition __consumer_offsets-37 with topic ID pCr4fOilTyaCgNengGgkVA and PartitionRegistration(replicas=[0], directories=[wxcM4JWvR4rxK2-CEu4GmQ], isr=[0], removingReplicas=[], addingReplicas=[], elr=[], lastKnownElr=[], leader=0, leaderRecoveryState=RECOVERED, leaderEpoch=0, partitionEpoch=0).
2026-02-11T14:48:28.997+01:00  INFO 8172 --- [0-event-handler] o.a.k.c.ReplicationControlManager        : [QuorumController id=0] Replayed PartitionRecord for new partition __consumer_offsets-38 with topic ID pCr4fOilTyaCgNengGgkVA and PartitionRegistration(replicas=[0], directories=[wxcM4JWvR4rxK2-CEu4GmQ], isr=[0], removingReplicas=[], addingReplicas=[], elr=[], lastKnownElr=[], leader=0, leaderRecoveryState=RECOVERED, leaderEpoch=0, partitionEpoch=0).
2026-02-11T14:48:28.998+01:00  INFO 8172 --- [0-event-handler] o.a.k.c.ReplicationControlManager        : [QuorumController id=0] Replayed PartitionRecord for new partition __consumer_offsets-39 with topic ID pCr4fOilTyaCgNengGgkVA and PartitionRegistration(replicas=[0], directories=[wxcM4JWvR4rxK2-CEu4GmQ], isr=[0], removingReplicas=[], addingReplicas=[], elr=[], lastKnownElr=[], leader=0, leaderRecoveryState=RECOVERED, leaderEpoch=0, partitionEpoch=0).
2026-02-11T14:48:28.998+01:00  INFO 8172 --- [0-event-handler] o.a.k.c.ReplicationControlManager        : [QuorumController id=0] Replayed PartitionRecord for new partition __consumer_offsets-40 with topic ID pCr4fOilTyaCgNengGgkVA and PartitionRegistration(replicas=[0], directories=[wxcM4JWvR4rxK2-CEu4GmQ], isr=[0], removingReplicas=[], addingReplicas=[], elr=[], lastKnownElr=[], leader=0, leaderRecoveryState=RECOVERED, leaderEpoch=0, partitionEpoch=0).
2026-02-11T14:48:28.998+01:00  INFO 8172 --- [0-event-handler] o.a.k.c.ReplicationControlManager        : [QuorumController id=0] Replayed PartitionRecord for new partition __consumer_offsets-41 with topic ID pCr4fOilTyaCgNengGgkVA and PartitionRegistration(replicas=[0], directories=[wxcM4JWvR4rxK2-CEu4GmQ], isr=[0], removingReplicas=[], addingReplicas=[], elr=[], lastKnownElr=[], leader=0, leaderRecoveryState=RECOVERED, leaderEpoch=0, partitionEpoch=0).
2026-02-11T14:48:28.998+01:00  INFO 8172 --- [0-event-handler] o.a.k.c.ReplicationControlManager        : [QuorumController id=0] Replayed PartitionRecord for new partition __consumer_offsets-42 with topic ID pCr4fOilTyaCgNengGgkVA and PartitionRegistration(replicas=[0], directories=[wxcM4JWvR4rxK2-CEu4GmQ], isr=[0], removingReplicas=[], addingReplicas=[], elr=[], lastKnownElr=[], leader=0, leaderRecoveryState=RECOVERED, leaderEpoch=0, partitionEpoch=0).
2026-02-11T14:48:28.998+01:00  INFO 8172 --- [0-event-handler] o.a.k.c.ReplicationControlManager        : [QuorumController id=0] Replayed PartitionRecord for new partition __consumer_offsets-43 with topic ID pCr4fOilTyaCgNengGgkVA and PartitionRegistration(replicas=[0], directories=[wxcM4JWvR4rxK2-CEu4GmQ], isr=[0], removingReplicas=[], addingReplicas=[], elr=[], lastKnownElr=[], leader=0, leaderRecoveryState=RECOVERED, leaderEpoch=0, partitionEpoch=0).
2026-02-11T14:48:28.998+01:00  INFO 8172 --- [0-event-handler] o.a.k.c.ReplicationControlManager        : [QuorumController id=0] Replayed PartitionRecord for new partition __consumer_offsets-44 with topic ID pCr4fOilTyaCgNengGgkVA and PartitionRegistration(replicas=[0], directories=[wxcM4JWvR4rxK2-CEu4GmQ], isr=[0], removingReplicas=[], addingReplicas=[], elr=[], lastKnownElr=[], leader=0, leaderRecoveryState=RECOVERED, leaderEpoch=0, partitionEpoch=0).
2026-02-11T14:48:28.998+01:00  INFO 8172 --- [0-event-handler] o.a.k.c.ReplicationControlManager        : [QuorumController id=0] Replayed PartitionRecord for new partition __consumer_offsets-45 with topic ID pCr4fOilTyaCgNengGgkVA and PartitionRegistration(replicas=[0], directories=[wxcM4JWvR4rxK2-CEu4GmQ], isr=[0], removingReplicas=[], addingReplicas=[], elr=[], lastKnownElr=[], leader=0, leaderRecoveryState=RECOVERED, leaderEpoch=0, partitionEpoch=0).
2026-02-11T14:48:28.999+01:00  INFO 8172 --- [0-event-handler] o.a.k.c.ReplicationControlManager        : [QuorumController id=0] Replayed PartitionRecord for new partition __consumer_offsets-46 with topic ID pCr4fOilTyaCgNengGgkVA and PartitionRegistration(replicas=[0], directories=[wxcM4JWvR4rxK2-CEu4GmQ], isr=[0], removingReplicas=[], addingReplicas=[], elr=[], lastKnownElr=[], leader=0, leaderRecoveryState=RECOVERED, leaderEpoch=0, partitionEpoch=0).
2026-02-11T14:48:28.999+01:00  INFO 8172 --- [0-event-handler] o.a.k.c.ReplicationControlManager        : [QuorumController id=0] Replayed PartitionRecord for new partition __consumer_offsets-47 with topic ID pCr4fOilTyaCgNengGgkVA and PartitionRegistration(replicas=[0], directories=[wxcM4JWvR4rxK2-CEu4GmQ], isr=[0], removingReplicas=[], addingReplicas=[], elr=[], lastKnownElr=[], leader=0, leaderRecoveryState=RECOVERED, leaderEpoch=0, partitionEpoch=0).
2026-02-11T14:48:28.999+01:00  INFO 8172 --- [0-event-handler] o.a.k.c.ReplicationControlManager        : [QuorumController id=0] Replayed PartitionRecord for new partition __consumer_offsets-48 with topic ID pCr4fOilTyaCgNengGgkVA and PartitionRegistration(replicas=[0], directories=[wxcM4JWvR4rxK2-CEu4GmQ], isr=[0], removingReplicas=[], addingReplicas=[], elr=[], lastKnownElr=[], leader=0, leaderRecoveryState=RECOVERED, leaderEpoch=0, partitionEpoch=0).
2026-02-11T14:48:28.999+01:00  INFO 8172 --- [0-event-handler] o.a.k.c.ReplicationControlManager        : [QuorumController id=0] Replayed PartitionRecord for new partition __consumer_offsets-49 with topic ID pCr4fOilTyaCgNengGgkVA and PartitionRegistration(replicas=[0], directories=[wxcM4JWvR4rxK2-CEu4GmQ], isr=[0], removingReplicas=[], addingReplicas=[], elr=[], lastKnownElr=[], leader=0, leaderRecoveryState=RECOVERED, leaderEpoch=0, partitionEpoch=0).
2026-02-11T14:48:29.018+01:00  INFO 8172 --- [r-event-handler] state.change.logger                      : [Broker id=0] Transitioning 50 partition(s) to local leaders.
2026-02-11T14:48:29.019+01:00  INFO 8172 --- [r-event-handler] kafka.server.ReplicaFetcherManager       : [ReplicaFetcherManager on broker 0] Removed fetcher for partitions Set(__consumer_offsets-13, __consumer_offsets-46, __consumer_offsets-9, __consumer_offsets-42, __consumer_offsets-21, __consumer_offsets-17, __consumer_offsets-30, __consumer_offsets-26, __consumer_offsets-5, __consumer_offsets-38, __consumer_offsets-1, __consumer_offsets-34, __consumer_offsets-16, __consumer_offsets-45, __consumer_offsets-12, __consumer_offsets-41, __consumer_offsets-24, __consumer_offsets-20, __consumer_offsets-49, __consumer_offsets-0, __consumer_offsets-29, __consumer_offsets-25, __consumer_offsets-8, __consumer_offsets-37, __consumer_offsets-4, __consumer_offsets-33, __consumer_offsets-15, __consumer_offsets-48, __consumer_offsets-11, __consumer_offsets-44, __consumer_offsets-23, __consumer_offsets-19, __consumer_offsets-32, __consumer_offsets-28, __consumer_offsets-7, __consumer_offsets-40, __consumer_offsets-3, __consumer_offsets-36, __consumer_offsets-47, __consumer_offsets-14, __consumer_offsets-43, __consumer_offsets-10, __consumer_offsets-22, __consumer_offsets-18, __consumer_offsets-31, __consumer_offsets-27, __consumer_offsets-39, __consumer_offsets-6, __consumer_offsets-35, __consumer_offsets-2)
2026-02-11T14:48:29.019+01:00  INFO 8172 --- [r-event-handler] state.change.logger                      : [Broker id=0] Creating new partition __consumer_offsets-13 with topic id pCr4fOilTyaCgNengGgkVA.
2026-02-11T14:48:29.026+01:00  INFO 8172 --- [r-event-handler] o.a.k.storage.internals.log.UnifiedLog   : [LogLoader partition=__consumer_offsets-13, dir=C:\Users\simra\AppData\Local\Temp\kafka-15345859903009469624\combined_0_0] Loading producer state till offset 0
2026-02-11T14:48:29.027+01:00  INFO 8172 --- [r-event-handler] kafka.log.LogManager                     : Created log for partition __consumer_offsets-13 in C:\Users\simra\AppData\Local\Temp\kafka-15345859903009469624\combined_0_0\__consumer_offsets-13 with properties {cleanup.policy=compact, compression.type="producer", segment.bytes=104857600}
2026-02-11T14:48:29.027+01:00  INFO 8172 --- [r-event-handler] kafka.cluster.Partition                  : [Partition __consumer_offsets-13 broker=0] No checkpointed highwatermark is found for partition __consumer_offsets-13
2026-02-11T14:48:29.027+01:00  INFO 8172 --- [r-event-handler] kafka.cluster.Partition                  : [Partition __consumer_offsets-13 broker=0] Log loaded for partition __consumer_offsets-13 with initial high watermark 0
2026-02-11T14:48:29.028+01:00  INFO 8172 --- [r-event-handler] state.change.logger                      : [Broker id=0] Leader __consumer_offsets-13 with topic id Some(pCr4fOilTyaCgNengGgkVA) starts at leader epoch 0 from offset 0 with partition epoch 0, high watermark 0, ISR [0], adding replicas [] and removing replicas [] . Previous leader None and previous leader epoch was -1.
2026-02-11T14:48:29.033+01:00  INFO 8172 --- [r-event-handler] state.change.logger                      : [Broker id=0] Creating new partition __consumer_offsets-46 with topic id pCr4fOilTyaCgNengGgkVA.
2026-02-11T14:48:29.039+01:00  INFO 8172 --- [r-event-handler] o.a.k.storage.internals.log.UnifiedLog   : [LogLoader partition=__consumer_offsets-46, dir=C:\Users\simra\AppData\Local\Temp\kafka-15345859903009469624\combined_0_0] Loading producer state till offset 0
2026-02-11T14:48:29.041+01:00  INFO 8172 --- [r-event-handler] kafka.log.LogManager                     : Created log for partition __consumer_offsets-46 in C:\Users\simra\AppData\Local\Temp\kafka-15345859903009469624\combined_0_0\__consumer_offsets-46 with properties {cleanup.policy=compact, compression.type="producer", segment.bytes=104857600}
2026-02-11T14:48:29.041+01:00  INFO 8172 --- [r-event-handler] kafka.cluster.Partition                  : [Partition __consumer_offsets-46 broker=0] No checkpointed highwatermark is found for partition __consumer_offsets-46
2026-02-11T14:48:29.041+01:00  INFO 8172 --- [r-event-handler] kafka.cluster.Partition                  : [Partition __consumer_offsets-46 broker=0] Log loaded for partition __consumer_offsets-46 with initial high watermark 0
2026-02-11T14:48:29.042+01:00  INFO 8172 --- [r-event-handler] state.change.logger                      : [Broker id=0] Leader __consumer_offsets-46 with topic id Some(pCr4fOilTyaCgNengGgkVA) starts at leader epoch 0 from offset 0 with partition epoch 0, high watermark 0, ISR [0], adding replicas [] and removing replicas [] . Previous leader None and previous leader epoch was -1.
2026-02-11T14:48:29.046+01:00  INFO 8172 --- [r-event-handler] state.change.logger                      : [Broker id=0] Creating new partition __consumer_offsets-9 with topic id pCr4fOilTyaCgNengGgkVA.
2026-02-11T14:48:29.052+01:00  INFO 8172 --- [r-event-handler] o.a.k.storage.internals.log.UnifiedLog   : [LogLoader partition=__consumer_offsets-9, dir=C:\Users\simra\AppData\Local\Temp\kafka-15345859903009469624\combined_0_0] Loading producer state till offset 0
2026-02-11T14:48:29.053+01:00  INFO 8172 --- [r-event-handler] kafka.log.LogManager                     : Created log for partition __consumer_offsets-9 in C:\Users\simra\AppData\Local\Temp\kafka-15345859903009469624\combined_0_0\__consumer_offsets-9 with properties {cleanup.policy=compact, compression.type="producer", segment.bytes=104857600}
2026-02-11T14:48:29.053+01:00  INFO 8172 --- [r-event-handler] kafka.cluster.Partition                  : [Partition __consumer_offsets-9 broker=0] No checkpointed highwatermark is found for partition __consumer_offsets-9
2026-02-11T14:48:29.053+01:00  INFO 8172 --- [r-event-handler] kafka.cluster.Partition                  : [Partition __consumer_offsets-9 broker=0] Log loaded for partition __consumer_offsets-9 with initial high watermark 0
2026-02-11T14:48:29.054+01:00  INFO 8172 --- [r-event-handler] state.change.logger                      : [Broker id=0] Leader __consumer_offsets-9 with topic id Some(pCr4fOilTyaCgNengGgkVA) starts at leader epoch 0 from offset 0 with partition epoch 0, high watermark 0, ISR [0], adding replicas [] and removing replicas [] . Previous leader None and previous leader epoch was -1.
2026-02-11T14:48:29.058+01:00  INFO 8172 --- [r-event-handler] state.change.logger                      : [Broker id=0] Creating new partition __consumer_offsets-42 with topic id pCr4fOilTyaCgNengGgkVA.
2026-02-11T14:48:29.065+01:00  INFO 8172 --- [r-event-handler] o.a.k.storage.internals.log.UnifiedLog   : [LogLoader partition=__consumer_offsets-42, dir=C:\Users\simra\AppData\Local\Temp\kafka-15345859903009469624\combined_0_0] Loading producer state till offset 0
2026-02-11T14:48:29.066+01:00  INFO 8172 --- [r-event-handler] kafka.log.LogManager                     : Created log for partition __consumer_offsets-42 in C:\Users\simra\AppData\Local\Temp\kafka-15345859903009469624\combined_0_0\__consumer_offsets-42 with properties {cleanup.policy=compact, compression.type="producer", segment.bytes=104857600}
2026-02-11T14:48:29.066+01:00  INFO 8172 --- [r-event-handler] kafka.cluster.Partition                  : [Partition __consumer_offsets-42 broker=0] No checkpointed highwatermark is found for partition __consumer_offsets-42
2026-02-11T14:48:29.066+01:00  INFO 8172 --- [r-event-handler] kafka.cluster.Partition                  : [Partition __consumer_offsets-42 broker=0] Log loaded for partition __consumer_offsets-42 with initial high watermark 0
2026-02-11T14:48:29.067+01:00  INFO 8172 --- [r-event-handler] state.change.logger                      : [Broker id=0] Leader __consumer_offsets-42 with topic id Some(pCr4fOilTyaCgNengGgkVA) starts at leader epoch 0 from offset 0 with partition epoch 0, high watermark 0, ISR [0], adding replicas [] and removing replicas [] . Previous leader None and previous leader epoch was -1.
2026-02-11T14:48:29.072+01:00  INFO 8172 --- [r-event-handler] state.change.logger                      : [Broker id=0] Creating new partition __consumer_offsets-21 with topic id pCr4fOilTyaCgNengGgkVA.
2026-02-11T14:48:29.080+01:00  INFO 8172 --- [r-event-handler] o.a.k.storage.internals.log.UnifiedLog   : [LogLoader partition=__consumer_offsets-21, dir=C:\Users\simra\AppData\Local\Temp\kafka-15345859903009469624\combined_0_0] Loading producer state till offset 0
2026-02-11T14:48:29.081+01:00  INFO 8172 --- [r-event-handler] kafka.log.LogManager                     : Created log for partition __consumer_offsets-21 in C:\Users\simra\AppData\Local\Temp\kafka-15345859903009469624\combined_0_0\__consumer_offsets-21 with properties {cleanup.policy=compact, compression.type="producer", segment.bytes=104857600}
2026-02-11T14:48:29.081+01:00  INFO 8172 --- [r-event-handler] kafka.cluster.Partition                  : [Partition __consumer_offsets-21 broker=0] No checkpointed highwatermark is found for partition __consumer_offsets-21
2026-02-11T14:48:29.081+01:00  INFO 8172 --- [r-event-handler] kafka.cluster.Partition                  : [Partition __consumer_offsets-21 broker=0] Log loaded for partition __consumer_offsets-21 with initial high watermark 0
2026-02-11T14:48:29.081+01:00  INFO 8172 --- [r-event-handler] state.change.logger                      : [Broker id=0] Leader __consumer_offsets-21 with topic id Some(pCr4fOilTyaCgNengGgkVA) starts at leader epoch 0 from offset 0 with partition epoch 0, high watermark 0, ISR [0], adding replicas [] and removing replicas [] . Previous leader None and previous leader epoch was -1.
2026-02-11T14:48:29.086+01:00  INFO 8172 --- [r-event-handler] state.change.logger                      : [Broker id=0] Creating new partition __consumer_offsets-17 with topic id pCr4fOilTyaCgNengGgkVA.
2026-02-11T14:48:29.094+01:00  INFO 8172 --- [r-event-handler] o.a.k.storage.internals.log.UnifiedLog   : [LogLoader partition=__consumer_offsets-17, dir=C:\Users\simra\AppData\Local\Temp\kafka-15345859903009469624\combined_0_0] Loading producer state till offset 0
2026-02-11T14:48:29.095+01:00  INFO 8172 --- [r-event-handler] kafka.log.LogManager                     : Created log for partition __consumer_offsets-17 in C:\Users\simra\AppData\Local\Temp\kafka-15345859903009469624\combined_0_0\__consumer_offsets-17 with properties {cleanup.policy=compact, compression.type="producer", segment.bytes=104857600}
2026-02-11T14:48:29.095+01:00  INFO 8172 --- [r-event-handler] kafka.cluster.Partition                  : [Partition __consumer_offsets-17 broker=0] No checkpointed highwatermark is found for partition __consumer_offsets-17
2026-02-11T14:48:29.095+01:00  INFO 8172 --- [r-event-handler] kafka.cluster.Partition                  : [Partition __consumer_offsets-17 broker=0] Log loaded for partition __consumer_offsets-17 with initial high watermark 0
2026-02-11T14:48:29.096+01:00  INFO 8172 --- [r-event-handler] state.change.logger                      : [Broker id=0] Leader __consumer_offsets-17 with topic id Some(pCr4fOilTyaCgNengGgkVA) starts at leader epoch 0 from offset 0 with partition epoch 0, high watermark 0, ISR [0], adding replicas [] and removing replicas [] . Previous leader None and previous leader epoch was -1.
2026-02-11T14:48:29.099+01:00  INFO 8172 --- [           main] o.a.k.c.c.internals.ConsumerCoordinator  : [Consumer clientId=consumer-test-group-c5e69935-aac1-4c2f-bcb8-92dab3ff8a15-1, groupId=test-group-c5e69935-aac1-4c2f-bcb8-92dab3ff8a15] Discovered group coordinator localhost:52860 (id: 2147483647 rack: null isFenced: false)
2026-02-11T14:48:29.100+01:00  INFO 8172 --- [r-event-handler] state.change.logger                      : [Broker id=0] Creating new partition __consumer_offsets-30 with topic id pCr4fOilTyaCgNengGgkVA.
2026-02-11T14:48:29.107+01:00  INFO 8172 --- [           main] o.a.k.c.c.internals.ConsumerCoordinator  : [Consumer clientId=consumer-test-group-c5e69935-aac1-4c2f-bcb8-92dab3ff8a15-1, groupId=test-group-c5e69935-aac1-4c2f-bcb8-92dab3ff8a15] (Re-)joining group
2026-02-11T14:48:29.109+01:00  INFO 8172 --- [r-event-handler] o.a.k.storage.internals.log.UnifiedLog   : [LogLoader partition=__consumer_offsets-30, dir=C:\Users\simra\AppData\Local\Temp\kafka-15345859903009469624\combined_0_0] Loading producer state till offset 0
2026-02-11T14:48:29.110+01:00  INFO 8172 --- [r-event-handler] kafka.log.LogManager                     : Created log for partition __consumer_offsets-30 in C:\Users\simra\AppData\Local\Temp\kafka-15345859903009469624\combined_0_0\__consumer_offsets-30 with properties {cleanup.policy=compact, compression.type="producer", segment.bytes=104857600}
2026-02-11T14:48:29.110+01:00  INFO 8172 --- [r-event-handler] kafka.cluster.Partition                  : [Partition __consumer_offsets-30 broker=0] No checkpointed highwatermark is found for partition __consumer_offsets-30
2026-02-11T14:48:29.110+01:00  INFO 8172 --- [r-event-handler] kafka.cluster.Partition                  : [Partition __consumer_offsets-30 broker=0] Log loaded for partition __consumer_offsets-30 with initial high watermark 0
2026-02-11T14:48:29.111+01:00  INFO 8172 --- [r-event-handler] state.change.logger                      : [Broker id=0] Leader __consumer_offsets-30 with topic id Some(pCr4fOilTyaCgNengGgkVA) starts at leader epoch 0 from offset 0 with partition epoch 0, high watermark 0, ISR [0], adding replicas [] and removing replicas [] . Previous leader None and previous leader epoch was -1.
2026-02-11T14:48:29.117+01:00  INFO 8172 --- [r-event-handler] state.change.logger                      : [Broker id=0] Creating new partition __consumer_offsets-26 with topic id pCr4fOilTyaCgNengGgkVA.
2026-02-11T14:48:29.130+01:00  INFO 8172 --- [r-event-handler] o.a.k.storage.internals.log.UnifiedLog   : [LogLoader partition=__consumer_offsets-26, dir=C:\Users\simra\AppData\Local\Temp\kafka-15345859903009469624\combined_0_0] Loading producer state till offset 0
2026-02-11T14:48:29.130+01:00  INFO 8172 --- [r-event-handler] kafka.log.LogManager                     : Created log for partition __consumer_offsets-26 in C:\Users\simra\AppData\Local\Temp\kafka-15345859903009469624\combined_0_0\__consumer_offsets-26 with properties {cleanup.policy=compact, compression.type="producer", segment.bytes=104857600}
2026-02-11T14:48:29.131+01:00  INFO 8172 --- [r-event-handler] kafka.cluster.Partition                  : [Partition __consumer_offsets-26 broker=0] No checkpointed highwatermark is found for partition __consumer_offsets-26
2026-02-11T14:48:29.131+01:00  INFO 8172 --- [r-event-handler] kafka.cluster.Partition                  : [Partition __consumer_offsets-26 broker=0] Log loaded for partition __consumer_offsets-26 with initial high watermark 0
2026-02-11T14:48:29.131+01:00  INFO 8172 --- [r-event-handler] state.change.logger                      : [Broker id=0] Leader __consumer_offsets-26 with topic id Some(pCr4fOilTyaCgNengGgkVA) starts at leader epoch 0 from offset 0 with partition epoch 0, high watermark 0, ISR [0], adding replicas [] and removing replicas [] . Previous leader None and previous leader epoch was -1.
2026-02-11T14:48:29.136+01:00  INFO 8172 --- [r-event-handler] state.change.logger                      : [Broker id=0] Creating new partition __consumer_offsets-5 with topic id pCr4fOilTyaCgNengGgkVA.
2026-02-11T14:48:29.140+01:00  INFO 8172 --- [           main] o.a.k.c.c.internals.ConsumerCoordinator  : [Consumer clientId=consumer-test-group-c5e69935-aac1-4c2f-bcb8-92dab3ff8a15-1, groupId=test-group-c5e69935-aac1-4c2f-bcb8-92dab3ff8a15] Group coordinator localhost:52860 (id: 2147483647 rack: null isFenced: false) is unavailable or invalid due to cause: error response NOT_COORDINATOR. isDisconnected: false. Rediscovery will be attempted.
2026-02-11T14:48:29.140+01:00  INFO 8172 --- [           main] o.a.k.c.c.internals.ConsumerCoordinator  : [Consumer clientId=consumer-test-group-c5e69935-aac1-4c2f-bcb8-92dab3ff8a15-1, groupId=test-group-c5e69935-aac1-4c2f-bcb8-92dab3ff8a15] Requesting disconnect from last known coordinator localhost:52860 (id: 2147483647 rack: null isFenced: false)
2026-02-11T14:48:29.143+01:00  INFO 8172 --- [           main] o.a.k.c.c.internals.ConsumerCoordinator  : [Consumer clientId=consumer-test-group-c5e69935-aac1-4c2f-bcb8-92dab3ff8a15-1, groupId=test-group-c5e69935-aac1-4c2f-bcb8-92dab3ff8a15] JoinGroup failed: This is not the correct coordinator. Marking coordinator unknown. Sent generation was Generation{generationId=-1, memberId='', protocol='null'}
2026-02-11T14:48:29.144+01:00  INFO 8172 --- [           main] org.apache.kafka.clients.NetworkClient   : [Consumer clientId=consumer-test-group-c5e69935-aac1-4c2f-bcb8-92dab3ff8a15-1, groupId=test-group-c5e69935-aac1-4c2f-bcb8-92dab3ff8a15] Client requested disconnect from node 2147483647
2026-02-11T14:48:29.144+01:00  INFO 8172 --- [r-event-handler] o.a.k.storage.internals.log.UnifiedLog   : [LogLoader partition=__consumer_offsets-5, dir=C:\Users\simra\AppData\Local\Temp\kafka-15345859903009469624\combined_0_0] Loading producer state till offset 0
2026-02-11T14:48:29.145+01:00  INFO 8172 --- [r-event-handler] kafka.log.LogManager                     : Created log for partition __consumer_offsets-5 in C:\Users\simra\AppData\Local\Temp\kafka-15345859903009469624\combined_0_0\__consumer_offsets-5 with properties {cleanup.policy=compact, compression.type="producer", segment.bytes=104857600}
2026-02-11T14:48:29.145+01:00  INFO 8172 --- [r-event-handler] kafka.cluster.Partition                  : [Partition __consumer_offsets-5 broker=0] No checkpointed highwatermark is found for partition __consumer_offsets-5
2026-02-11T14:48:29.145+01:00  INFO 8172 --- [r-event-handler] kafka.cluster.Partition                  : [Partition __consumer_offsets-5 broker=0] Log loaded for partition __consumer_offsets-5 with initial high watermark 0
2026-02-11T14:48:29.145+01:00  INFO 8172 --- [r-event-handler] state.change.logger                      : [Broker id=0] Leader __consumer_offsets-5 with topic id Some(pCr4fOilTyaCgNengGgkVA) starts at leader epoch 0 from offset 0 with partition epoch 0, high watermark 0, ISR [0], adding replicas [] and removing replicas [] . Previous leader None and previous leader epoch was -1.
2026-02-11T14:48:29.147+01:00  INFO 8172 --- [           main] o.a.k.c.c.internals.ConsumerCoordinator  : [Consumer clientId=consumer-test-group-c5e69935-aac1-4c2f-bcb8-92dab3ff8a15-1, groupId=test-group-c5e69935-aac1-4c2f-bcb8-92dab3ff8a15] Discovered group coordinator localhost:52860 (id: 2147483647 rack: null isFenced: false)
2026-02-11T14:48:29.148+01:00  INFO 8172 --- [           main] o.a.k.c.c.internals.ConsumerCoordinator  : [Consumer clientId=consumer-test-group-c5e69935-aac1-4c2f-bcb8-92dab3ff8a15-1, groupId=test-group-c5e69935-aac1-4c2f-bcb8-92dab3ff8a15] Group coordinator localhost:52860 (id: 2147483647 rack: null isFenced: false) is unavailable or invalid due to cause: coordinator unavailable. isDisconnected: false. Rediscovery will be attempted.
2026-02-11T14:48:29.148+01:00  INFO 8172 --- [           main] o.a.k.c.c.internals.ConsumerCoordinator  : [Consumer clientId=consumer-test-group-c5e69935-aac1-4c2f-bcb8-92dab3ff8a15-1, groupId=test-group-c5e69935-aac1-4c2f-bcb8-92dab3ff8a15] Requesting disconnect from last known coordinator localhost:52860 (id: 2147483647 rack: null isFenced: false)
2026-02-11T14:48:29.152+01:00  INFO 8172 --- [r-event-handler] state.change.logger                      : [Broker id=0] Creating new partition __consumer_offsets-38 with topic id pCr4fOilTyaCgNengGgkVA.
2026-02-11T14:48:29.159+01:00  INFO 8172 --- [r-event-handler] o.a.k.storage.internals.log.UnifiedLog   : [LogLoader partition=__consumer_offsets-38, dir=C:\Users\simra\AppData\Local\Temp\kafka-15345859903009469624\combined_0_0] Loading producer state till offset 0
2026-02-11T14:48:29.160+01:00  INFO 8172 --- [r-event-handler] kafka.log.LogManager                     : Created log for partition __consumer_offsets-38 in C:\Users\simra\AppData\Local\Temp\kafka-15345859903009469624\combined_0_0\__consumer_offsets-38 with properties {cleanup.policy=compact, compression.type="producer", segment.bytes=104857600}
2026-02-11T14:48:29.160+01:00  INFO 8172 --- [r-event-handler] kafka.cluster.Partition                  : [Partition __consumer_offsets-38 broker=0] No checkpointed highwatermark is found for partition __consumer_offsets-38
2026-02-11T14:48:29.160+01:00  INFO 8172 --- [r-event-handler] kafka.cluster.Partition                  : [Partition __consumer_offsets-38 broker=0] Log loaded for partition __consumer_offsets-38 with initial high watermark 0
2026-02-11T14:48:29.160+01:00  INFO 8172 --- [r-event-handler] state.change.logger                      : [Broker id=0] Leader __consumer_offsets-38 with topic id Some(pCr4fOilTyaCgNengGgkVA) starts at leader epoch 0 from offset 0 with partition epoch 0, high watermark 0, ISR [0], adding replicas [] and removing replicas [] . Previous leader None and previous leader epoch was -1.
2026-02-11T14:48:29.165+01:00  INFO 8172 --- [r-event-handler] state.change.logger                      : [Broker id=0] Creating new partition __consumer_offsets-1 with topic id pCr4fOilTyaCgNengGgkVA.
2026-02-11T14:48:29.174+01:00  INFO 8172 --- [r-event-handler] o.a.k.storage.internals.log.UnifiedLog   : [LogLoader partition=__consumer_offsets-1, dir=C:\Users\simra\AppData\Local\Temp\kafka-15345859903009469624\combined_0_0] Loading producer state till offset 0
2026-02-11T14:48:29.175+01:00  INFO 8172 --- [r-event-handler] kafka.log.LogManager                     : Created log for partition __consumer_offsets-1 in C:\Users\simra\AppData\Local\Temp\kafka-15345859903009469624\combined_0_0\__consumer_offsets-1 with properties {cleanup.policy=compact, compression.type="producer", segment.bytes=104857600}
2026-02-11T14:48:29.175+01:00  INFO 8172 --- [r-event-handler] kafka.cluster.Partition                  : [Partition __consumer_offsets-1 broker=0] No checkpointed highwatermark is found for partition __consumer_offsets-1
2026-02-11T14:48:29.176+01:00  INFO 8172 --- [r-event-handler] kafka.cluster.Partition                  : [Partition __consumer_offsets-1 broker=0] Log loaded for partition __consumer_offsets-1 with initial high watermark 0
2026-02-11T14:48:29.176+01:00  INFO 8172 --- [r-event-handler] state.change.logger                      : [Broker id=0] Leader __consumer_offsets-1 with topic id Some(pCr4fOilTyaCgNengGgkVA) starts at leader epoch 0 from offset 0 with partition epoch 0, high watermark 0, ISR [0], adding replicas [] and removing replicas [] . Previous leader None and previous leader epoch was -1.
2026-02-11T14:48:29.181+01:00  INFO 8172 --- [r-event-handler] state.change.logger                      : [Broker id=0] Creating new partition __consumer_offsets-34 with topic id pCr4fOilTyaCgNengGgkVA.
2026-02-11T14:48:29.187+01:00  INFO 8172 --- [r-event-handler] o.a.k.storage.internals.log.UnifiedLog   : [LogLoader partition=__consumer_offsets-34, dir=C:\Users\simra\AppData\Local\Temp\kafka-15345859903009469624\combined_0_0] Loading producer state till offset 0
2026-02-11T14:48:29.188+01:00  INFO 8172 --- [r-event-handler] kafka.log.LogManager                     : Created log for partition __consumer_offsets-34 in C:\Users\simra\AppData\Local\Temp\kafka-15345859903009469624\combined_0_0\__consumer_offsets-34 with properties {cleanup.policy=compact, compression.type="producer", segment.bytes=104857600}
2026-02-11T14:48:29.188+01:00  INFO 8172 --- [r-event-handler] kafka.cluster.Partition                  : [Partition __consumer_offsets-34 broker=0] No checkpointed highwatermark is found for partition __consumer_offsets-34
2026-02-11T14:48:29.189+01:00  INFO 8172 --- [r-event-handler] kafka.cluster.Partition                  : [Partition __consumer_offsets-34 broker=0] Log loaded for partition __consumer_offsets-34 with initial high watermark 0
2026-02-11T14:48:29.189+01:00  INFO 8172 --- [r-event-handler] state.change.logger                      : [Broker id=0] Leader __consumer_offsets-34 with topic id Some(pCr4fOilTyaCgNengGgkVA) starts at leader epoch 0 from offset 0 with partition epoch 0, high watermark 0, ISR [0], adding replicas [] and removing replicas [] . Previous leader None and previous leader epoch was -1.
2026-02-11T14:48:29.194+01:00  INFO 8172 --- [r-event-handler] state.change.logger                      : [Broker id=0] Creating new partition __consumer_offsets-16 with topic id pCr4fOilTyaCgNengGgkVA.
2026-02-11T14:48:29.201+01:00  INFO 8172 --- [r-event-handler] o.a.k.storage.internals.log.UnifiedLog   : [LogLoader partition=__consumer_offsets-16, dir=C:\Users\simra\AppData\Local\Temp\kafka-15345859903009469624\combined_0_0] Loading producer state till offset 0
2026-02-11T14:48:29.202+01:00  INFO 8172 --- [r-event-handler] kafka.log.LogManager                     : Created log for partition __consumer_offsets-16 in C:\Users\simra\AppData\Local\Temp\kafka-15345859903009469624\combined_0_0\__consumer_offsets-16 with properties {cleanup.policy=compact, compression.type="producer", segment.bytes=104857600}
2026-02-11T14:48:29.202+01:00  INFO 8172 --- [r-event-handler] kafka.cluster.Partition                  : [Partition __consumer_offsets-16 broker=0] No checkpointed highwatermark is found for partition __consumer_offsets-16
2026-02-11T14:48:29.202+01:00  INFO 8172 --- [r-event-handler] kafka.cluster.Partition                  : [Partition __consumer_offsets-16 broker=0] Log loaded for partition __consumer_offsets-16 with initial high watermark 0
2026-02-11T14:48:29.202+01:00  INFO 8172 --- [r-event-handler] state.change.logger                      : [Broker id=0] Leader __consumer_offsets-16 with topic id Some(pCr4fOilTyaCgNengGgkVA) starts at leader epoch 0 from offset 0 with partition epoch 0, high watermark 0, ISR [0], adding replicas [] and removing replicas [] . Previous leader None and previous leader epoch was -1.
2026-02-11T14:48:29.208+01:00  INFO 8172 --- [r-event-handler] state.change.logger                      : [Broker id=0] Creating new partition __consumer_offsets-45 with topic id pCr4fOilTyaCgNengGgkVA.
2026-02-11T14:48:29.217+01:00  INFO 8172 --- [r-event-handler] o.a.k.storage.internals.log.UnifiedLog   : [LogLoader partition=__consumer_offsets-45, dir=C:\Users\simra\AppData\Local\Temp\kafka-15345859903009469624\combined_0_0] Loading producer state till offset 0
2026-02-11T14:48:29.218+01:00  INFO 8172 --- [r-event-handler] kafka.log.LogManager                     : Created log for partition __consumer_offsets-45 in C:\Users\simra\AppData\Local\Temp\kafka-15345859903009469624\combined_0_0\__consumer_offsets-45 with properties {cleanup.policy=compact, compression.type="producer", segment.bytes=104857600}
2026-02-11T14:48:29.218+01:00  INFO 8172 --- [r-event-handler] kafka.cluster.Partition                  : [Partition __consumer_offsets-45 broker=0] No checkpointed highwatermark is found for partition __consumer_offsets-45
2026-02-11T14:48:29.218+01:00  INFO 8172 --- [r-event-handler] kafka.cluster.Partition                  : [Partition __consumer_offsets-45 broker=0] Log loaded for partition __consumer_offsets-45 with initial high watermark 0
2026-02-11T14:48:29.218+01:00  INFO 8172 --- [r-event-handler] state.change.logger                      : [Broker id=0] Leader __consumer_offsets-45 with topic id Some(pCr4fOilTyaCgNengGgkVA) starts at leader epoch 0 from offset 0 with partition epoch 0, high watermark 0, ISR [0], adding replicas [] and removing replicas [] . Previous leader None and previous leader epoch was -1.
2026-02-11T14:48:29.224+01:00  INFO 8172 --- [r-event-handler] state.change.logger                      : [Broker id=0] Creating new partition __consumer_offsets-12 with topic id pCr4fOilTyaCgNengGgkVA.
2026-02-11T14:48:29.232+01:00  INFO 8172 --- [r-event-handler] o.a.k.storage.internals.log.UnifiedLog   : [LogLoader partition=__consumer_offsets-12, dir=C:\Users\simra\AppData\Local\Temp\kafka-15345859903009469624\combined_0_0] Loading producer state till offset 0
2026-02-11T14:48:29.233+01:00  INFO 8172 --- [r-event-handler] kafka.log.LogManager                     : Created log for partition __consumer_offsets-12 in C:\Users\simra\AppData\Local\Temp\kafka-15345859903009469624\combined_0_0\__consumer_offsets-12 with properties {cleanup.policy=compact, compression.type="producer", segment.bytes=104857600}
2026-02-11T14:48:29.233+01:00  INFO 8172 --- [r-event-handler] kafka.cluster.Partition                  : [Partition __consumer_offsets-12 broker=0] No checkpointed highwatermark is found for partition __consumer_offsets-12
2026-02-11T14:48:29.233+01:00  INFO 8172 --- [r-event-handler] kafka.cluster.Partition                  : [Partition __consumer_offsets-12 broker=0] Log loaded for partition __consumer_offsets-12 with initial high watermark 0
2026-02-11T14:48:29.233+01:00  INFO 8172 --- [r-event-handler] state.change.logger                      : [Broker id=0] Leader __consumer_offsets-12 with topic id Some(pCr4fOilTyaCgNengGgkVA) starts at leader epoch 0 from offset 0 with partition epoch 0, high watermark 0, ISR [0], adding replicas [] and removing replicas [] . Previous leader None and previous leader epoch was -1.
2026-02-11T14:48:29.239+01:00  INFO 8172 --- [r-event-handler] state.change.logger                      : [Broker id=0] Creating new partition __consumer_offsets-41 with topic id pCr4fOilTyaCgNengGgkVA.
2026-02-11T14:48:29.246+01:00  INFO 8172 --- [           main] o.a.k.c.c.internals.ConsumerCoordinator  : [Consumer clientId=consumer-test-group-c5e69935-aac1-4c2f-bcb8-92dab3ff8a15-1, groupId=test-group-c5e69935-aac1-4c2f-bcb8-92dab3ff8a15] Discovered group coordinator localhost:52860 (id: 2147483647 rack: null isFenced: false)
2026-02-11T14:48:29.247+01:00  INFO 8172 --- [           main] o.a.k.c.c.internals.ConsumerCoordinator  : [Consumer clientId=consumer-test-group-c5e69935-aac1-4c2f-bcb8-92dab3ff8a15-1, groupId=test-group-c5e69935-aac1-4c2f-bcb8-92dab3ff8a15] Request joining group due to: rebalance failed due to 'This is not the correct coordinator.' (NotCoordinatorException)
2026-02-11T14:48:29.247+01:00  INFO 8172 --- [r-event-handler] o.a.k.storage.internals.log.UnifiedLog   : [LogLoader partition=__consumer_offsets-41, dir=C:\Users\simra\AppData\Local\Temp\kafka-15345859903009469624\combined_0_0] Loading producer state till offset 0
2026-02-11T14:48:29.248+01:00  INFO 8172 --- [           main] o.a.k.c.c.internals.ConsumerCoordinator  : [Consumer clientId=consumer-test-group-c5e69935-aac1-4c2f-bcb8-92dab3ff8a15-1, groupId=test-group-c5e69935-aac1-4c2f-bcb8-92dab3ff8a15] (Re-)joining group
2026-02-11T14:48:29.248+01:00  INFO 8172 --- [r-event-handler] kafka.log.LogManager                     : Created log for partition __consumer_offsets-41 in C:\Users\simra\AppData\Local\Temp\kafka-15345859903009469624\combined_0_0\__consumer_offsets-41 with properties {cleanup.policy=compact, compression.type="producer", segment.bytes=104857600}
2026-02-11T14:48:29.248+01:00  INFO 8172 --- [r-event-handler] kafka.cluster.Partition                  : [Partition __consumer_offsets-41 broker=0] No checkpointed highwatermark is found for partition __consumer_offsets-41
2026-02-11T14:48:29.248+01:00  INFO 8172 --- [r-event-handler] kafka.cluster.Partition                  : [Partition __consumer_offsets-41 broker=0] Log loaded for partition __consumer_offsets-41 with initial high watermark 0
2026-02-11T14:48:29.248+01:00  INFO 8172 --- [r-event-handler] state.change.logger                      : [Broker id=0] Leader __consumer_offsets-41 with topic id Some(pCr4fOilTyaCgNengGgkVA) starts at leader epoch 0 from offset 0 with partition epoch 0, high watermark 0, ISR [0], adding replicas [] and removing replicas [] . Previous leader None and previous leader epoch was -1.
2026-02-11T14:48:29.251+01:00  INFO 8172 --- [           main] o.a.k.c.c.internals.ConsumerCoordinator  : [Consumer clientId=consumer-test-group-c5e69935-aac1-4c2f-bcb8-92dab3ff8a15-1, groupId=test-group-c5e69935-aac1-4c2f-bcb8-92dab3ff8a15] Group coordinator localhost:52860 (id: 2147483647 rack: null isFenced: false) is unavailable or invalid due to cause: error response NOT_COORDINATOR. isDisconnected: false. Rediscovery will be attempted.
2026-02-11T14:48:29.251+01:00  INFO 8172 --- [           main] o.a.k.c.c.internals.ConsumerCoordinator  : [Consumer clientId=consumer-test-group-c5e69935-aac1-4c2f-bcb8-92dab3ff8a15-1, groupId=test-group-c5e69935-aac1-4c2f-bcb8-92dab3ff8a15] Requesting disconnect from last known coordinator localhost:52860 (id: 2147483647 rack: null isFenced: false)
2026-02-11T14:48:29.251+01:00  INFO 8172 --- [           main] o.a.k.c.c.internals.ConsumerCoordinator  : [Consumer clientId=consumer-test-group-c5e69935-aac1-4c2f-bcb8-92dab3ff8a15-1, groupId=test-group-c5e69935-aac1-4c2f-bcb8-92dab3ff8a15] JoinGroup failed: This is not the correct coordinator. Marking coordinator unknown. Sent generation was Generation{generationId=-1, memberId='', protocol='null'}
2026-02-11T14:48:29.251+01:00  INFO 8172 --- [           main] org.apache.kafka.clients.NetworkClient   : [Consumer clientId=consumer-test-group-c5e69935-aac1-4c2f-bcb8-92dab3ff8a15-1, groupId=test-group-c5e69935-aac1-4c2f-bcb8-92dab3ff8a15] Client requested disconnect from node 2147483647
2026-02-11T14:48:29.254+01:00  INFO 8172 --- [r-event-handler] state.change.logger                      : [Broker id=0] Creating new partition __consumer_offsets-24 with topic id pCr4fOilTyaCgNengGgkVA.
2026-02-11T14:48:29.254+01:00  INFO 8172 --- [           main] o.a.k.c.c.internals.ConsumerCoordinator  : [Consumer clientId=consumer-test-group-c5e69935-aac1-4c2f-bcb8-92dab3ff8a15-1, groupId=test-group-c5e69935-aac1-4c2f-bcb8-92dab3ff8a15] Discovered group coordinator localhost:52860 (id: 2147483647 rack: null isFenced: false)
2026-02-11T14:48:29.254+01:00  INFO 8172 --- [           main] o.a.k.c.c.internals.ConsumerCoordinator  : [Consumer clientId=consumer-test-group-c5e69935-aac1-4c2f-bcb8-92dab3ff8a15-1, groupId=test-group-c5e69935-aac1-4c2f-bcb8-92dab3ff8a15] Group coordinator localhost:52860 (id: 2147483647 rack: null isFenced: false) is unavailable or invalid due to cause: coordinator unavailable. isDisconnected: false. Rediscovery will be attempted.
2026-02-11T14:48:29.254+01:00  INFO 8172 --- [           main] o.a.k.c.c.internals.ConsumerCoordinator  : [Consumer clientId=consumer-test-group-c5e69935-aac1-4c2f-bcb8-92dab3ff8a15-1, groupId=test-group-c5e69935-aac1-4c2f-bcb8-92dab3ff8a15] Requesting disconnect from last known coordinator localhost:52860 (id: 2147483647 rack: null isFenced: false)
2026-02-11T14:48:29.262+01:00  INFO 8172 --- [r-event-handler] o.a.k.storage.internals.log.UnifiedLog   : [LogLoader partition=__consumer_offsets-24, dir=C:\Users\simra\AppData\Local\Temp\kafka-15345859903009469624\combined_0_0] Loading producer state till offset 0
2026-02-11T14:48:29.263+01:00  INFO 8172 --- [r-event-handler] kafka.log.LogManager                     : Created log for partition __consumer_offsets-24 in C:\Users\simra\AppData\Local\Temp\kafka-15345859903009469624\combined_0_0\__consumer_offsets-24 with properties {cleanup.policy=compact, compression.type="producer", segment.bytes=104857600}
2026-02-11T14:48:29.263+01:00  INFO 8172 --- [r-event-handler] kafka.cluster.Partition                  : [Partition __consumer_offsets-24 broker=0] No checkpointed highwatermark is found for partition __consumer_offsets-24
2026-02-11T14:48:29.263+01:00  INFO 8172 --- [r-event-handler] kafka.cluster.Partition                  : [Partition __consumer_offsets-24 broker=0] Log loaded for partition __consumer_offsets-24 with initial high watermark 0
2026-02-11T14:48:29.264+01:00  INFO 8172 --- [r-event-handler] state.change.logger                      : [Broker id=0] Leader __consumer_offsets-24 with topic id Some(pCr4fOilTyaCgNengGgkVA) starts at leader epoch 0 from offset 0 with partition epoch 0, high watermark 0, ISR [0], adding replicas [] and removing replicas [] . Previous leader None and previous leader epoch was -1.
2026-02-11T14:48:29.269+01:00  INFO 8172 --- [r-event-handler] state.change.logger                      : [Broker id=0] Creating new partition __consumer_offsets-20 with topic id pCr4fOilTyaCgNengGgkVA.
2026-02-11T14:48:29.277+01:00  INFO 8172 --- [r-event-handler] o.a.k.storage.internals.log.UnifiedLog   : [LogLoader partition=__consumer_offsets-20, dir=C:\Users\simra\AppData\Local\Temp\kafka-15345859903009469624\combined_0_0] Loading producer state till offset 0
2026-02-11T14:48:29.278+01:00  INFO 8172 --- [r-event-handler] kafka.log.LogManager                     : Created log for partition __consumer_offsets-20 in C:\Users\simra\AppData\Local\Temp\kafka-15345859903009469624\combined_0_0\__consumer_offsets-20 with properties {cleanup.policy=compact, compression.type="producer", segment.bytes=104857600}
2026-02-11T14:48:29.278+01:00  INFO 8172 --- [r-event-handler] kafka.cluster.Partition                  : [Partition __consumer_offsets-20 broker=0] No checkpointed highwatermark is found for partition __consumer_offsets-20
2026-02-11T14:48:29.279+01:00  INFO 8172 --- [r-event-handler] kafka.cluster.Partition                  : [Partition __consumer_offsets-20 broker=0] Log loaded for partition __consumer_offsets-20 with initial high watermark 0
2026-02-11T14:48:29.279+01:00  INFO 8172 --- [r-event-handler] state.change.logger                      : [Broker id=0] Leader __consumer_offsets-20 with topic id Some(pCr4fOilTyaCgNengGgkVA) starts at leader epoch 0 from offset 0 with partition epoch 0, high watermark 0, ISR [0], adding replicas [] and removing replicas [] . Previous leader None and previous leader epoch was -1.
2026-02-11T14:48:29.284+01:00  INFO 8172 --- [r-event-handler] state.change.logger                      : [Broker id=0] Creating new partition __consumer_offsets-49 with topic id pCr4fOilTyaCgNengGgkVA.
2026-02-11T14:48:29.290+01:00  INFO 8172 --- [r-event-handler] o.a.k.storage.internals.log.UnifiedLog   : [LogLoader partition=__consumer_offsets-49, dir=C:\Users\simra\AppData\Local\Temp\kafka-15345859903009469624\combined_0_0] Loading producer state till offset 0
2026-02-11T14:48:29.291+01:00  INFO 8172 --- [r-event-handler] kafka.log.LogManager                     : Created log for partition __consumer_offsets-49 in C:\Users\simra\AppData\Local\Temp\kafka-15345859903009469624\combined_0_0\__consumer_offsets-49 with properties {cleanup.policy=compact, compression.type="producer", segment.bytes=104857600}
2026-02-11T14:48:29.291+01:00  INFO 8172 --- [r-event-handler] kafka.cluster.Partition                  : [Partition __consumer_offsets-49 broker=0] No checkpointed highwatermark is found for partition __consumer_offsets-49
2026-02-11T14:48:29.291+01:00  INFO 8172 --- [r-event-handler] kafka.cluster.Partition                  : [Partition __consumer_offsets-49 broker=0] Log loaded for partition __consumer_offsets-49 with initial high watermark 0
2026-02-11T14:48:29.291+01:00  INFO 8172 --- [r-event-handler] state.change.logger                      : [Broker id=0] Leader __consumer_offsets-49 with topic id Some(pCr4fOilTyaCgNengGgkVA) starts at leader epoch 0 from offset 0 with partition epoch 0, high watermark 0, ISR [0], adding replicas [] and removing replicas [] . Previous leader None and previous leader epoch was -1.
2026-02-11T14:48:29.296+01:00  INFO 8172 --- [r-event-handler] state.change.logger                      : [Broker id=0] Creating new partition __consumer_offsets-0 with topic id pCr4fOilTyaCgNengGgkVA.
2026-02-11T14:48:29.302+01:00  INFO 8172 --- [r-event-handler] o.a.k.storage.internals.log.UnifiedLog   : [LogLoader partition=__consumer_offsets-0, dir=C:\Users\simra\AppData\Local\Temp\kafka-15345859903009469624\combined_0_0] Loading producer state till offset 0
2026-02-11T14:48:29.302+01:00  INFO 8172 --- [r-event-handler] kafka.log.LogManager                     : Created log for partition __consumer_offsets-0 in C:\Users\simra\AppData\Local\Temp\kafka-15345859903009469624\combined_0_0\__consumer_offsets-0 with properties {cleanup.policy=compact, compression.type="producer", segment.bytes=104857600}
2026-02-11T14:48:29.303+01:00  INFO 8172 --- [r-event-handler] kafka.cluster.Partition                  : [Partition __consumer_offsets-0 broker=0] No checkpointed highwatermark is found for partition __consumer_offsets-0
2026-02-11T14:48:29.303+01:00  INFO 8172 --- [r-event-handler] kafka.cluster.Partition                  : [Partition __consumer_offsets-0 broker=0] Log loaded for partition __consumer_offsets-0 with initial high watermark 0
2026-02-11T14:48:29.303+01:00  INFO 8172 --- [r-event-handler] state.change.logger                      : [Broker id=0] Leader __consumer_offsets-0 with topic id Some(pCr4fOilTyaCgNengGgkVA) starts at leader epoch 0 from offset 0 with partition epoch 0, high watermark 0, ISR [0], adding replicas [] and removing replicas [] . Previous leader None and previous leader epoch was -1.
2026-02-11T14:48:29.307+01:00  INFO 8172 --- [r-event-handler] state.change.logger                      : [Broker id=0] Creating new partition __consumer_offsets-29 with topic id pCr4fOilTyaCgNengGgkVA.
2026-02-11T14:48:29.313+01:00  INFO 8172 --- [r-event-handler] o.a.k.storage.internals.log.UnifiedLog   : [LogLoader partition=__consumer_offsets-29, dir=C:\Users\simra\AppData\Local\Temp\kafka-15345859903009469624\combined_0_0] Loading producer state till offset 0
2026-02-11T14:48:29.314+01:00  INFO 8172 --- [r-event-handler] kafka.log.LogManager                     : Created log for partition __consumer_offsets-29 in C:\Users\simra\AppData\Local\Temp\kafka-15345859903009469624\combined_0_0\__consumer_offsets-29 with properties {cleanup.policy=compact, compression.type="producer", segment.bytes=104857600}
2026-02-11T14:48:29.314+01:00  INFO 8172 --- [r-event-handler] kafka.cluster.Partition                  : [Partition __consumer_offsets-29 broker=0] No checkpointed highwatermark is found for partition __consumer_offsets-29
2026-02-11T14:48:29.314+01:00  INFO 8172 --- [r-event-handler] kafka.cluster.Partition                  : [Partition __consumer_offsets-29 broker=0] Log loaded for partition __consumer_offsets-29 with initial high watermark 0
2026-02-11T14:48:29.314+01:00  INFO 8172 --- [r-event-handler] state.change.logger                      : [Broker id=0] Leader __consumer_offsets-29 with topic id Some(pCr4fOilTyaCgNengGgkVA) starts at leader epoch 0 from offset 0 with partition epoch 0, high watermark 0, ISR [0], adding replicas [] and removing replicas [] . Previous leader None and previous leader epoch was -1.
2026-02-11T14:48:29.320+01:00  INFO 8172 --- [r-event-handler] state.change.logger                      : [Broker id=0] Creating new partition __consumer_offsets-25 with topic id pCr4fOilTyaCgNengGgkVA.
2026-02-11T14:48:29.328+01:00  INFO 8172 --- [r-event-handler] o.a.k.storage.internals.log.UnifiedLog   : [LogLoader partition=__consumer_offsets-25, dir=C:\Users\simra\AppData\Local\Temp\kafka-15345859903009469624\combined_0_0] Loading producer state till offset 0
2026-02-11T14:48:29.328+01:00  INFO 8172 --- [r-event-handler] kafka.log.LogManager                     : Created log for partition __consumer_offsets-25 in C:\Users\simra\AppData\Local\Temp\kafka-15345859903009469624\combined_0_0\__consumer_offsets-25 with properties {cleanup.policy=compact, compression.type="producer", segment.bytes=104857600}
2026-02-11T14:48:29.328+01:00  INFO 8172 --- [r-event-handler] kafka.cluster.Partition                  : [Partition __consumer_offsets-25 broker=0] No checkpointed highwatermark is found for partition __consumer_offsets-25
2026-02-11T14:48:29.328+01:00  INFO 8172 --- [r-event-handler] kafka.cluster.Partition                  : [Partition __consumer_offsets-25 broker=0] Log loaded for partition __consumer_offsets-25 with initial high watermark 0
2026-02-11T14:48:29.328+01:00  INFO 8172 --- [r-event-handler] state.change.logger                      : [Broker id=0] Leader __consumer_offsets-25 with topic id Some(pCr4fOilTyaCgNengGgkVA) starts at leader epoch 0 from offset 0 with partition epoch 0, high watermark 0, ISR [0], adding replicas [] and removing replicas [] . Previous leader None and previous leader epoch was -1.
2026-02-11T14:48:29.333+01:00  INFO 8172 --- [r-event-handler] state.change.logger                      : [Broker id=0] Creating new partition __consumer_offsets-8 with topic id pCr4fOilTyaCgNengGgkVA.
2026-02-11T14:48:29.342+01:00  INFO 8172 --- [r-event-handler] o.a.k.storage.internals.log.UnifiedLog   : [LogLoader partition=__consumer_offsets-8, dir=C:\Users\simra\AppData\Local\Temp\kafka-15345859903009469624\combined_0_0] Loading producer state till offset 0
2026-02-11T14:48:29.342+01:00  INFO 8172 --- [r-event-handler] kafka.log.LogManager                     : Created log for partition __consumer_offsets-8 in C:\Users\simra\AppData\Local\Temp\kafka-15345859903009469624\combined_0_0\__consumer_offsets-8 with properties {cleanup.policy=compact, compression.type="producer", segment.bytes=104857600}
2026-02-11T14:48:29.342+01:00  INFO 8172 --- [r-event-handler] kafka.cluster.Partition                  : [Partition __consumer_offsets-8 broker=0] No checkpointed highwatermark is found for partition __consumer_offsets-8
2026-02-11T14:48:29.342+01:00  INFO 8172 --- [r-event-handler] kafka.cluster.Partition                  : [Partition __consumer_offsets-8 broker=0] Log loaded for partition __consumer_offsets-8 with initial high watermark 0
2026-02-11T14:48:29.342+01:00  INFO 8172 --- [r-event-handler] state.change.logger                      : [Broker id=0] Leader __consumer_offsets-8 with topic id Some(pCr4fOilTyaCgNengGgkVA) starts at leader epoch 0 from offset 0 with partition epoch 0, high watermark 0, ISR [0], adding replicas [] and removing replicas [] . Previous leader None and previous leader epoch was -1.
2026-02-11T14:48:29.349+01:00  INFO 8172 --- [r-event-handler] state.change.logger                      : [Broker id=0] Creating new partition __consumer_offsets-37 with topic id pCr4fOilTyaCgNengGgkVA.
2026-02-11T14:48:29.357+01:00  INFO 8172 --- [r-event-handler] o.a.k.storage.internals.log.UnifiedLog   : [LogLoader partition=__consumer_offsets-37, dir=C:\Users\simra\AppData\Local\Temp\kafka-15345859903009469624\combined_0_0] Loading producer state till offset 0
2026-02-11T14:48:29.357+01:00  INFO 8172 --- [r-event-handler] kafka.log.LogManager                     : Created log for partition __consumer_offsets-37 in C:\Users\simra\AppData\Local\Temp\kafka-15345859903009469624\combined_0_0\__consumer_offsets-37 with properties {cleanup.policy=compact, compression.type="producer", segment.bytes=104857600}
2026-02-11T14:48:29.357+01:00  INFO 8172 --- [r-event-handler] kafka.cluster.Partition                  : [Partition __consumer_offsets-37 broker=0] No checkpointed highwatermark is found for partition __consumer_offsets-37
2026-02-11T14:48:29.358+01:00  INFO 8172 --- [r-event-handler] kafka.cluster.Partition                  : [Partition __consumer_offsets-37 broker=0] Log loaded for partition __consumer_offsets-37 with initial high watermark 0
2026-02-11T14:48:29.358+01:00  INFO 8172 --- [r-event-handler] state.change.logger                      : [Broker id=0] Leader __consumer_offsets-37 with topic id Some(pCr4fOilTyaCgNengGgkVA) starts at leader epoch 0 from offset 0 with partition epoch 0, high watermark 0, ISR [0], adding replicas [] and removing replicas [] . Previous leader None and previous leader epoch was -1.
2026-02-11T14:48:29.360+01:00  INFO 8172 --- [           main] o.a.k.c.c.internals.ConsumerCoordinator  : [Consumer clientId=consumer-test-group-c5e69935-aac1-4c2f-bcb8-92dab3ff8a15-1, groupId=test-group-c5e69935-aac1-4c2f-bcb8-92dab3ff8a15] Discovered group coordinator localhost:52860 (id: 2147483647 rack: null isFenced: false)
2026-02-11T14:48:29.361+01:00  INFO 8172 --- [           main] o.a.k.c.c.internals.ConsumerCoordinator  : [Consumer clientId=consumer-test-group-c5e69935-aac1-4c2f-bcb8-92dab3ff8a15-1, groupId=test-group-c5e69935-aac1-4c2f-bcb8-92dab3ff8a15] Request joining group due to: rebalance failed due to 'This is not the correct coordinator.' (NotCoordinatorException)
2026-02-11T14:48:29.362+01:00  INFO 8172 --- [           main] o.a.k.c.c.internals.ConsumerCoordinator  : [Consumer clientId=consumer-test-group-c5e69935-aac1-4c2f-bcb8-92dab3ff8a15-1, groupId=test-group-c5e69935-aac1-4c2f-bcb8-92dab3ff8a15] (Re-)joining group
2026-02-11T14:48:29.363+01:00  INFO 8172 --- [r-event-handler] state.change.logger                      : [Broker id=0] Creating new partition __consumer_offsets-4 with topic id pCr4fOilTyaCgNengGgkVA.
2026-02-11T14:48:29.365+01:00  INFO 8172 --- [           main] o.a.k.c.c.internals.ConsumerCoordinator  : [Consumer clientId=consumer-test-group-c5e69935-aac1-4c2f-bcb8-92dab3ff8a15-1, groupId=test-group-c5e69935-aac1-4c2f-bcb8-92dab3ff8a15] Group coordinator localhost:52860 (id: 2147483647 rack: null isFenced: false) is unavailable or invalid due to cause: error response NOT_COORDINATOR. isDisconnected: false. Rediscovery will be attempted.
2026-02-11T14:48:29.365+01:00  INFO 8172 --- [           main] o.a.k.c.c.internals.ConsumerCoordinator  : [Consumer clientId=consumer-test-group-c5e69935-aac1-4c2f-bcb8-92dab3ff8a15-1, groupId=test-group-c5e69935-aac1-4c2f-bcb8-92dab3ff8a15] Requesting disconnect from last known coordinator localhost:52860 (id: 2147483647 rack: null isFenced: false)
2026-02-11T14:48:29.365+01:00  INFO 8172 --- [           main] o.a.k.c.c.internals.ConsumerCoordinator  : [Consumer clientId=consumer-test-group-c5e69935-aac1-4c2f-bcb8-92dab3ff8a15-1, groupId=test-group-c5e69935-aac1-4c2f-bcb8-92dab3ff8a15] JoinGroup failed: This is not the correct coordinator. Marking coordinator unknown. Sent generation was Generation{generationId=-1, memberId='', protocol='null'}
2026-02-11T14:48:29.365+01:00  INFO 8172 --- [           main] org.apache.kafka.clients.NetworkClient   : [Consumer clientId=consumer-test-group-c5e69935-aac1-4c2f-bcb8-92dab3ff8a15-1, groupId=test-group-c5e69935-aac1-4c2f-bcb8-92dab3ff8a15] Client requested disconnect from node 2147483647
2026-02-11T14:48:29.367+01:00  INFO 8172 --- [           main] o.a.k.c.c.internals.ConsumerCoordinator  : [Consumer clientId=consumer-test-group-c5e69935-aac1-4c2f-bcb8-92dab3ff8a15-1, groupId=test-group-c5e69935-aac1-4c2f-bcb8-92dab3ff8a15] Discovered group coordinator localhost:52860 (id: 2147483647 rack: null isFenced: false)
2026-02-11T14:48:29.367+01:00  INFO 8172 --- [           main] o.a.k.c.c.internals.ConsumerCoordinator  : [Consumer clientId=consumer-test-group-c5e69935-aac1-4c2f-bcb8-92dab3ff8a15-1, groupId=test-group-c5e69935-aac1-4c2f-bcb8-92dab3ff8a15] Group coordinator localhost:52860 (id: 2147483647 rack: null isFenced: false) is unavailable or invalid due to cause: coordinator unavailable. isDisconnected: false. Rediscovery will be attempted.
2026-02-11T14:48:29.367+01:00  INFO 8172 --- [           main] o.a.k.c.c.internals.ConsumerCoordinator  : [Consumer clientId=consumer-test-group-c5e69935-aac1-4c2f-bcb8-92dab3ff8a15-1, groupId=test-group-c5e69935-aac1-4c2f-bcb8-92dab3ff8a15] Requesting disconnect from last known coordinator localhost:52860 (id: 2147483647 rack: null isFenced: false)
2026-02-11T14:48:29.372+01:00  INFO 8172 --- [r-event-handler] o.a.k.storage.internals.log.UnifiedLog   : [LogLoader partition=__consumer_offsets-4, dir=C:\Users\simra\AppData\Local\Temp\kafka-15345859903009469624\combined_0_0] Loading producer state till offset 0
2026-02-11T14:48:29.373+01:00  INFO 8172 --- [r-event-handler] kafka.log.LogManager                     : Created log for partition __consumer_offsets-4 in C:\Users\simra\AppData\Local\Temp\kafka-15345859903009469624\combined_0_0\__consumer_offsets-4 with properties {cleanup.policy=compact, compression.type="producer", segment.bytes=104857600}
2026-02-11T14:48:29.373+01:00  INFO 8172 --- [r-event-handler] kafka.cluster.Partition                  : [Partition __consumer_offsets-4 broker=0] No checkpointed highwatermark is found for partition __consumer_offsets-4
2026-02-11T14:48:29.373+01:00  INFO 8172 --- [r-event-handler] kafka.cluster.Partition                  : [Partition __consumer_offsets-4 broker=0] Log loaded for partition __consumer_offsets-4 with initial high watermark 0
2026-02-11T14:48:29.373+01:00  INFO 8172 --- [r-event-handler] state.change.logger                      : [Broker id=0] Leader __consumer_offsets-4 with topic id Some(pCr4fOilTyaCgNengGgkVA) starts at leader epoch 0 from offset 0 with partition epoch 0, high watermark 0, ISR [0], adding replicas [] and removing replicas [] . Previous leader None and previous leader epoch was -1.
2026-02-11T14:48:29.379+01:00  INFO 8172 --- [r-event-handler] state.change.logger                      : [Broker id=0] Creating new partition __consumer_offsets-33 with topic id pCr4fOilTyaCgNengGgkVA.
2026-02-11T14:48:29.385+01:00  INFO 8172 --- [r-event-handler] o.a.k.storage.internals.log.UnifiedLog   : [LogLoader partition=__consumer_offsets-33, dir=C:\Users\simra\AppData\Local\Temp\kafka-15345859903009469624\combined_0_0] Loading producer state till offset 0
2026-02-11T14:48:29.386+01:00  INFO 8172 --- [r-event-handler] kafka.log.LogManager                     : Created log for partition __consumer_offsets-33 in C:\Users\simra\AppData\Local\Temp\kafka-15345859903009469624\combined_0_0\__consumer_offsets-33 with properties {cleanup.policy=compact, compression.type="producer", segment.bytes=104857600}
2026-02-11T14:48:29.386+01:00  INFO 8172 --- [r-event-handler] kafka.cluster.Partition                  : [Partition __consumer_offsets-33 broker=0] No checkpointed highwatermark is found for partition __consumer_offsets-33
2026-02-11T14:48:29.386+01:00  INFO 8172 --- [r-event-handler] kafka.cluster.Partition                  : [Partition __consumer_offsets-33 broker=0] Log loaded for partition __consumer_offsets-33 with initial high watermark 0
2026-02-11T14:48:29.386+01:00  INFO 8172 --- [r-event-handler] state.change.logger                      : [Broker id=0] Leader __consumer_offsets-33 with topic id Some(pCr4fOilTyaCgNengGgkVA) starts at leader epoch 0 from offset 0 with partition epoch 0, high watermark 0, ISR [0], adding replicas [] and removing replicas [] . Previous leader None and previous leader epoch was -1.
2026-02-11T14:48:29.392+01:00  INFO 8172 --- [r-event-handler] state.change.logger                      : [Broker id=0] Creating new partition __consumer_offsets-15 with topic id pCr4fOilTyaCgNengGgkVA.
2026-02-11T14:48:29.398+01:00  INFO 8172 --- [r-event-handler] o.a.k.storage.internals.log.UnifiedLog   : [LogLoader partition=__consumer_offsets-15, dir=C:\Users\simra\AppData\Local\Temp\kafka-15345859903009469624\combined_0_0] Loading producer state till offset 0
2026-02-11T14:48:29.398+01:00  INFO 8172 --- [r-event-handler] kafka.log.LogManager                     : Created log for partition __consumer_offsets-15 in C:\Users\simra\AppData\Local\Temp\kafka-15345859903009469624\combined_0_0\__consumer_offsets-15 with properties {cleanup.policy=compact, compression.type="producer", segment.bytes=104857600}
2026-02-11T14:48:29.398+01:00  INFO 8172 --- [r-event-handler] kafka.cluster.Partition                  : [Partition __consumer_offsets-15 broker=0] No checkpointed highwatermark is found for partition __consumer_offsets-15
2026-02-11T14:48:29.398+01:00  INFO 8172 --- [r-event-handler] kafka.cluster.Partition                  : [Partition __consumer_offsets-15 broker=0] Log loaded for partition __consumer_offsets-15 with initial high watermark 0
2026-02-11T14:48:29.398+01:00  INFO 8172 --- [r-event-handler] state.change.logger                      : [Broker id=0] Leader __consumer_offsets-15 with topic id Some(pCr4fOilTyaCgNengGgkVA) starts at leader epoch 0 from offset 0 with partition epoch 0, high watermark 0, ISR [0], adding replicas [] and removing replicas [] . Previous leader None and previous leader epoch was -1.
2026-02-11T14:48:29.404+01:00  INFO 8172 --- [r-event-handler] state.change.logger                      : [Broker id=0] Creating new partition __consumer_offsets-48 with topic id pCr4fOilTyaCgNengGgkVA.
2026-02-11T14:48:29.409+01:00  INFO 8172 --- [r-event-handler] o.a.k.storage.internals.log.UnifiedLog   : [LogLoader partition=__consumer_offsets-48, dir=C:\Users\simra\AppData\Local\Temp\kafka-15345859903009469624\combined_0_0] Loading producer state till offset 0
2026-02-11T14:48:29.410+01:00  INFO 8172 --- [r-event-handler] kafka.log.LogManager                     : Created log for partition __consumer_offsets-48 in C:\Users\simra\AppData\Local\Temp\kafka-15345859903009469624\combined_0_0\__consumer_offsets-48 with properties {cleanup.policy=compact, compression.type="producer", segment.bytes=104857600}
2026-02-11T14:48:29.410+01:00  INFO 8172 --- [r-event-handler] kafka.cluster.Partition                  : [Partition __consumer_offsets-48 broker=0] No checkpointed highwatermark is found for partition __consumer_offsets-48
2026-02-11T14:48:29.410+01:00  INFO 8172 --- [r-event-handler] kafka.cluster.Partition                  : [Partition __consumer_offsets-48 broker=0] Log loaded for partition __consumer_offsets-48 with initial high watermark 0
2026-02-11T14:48:29.410+01:00  INFO 8172 --- [r-event-handler] state.change.logger                      : [Broker id=0] Leader __consumer_offsets-48 with topic id Some(pCr4fOilTyaCgNengGgkVA) starts at leader epoch 0 from offset 0 with partition epoch 0, high watermark 0, ISR [0], adding replicas [] and removing replicas [] . Previous leader None and previous leader epoch was -1.
2026-02-11T14:48:29.416+01:00  INFO 8172 --- [r-event-handler] state.change.logger                      : [Broker id=0] Creating new partition __consumer_offsets-11 with topic id pCr4fOilTyaCgNengGgkVA.
2026-02-11T14:48:29.424+01:00  INFO 8172 --- [r-event-handler] o.a.k.storage.internals.log.UnifiedLog   : [LogLoader partition=__consumer_offsets-11, dir=C:\Users\simra\AppData\Local\Temp\kafka-15345859903009469624\combined_0_0] Loading producer state till offset 0
2026-02-11T14:48:29.425+01:00  INFO 8172 --- [r-event-handler] kafka.log.LogManager                     : Created log for partition __consumer_offsets-11 in C:\Users\simra\AppData\Local\Temp\kafka-15345859903009469624\combined_0_0\__consumer_offsets-11 with properties {cleanup.policy=compact, compression.type="producer", segment.bytes=104857600}
2026-02-11T14:48:29.425+01:00  INFO 8172 --- [r-event-handler] kafka.cluster.Partition                  : [Partition __consumer_offsets-11 broker=0] No checkpointed highwatermark is found for partition __consumer_offsets-11
2026-02-11T14:48:29.425+01:00  INFO 8172 --- [r-event-handler] kafka.cluster.Partition                  : [Partition __consumer_offsets-11 broker=0] Log loaded for partition __consumer_offsets-11 with initial high watermark 0
2026-02-11T14:48:29.425+01:00  INFO 8172 --- [r-event-handler] state.change.logger                      : [Broker id=0] Leader __consumer_offsets-11 with topic id Some(pCr4fOilTyaCgNengGgkVA) starts at leader epoch 0 from offset 0 with partition epoch 0, high watermark 0, ISR [0], adding replicas [] and removing replicas [] . Previous leader None and previous leader epoch was -1.
2026-02-11T14:48:29.431+01:00  INFO 8172 --- [r-event-handler] state.change.logger                      : [Broker id=0] Creating new partition __consumer_offsets-44 with topic id pCr4fOilTyaCgNengGgkVA.
2026-02-11T14:48:29.438+01:00  INFO 8172 --- [r-event-handler] o.a.k.storage.internals.log.UnifiedLog   : [LogLoader partition=__consumer_offsets-44, dir=C:\Users\simra\AppData\Local\Temp\kafka-15345859903009469624\combined_0_0] Loading producer state till offset 0
2026-02-11T14:48:29.439+01:00  INFO 8172 --- [r-event-handler] kafka.log.LogManager                     : Created log for partition __consumer_offsets-44 in C:\Users\simra\AppData\Local\Temp\kafka-15345859903009469624\combined_0_0\__consumer_offsets-44 with properties {cleanup.policy=compact, compression.type="producer", segment.bytes=104857600}
2026-02-11T14:48:29.439+01:00  INFO 8172 --- [r-event-handler] kafka.cluster.Partition                  : [Partition __consumer_offsets-44 broker=0] No checkpointed highwatermark is found for partition __consumer_offsets-44
2026-02-11T14:48:29.439+01:00  INFO 8172 --- [r-event-handler] kafka.cluster.Partition                  : [Partition __consumer_offsets-44 broker=0] Log loaded for partition __consumer_offsets-44 with initial high watermark 0
2026-02-11T14:48:29.439+01:00  INFO 8172 --- [r-event-handler] state.change.logger                      : [Broker id=0] Leader __consumer_offsets-44 with topic id Some(pCr4fOilTyaCgNengGgkVA) starts at leader epoch 0 from offset 0 with partition epoch 0, high watermark 0, ISR [0], adding replicas [] and removing replicas [] . Previous leader None and previous leader epoch was -1.
2026-02-11T14:48:29.445+01:00  INFO 8172 --- [r-event-handler] state.change.logger                      : [Broker id=0] Creating new partition __consumer_offsets-23 with topic id pCr4fOilTyaCgNengGgkVA.
2026-02-11T14:48:29.452+01:00  INFO 8172 --- [r-event-handler] o.a.k.storage.internals.log.UnifiedLog   : [LogLoader partition=__consumer_offsets-23, dir=C:\Users\simra\AppData\Local\Temp\kafka-15345859903009469624\combined_0_0] Loading producer state till offset 0
2026-02-11T14:48:29.453+01:00  INFO 8172 --- [r-event-handler] kafka.log.LogManager                     : Created log for partition __consumer_offsets-23 in C:\Users\simra\AppData\Local\Temp\kafka-15345859903009469624\combined_0_0\__consumer_offsets-23 with properties {cleanup.policy=compact, compression.type="producer", segment.bytes=104857600}
2026-02-11T14:48:29.453+01:00  INFO 8172 --- [r-event-handler] kafka.cluster.Partition                  : [Partition __consumer_offsets-23 broker=0] No checkpointed highwatermark is found for partition __consumer_offsets-23
2026-02-11T14:48:29.453+01:00  INFO 8172 --- [r-event-handler] kafka.cluster.Partition                  : [Partition __consumer_offsets-23 broker=0] Log loaded for partition __consumer_offsets-23 with initial high watermark 0
2026-02-11T14:48:29.453+01:00  INFO 8172 --- [r-event-handler] state.change.logger                      : [Broker id=0] Leader __consumer_offsets-23 with topic id Some(pCr4fOilTyaCgNengGgkVA) starts at leader epoch 0 from offset 0 with partition epoch 0, high watermark 0, ISR [0], adding replicas [] and removing replicas [] . Previous leader None and previous leader epoch was -1.
2026-02-11T14:48:29.459+01:00  INFO 8172 --- [r-event-handler] state.change.logger                      : [Broker id=0] Creating new partition __consumer_offsets-19 with topic id pCr4fOilTyaCgNengGgkVA.
2026-02-11T14:48:29.466+01:00  INFO 8172 --- [r-event-handler] o.a.k.storage.internals.log.UnifiedLog   : [LogLoader partition=__consumer_offsets-19, dir=C:\Users\simra\AppData\Local\Temp\kafka-15345859903009469624\combined_0_0] Loading producer state till offset 0
2026-02-11T14:48:29.466+01:00  INFO 8172 --- [r-event-handler] kafka.log.LogManager                     : Created log for partition __consumer_offsets-19 in C:\Users\simra\AppData\Local\Temp\kafka-15345859903009469624\combined_0_0\__consumer_offsets-19 with properties {cleanup.policy=compact, compression.type="producer", segment.bytes=104857600}
2026-02-11T14:48:29.466+01:00  INFO 8172 --- [r-event-handler] kafka.cluster.Partition                  : [Partition __consumer_offsets-19 broker=0] No checkpointed highwatermark is found for partition __consumer_offsets-19
2026-02-11T14:48:29.466+01:00  INFO 8172 --- [r-event-handler] kafka.cluster.Partition                  : [Partition __consumer_offsets-19 broker=0] Log loaded for partition __consumer_offsets-19 with initial high watermark 0
2026-02-11T14:48:29.467+01:00  INFO 8172 --- [r-event-handler] state.change.logger                      : [Broker id=0] Leader __consumer_offsets-19 with topic id Some(pCr4fOilTyaCgNengGgkVA) starts at leader epoch 0 from offset 0 with partition epoch 0, high watermark 0, ISR [0], adding replicas [] and removing replicas [] . Previous leader None and previous leader epoch was -1.
2026-02-11T14:48:29.472+01:00  INFO 8172 --- [r-event-handler] state.change.logger                      : [Broker id=0] Creating new partition __consumer_offsets-32 with topic id pCr4fOilTyaCgNengGgkVA.
2026-02-11T14:48:29.475+01:00  INFO 8172 --- [           main] o.a.k.c.c.internals.ConsumerCoordinator  : [Consumer clientId=consumer-test-group-c5e69935-aac1-4c2f-bcb8-92dab3ff8a15-1, groupId=test-group-c5e69935-aac1-4c2f-bcb8-92dab3ff8a15] Discovered group coordinator localhost:52860 (id: 2147483647 rack: null isFenced: false)
2026-02-11T14:48:29.476+01:00  INFO 8172 --- [           main] o.a.k.c.c.internals.ConsumerCoordinator  : [Consumer clientId=consumer-test-group-c5e69935-aac1-4c2f-bcb8-92dab3ff8a15-1, groupId=test-group-c5e69935-aac1-4c2f-bcb8-92dab3ff8a15] Request joining group due to: rebalance failed due to 'This is not the correct coordinator.' (NotCoordinatorException)
2026-02-11T14:48:29.477+01:00  INFO 8172 --- [           main] o.a.k.c.c.internals.ConsumerCoordinator  : [Consumer clientId=consumer-test-group-c5e69935-aac1-4c2f-bcb8-92dab3ff8a15-1, groupId=test-group-c5e69935-aac1-4c2f-bcb8-92dab3ff8a15] (Re-)joining group
2026-02-11T14:48:29.482+01:00  INFO 8172 --- [           main] o.a.k.c.c.internals.ConsumerCoordinator  : [Consumer clientId=consumer-test-group-c5e69935-aac1-4c2f-bcb8-92dab3ff8a15-1, groupId=test-group-c5e69935-aac1-4c2f-bcb8-92dab3ff8a15] Group coordinator localhost:52860 (id: 2147483647 rack: null isFenced: false) is unavailable or invalid due to cause: error response NOT_COORDINATOR. isDisconnected: false. Rediscovery will be attempted.
2026-02-11T14:48:29.482+01:00  INFO 8172 --- [           main] o.a.k.c.c.internals.ConsumerCoordinator  : [Consumer clientId=consumer-test-group-c5e69935-aac1-4c2f-bcb8-92dab3ff8a15-1, groupId=test-group-c5e69935-aac1-4c2f-bcb8-92dab3ff8a15] Requesting disconnect from last known coordinator localhost:52860 (id: 2147483647 rack: null isFenced: false)
2026-02-11T14:48:29.482+01:00  INFO 8172 --- [r-event-handler] o.a.k.storage.internals.log.UnifiedLog   : [LogLoader partition=__consumer_offsets-32, dir=C:\Users\simra\AppData\Local\Temp\kafka-15345859903009469624\combined_0_0] Loading producer state till offset 0
2026-02-11T14:48:29.482+01:00  INFO 8172 --- [           main] o.a.k.c.c.internals.ConsumerCoordinator  : [Consumer clientId=consumer-test-group-c5e69935-aac1-4c2f-bcb8-92dab3ff8a15-1, groupId=test-group-c5e69935-aac1-4c2f-bcb8-92dab3ff8a15] JoinGroup failed: This is not the correct coordinator. Marking coordinator unknown. Sent generation was Generation{generationId=-1, memberId='', protocol='null'}
2026-02-11T14:48:29.482+01:00  INFO 8172 --- [           main] org.apache.kafka.clients.NetworkClient   : [Consumer clientId=consumer-test-group-c5e69935-aac1-4c2f-bcb8-92dab3ff8a15-1, groupId=test-group-c5e69935-aac1-4c2f-bcb8-92dab3ff8a15] Client requested disconnect from node 2147483647
2026-02-11T14:48:29.483+01:00  INFO 8172 --- [r-event-handler] kafka.log.LogManager                     : Created log for partition __consumer_offsets-32 in C:\Users\simra\AppData\Local\Temp\kafka-15345859903009469624\combined_0_0\__consumer_offsets-32 with properties {cleanup.policy=compact, compression.type="producer", segment.bytes=104857600}
2026-02-11T14:48:29.483+01:00  INFO 8172 --- [r-event-handler] kafka.cluster.Partition                  : [Partition __consumer_offsets-32 broker=0] No checkpointed highwatermark is found for partition __consumer_offsets-32
2026-02-11T14:48:29.483+01:00  INFO 8172 --- [r-event-handler] kafka.cluster.Partition                  : [Partition __consumer_offsets-32 broker=0] Log loaded for partition __consumer_offsets-32 with initial high watermark 0
2026-02-11T14:48:29.483+01:00  INFO 8172 --- [r-event-handler] state.change.logger                      : [Broker id=0] Leader __consumer_offsets-32 with topic id Some(pCr4fOilTyaCgNengGgkVA) starts at leader epoch 0 from offset 0 with partition epoch 0, high watermark 0, ISR [0], adding replicas [] and removing replicas [] . Previous leader None and previous leader epoch was -1.
2026-02-11T14:48:29.485+01:00  INFO 8172 --- [           main] o.a.k.c.c.internals.ConsumerCoordinator  : [Consumer clientId=consumer-test-group-c5e69935-aac1-4c2f-bcb8-92dab3ff8a15-1, groupId=test-group-c5e69935-aac1-4c2f-bcb8-92dab3ff8a15] Discovered group coordinator localhost:52860 (id: 2147483647 rack: null isFenced: false)
2026-02-11T14:48:29.485+01:00  INFO 8172 --- [           main] o.a.k.c.c.internals.ConsumerCoordinator  : [Consumer clientId=consumer-test-group-c5e69935-aac1-4c2f-bcb8-92dab3ff8a15-1, groupId=test-group-c5e69935-aac1-4c2f-bcb8-92dab3ff8a15] Group coordinator localhost:52860 (id: 2147483647 rack: null isFenced: false) is unavailable or invalid due to cause: coordinator unavailable. isDisconnected: false. Rediscovery will be attempted.
2026-02-11T14:48:29.485+01:00  INFO 8172 --- [           main] o.a.k.c.c.internals.ConsumerCoordinator  : [Consumer clientId=consumer-test-group-c5e69935-aac1-4c2f-bcb8-92dab3ff8a15-1, groupId=test-group-c5e69935-aac1-4c2f-bcb8-92dab3ff8a15] Requesting disconnect from last known coordinator localhost:52860 (id: 2147483647 rack: null isFenced: false)
2026-02-11T14:48:29.489+01:00  INFO 8172 --- [r-event-handler] state.change.logger                      : [Broker id=0] Creating new partition __consumer_offsets-28 with topic id pCr4fOilTyaCgNengGgkVA.
2026-02-11T14:48:29.495+01:00  INFO 8172 --- [r-event-handler] o.a.k.storage.internals.log.UnifiedLog   : [LogLoader partition=__consumer_offsets-28, dir=C:\Users\simra\AppData\Local\Temp\kafka-15345859903009469624\combined_0_0] Loading producer state till offset 0
2026-02-11T14:48:29.496+01:00  INFO 8172 --- [r-event-handler] kafka.log.LogManager                     : Created log for partition __consumer_offsets-28 in C:\Users\simra\AppData\Local\Temp\kafka-15345859903009469624\combined_0_0\__consumer_offsets-28 with properties {cleanup.policy=compact, compression.type="producer", segment.bytes=104857600}
2026-02-11T14:48:29.496+01:00  INFO 8172 --- [r-event-handler] kafka.cluster.Partition                  : [Partition __consumer_offsets-28 broker=0] No checkpointed highwatermark is found for partition __consumer_offsets-28
2026-02-11T14:48:29.496+01:00  INFO 8172 --- [r-event-handler] kafka.cluster.Partition                  : [Partition __consumer_offsets-28 broker=0] Log loaded for partition __consumer_offsets-28 with initial high watermark 0
2026-02-11T14:48:29.497+01:00  INFO 8172 --- [r-event-handler] state.change.logger                      : [Broker id=0] Leader __consumer_offsets-28 with topic id Some(pCr4fOilTyaCgNengGgkVA) starts at leader epoch 0 from offset 0 with partition epoch 0, high watermark 0, ISR [0], adding replicas [] and removing replicas [] . Previous leader None and previous leader epoch was -1.
2026-02-11T14:48:29.501+01:00  INFO 8172 --- [r-event-handler] state.change.logger                      : [Broker id=0] Creating new partition __consumer_offsets-7 with topic id pCr4fOilTyaCgNengGgkVA.
2026-02-11T14:48:29.508+01:00  INFO 8172 --- [r-event-handler] o.a.k.storage.internals.log.UnifiedLog   : [LogLoader partition=__consumer_offsets-7, dir=C:\Users\simra\AppData\Local\Temp\kafka-15345859903009469624\combined_0_0] Loading producer state till offset 0
2026-02-11T14:48:29.509+01:00  INFO 8172 --- [r-event-handler] kafka.log.LogManager                     : Created log for partition __consumer_offsets-7 in C:\Users\simra\AppData\Local\Temp\kafka-15345859903009469624\combined_0_0\__consumer_offsets-7 with properties {cleanup.policy=compact, compression.type="producer", segment.bytes=104857600}
2026-02-11T14:48:29.509+01:00  INFO 8172 --- [r-event-handler] kafka.cluster.Partition                  : [Partition __consumer_offsets-7 broker=0] No checkpointed highwatermark is found for partition __consumer_offsets-7
2026-02-11T14:48:29.509+01:00  INFO 8172 --- [r-event-handler] kafka.cluster.Partition                  : [Partition __consumer_offsets-7 broker=0] Log loaded for partition __consumer_offsets-7 with initial high watermark 0
2026-02-11T14:48:29.509+01:00  INFO 8172 --- [r-event-handler] state.change.logger                      : [Broker id=0] Leader __consumer_offsets-7 with topic id Some(pCr4fOilTyaCgNengGgkVA) starts at leader epoch 0 from offset 0 with partition epoch 0, high watermark 0, ISR [0], adding replicas [] and removing replicas [] . Previous leader None and previous leader epoch was -1.
2026-02-11T14:48:29.515+01:00  INFO 8172 --- [r-event-handler] state.change.logger                      : [Broker id=0] Creating new partition __consumer_offsets-40 with topic id pCr4fOilTyaCgNengGgkVA.
2026-02-11T14:48:29.520+01:00  INFO 8172 --- [r-event-handler] o.a.k.storage.internals.log.UnifiedLog   : [LogLoader partition=__consumer_offsets-40, dir=C:\Users\simra\AppData\Local\Temp\kafka-15345859903009469624\combined_0_0] Loading producer state till offset 0
2026-02-11T14:48:29.521+01:00  INFO 8172 --- [r-event-handler] kafka.log.LogManager                     : Created log for partition __consumer_offsets-40 in C:\Users\simra\AppData\Local\Temp\kafka-15345859903009469624\combined_0_0\__consumer_offsets-40 with properties {cleanup.policy=compact, compression.type="producer", segment.bytes=104857600}
2026-02-11T14:48:29.521+01:00  INFO 8172 --- [r-event-handler] kafka.cluster.Partition                  : [Partition __consumer_offsets-40 broker=0] No checkpointed highwatermark is found for partition __consumer_offsets-40
2026-02-11T14:48:29.521+01:00  INFO 8172 --- [r-event-handler] kafka.cluster.Partition                  : [Partition __consumer_offsets-40 broker=0] Log loaded for partition __consumer_offsets-40 with initial high watermark 0
2026-02-11T14:48:29.521+01:00  INFO 8172 --- [r-event-handler] state.change.logger                      : [Broker id=0] Leader __consumer_offsets-40 with topic id Some(pCr4fOilTyaCgNengGgkVA) starts at leader epoch 0 from offset 0 with partition epoch 0, high watermark 0, ISR [0], adding replicas [] and removing replicas [] . Previous leader None and previous leader epoch was -1.
2026-02-11T14:48:29.527+01:00  INFO 8172 --- [r-event-handler] state.change.logger                      : [Broker id=0] Creating new partition __consumer_offsets-3 with topic id pCr4fOilTyaCgNengGgkVA.
2026-02-11T14:48:29.531+01:00  INFO 8172 --- [r-event-handler] o.a.k.storage.internals.log.UnifiedLog   : [LogLoader partition=__consumer_offsets-3, dir=C:\Users\simra\AppData\Local\Temp\kafka-15345859903009469624\combined_0_0] Loading producer state till offset 0
2026-02-11T14:48:29.532+01:00  INFO 8172 --- [r-event-handler] kafka.log.LogManager                     : Created log for partition __consumer_offsets-3 in C:\Users\simra\AppData\Local\Temp\kafka-15345859903009469624\combined_0_0\__consumer_offsets-3 with properties {cleanup.policy=compact, compression.type="producer", segment.bytes=104857600}
2026-02-11T14:48:29.532+01:00  INFO 8172 --- [r-event-handler] kafka.cluster.Partition                  : [Partition __consumer_offsets-3 broker=0] No checkpointed highwatermark is found for partition __consumer_offsets-3
2026-02-11T14:48:29.532+01:00  INFO 8172 --- [r-event-handler] kafka.cluster.Partition                  : [Partition __consumer_offsets-3 broker=0] Log loaded for partition __consumer_offsets-3 with initial high watermark 0
2026-02-11T14:48:29.532+01:00  INFO 8172 --- [r-event-handler] state.change.logger                      : [Broker id=0] Leader __consumer_offsets-3 with topic id Some(pCr4fOilTyaCgNengGgkVA) starts at leader epoch 0 from offset 0 with partition epoch 0, high watermark 0, ISR [0], adding replicas [] and removing replicas [] . Previous leader None and previous leader epoch was -1.
2026-02-11T14:48:29.538+01:00  INFO 8172 --- [r-event-handler] state.change.logger                      : [Broker id=0] Creating new partition __consumer_offsets-36 with topic id pCr4fOilTyaCgNengGgkVA.
2026-02-11T14:48:29.543+01:00  INFO 8172 --- [r-event-handler] o.a.k.storage.internals.log.UnifiedLog   : [LogLoader partition=__consumer_offsets-36, dir=C:\Users\simra\AppData\Local\Temp\kafka-15345859903009469624\combined_0_0] Loading producer state till offset 0
2026-02-11T14:48:29.544+01:00  INFO 8172 --- [r-event-handler] kafka.log.LogManager                     : Created log for partition __consumer_offsets-36 in C:\Users\simra\AppData\Local\Temp\kafka-15345859903009469624\combined_0_0\__consumer_offsets-36 with properties {cleanup.policy=compact, compression.type="producer", segment.bytes=104857600}
2026-02-11T14:48:29.544+01:00  INFO 8172 --- [r-event-handler] kafka.cluster.Partition                  : [Partition __consumer_offsets-36 broker=0] No checkpointed highwatermark is found for partition __consumer_offsets-36
2026-02-11T14:48:29.544+01:00  INFO 8172 --- [r-event-handler] kafka.cluster.Partition                  : [Partition __consumer_offsets-36 broker=0] Log loaded for partition __consumer_offsets-36 with initial high watermark 0
2026-02-11T14:48:29.544+01:00  INFO 8172 --- [r-event-handler] state.change.logger                      : [Broker id=0] Leader __consumer_offsets-36 with topic id Some(pCr4fOilTyaCgNengGgkVA) starts at leader epoch 0 from offset 0 with partition epoch 0, high watermark 0, ISR [0], adding replicas [] and removing replicas [] . Previous leader None and previous leader epoch was -1.
2026-02-11T14:48:29.549+01:00  INFO 8172 --- [r-event-handler] state.change.logger                      : [Broker id=0] Creating new partition __consumer_offsets-47 with topic id pCr4fOilTyaCgNengGgkVA.
2026-02-11T14:48:29.554+01:00  INFO 8172 --- [r-event-handler] o.a.k.storage.internals.log.UnifiedLog   : [LogLoader partition=__consumer_offsets-47, dir=C:\Users\simra\AppData\Local\Temp\kafka-15345859903009469624\combined_0_0] Loading producer state till offset 0
2026-02-11T14:48:29.555+01:00  INFO 8172 --- [r-event-handler] kafka.log.LogManager                     : Created log for partition __consumer_offsets-47 in C:\Users\simra\AppData\Local\Temp\kafka-15345859903009469624\combined_0_0\__consumer_offsets-47 with properties {cleanup.policy=compact, compression.type="producer", segment.bytes=104857600}
2026-02-11T14:48:29.555+01:00  INFO 8172 --- [r-event-handler] kafka.cluster.Partition                  : [Partition __consumer_offsets-47 broker=0] No checkpointed highwatermark is found for partition __consumer_offsets-47
2026-02-11T14:48:29.555+01:00  INFO 8172 --- [r-event-handler] kafka.cluster.Partition                  : [Partition __consumer_offsets-47 broker=0] Log loaded for partition __consumer_offsets-47 with initial high watermark 0
2026-02-11T14:48:29.555+01:00  INFO 8172 --- [r-event-handler] state.change.logger                      : [Broker id=0] Leader __consumer_offsets-47 with topic id Some(pCr4fOilTyaCgNengGgkVA) starts at leader epoch 0 from offset 0 with partition epoch 0, high watermark 0, ISR [0], adding replicas [] and removing replicas [] . Previous leader None and previous leader epoch was -1.
2026-02-11T14:48:29.560+01:00  INFO 8172 --- [r-event-handler] state.change.logger                      : [Broker id=0] Creating new partition __consumer_offsets-14 with topic id pCr4fOilTyaCgNengGgkVA.
2026-02-11T14:48:29.566+01:00  INFO 8172 --- [r-event-handler] o.a.k.storage.internals.log.UnifiedLog   : [LogLoader partition=__consumer_offsets-14, dir=C:\Users\simra\AppData\Local\Temp\kafka-15345859903009469624\combined_0_0] Loading producer state till offset 0
2026-02-11T14:48:29.567+01:00  INFO 8172 --- [r-event-handler] kafka.log.LogManager                     : Created log for partition __consumer_offsets-14 in C:\Users\simra\AppData\Local\Temp\kafka-15345859903009469624\combined_0_0\__consumer_offsets-14 with properties {cleanup.policy=compact, compression.type="producer", segment.bytes=104857600}
2026-02-11T14:48:29.567+01:00  INFO 8172 --- [r-event-handler] kafka.cluster.Partition                  : [Partition __consumer_offsets-14 broker=0] No checkpointed highwatermark is found for partition __consumer_offsets-14
2026-02-11T14:48:29.567+01:00  INFO 8172 --- [r-event-handler] kafka.cluster.Partition                  : [Partition __consumer_offsets-14 broker=0] Log loaded for partition __consumer_offsets-14 with initial high watermark 0
2026-02-11T14:48:29.567+01:00  INFO 8172 --- [r-event-handler] state.change.logger                      : [Broker id=0] Leader __consumer_offsets-14 with topic id Some(pCr4fOilTyaCgNengGgkVA) starts at leader epoch 0 from offset 0 with partition epoch 0, high watermark 0, ISR [0], adding replicas [] and removing replicas [] . Previous leader None and previous leader epoch was -1.
2026-02-11T14:48:29.572+01:00  INFO 8172 --- [r-event-handler] state.change.logger                      : [Broker id=0] Creating new partition __consumer_offsets-43 with topic id pCr4fOilTyaCgNengGgkVA.
2026-02-11T14:48:29.574+01:00  INFO 8172 --- [           main] o.a.k.c.c.internals.ConsumerCoordinator  : [Consumer clientId=consumer-test-group-c5e69935-aac1-4c2f-bcb8-92dab3ff8a15-1, groupId=test-group-c5e69935-aac1-4c2f-bcb8-92dab3ff8a15] Discovered group coordinator localhost:52860 (id: 2147483647 rack: null isFenced: false)
2026-02-11T14:48:29.576+01:00  INFO 8172 --- [           main] o.a.k.c.c.internals.ConsumerCoordinator  : [Consumer clientId=consumer-test-group-c5e69935-aac1-4c2f-bcb8-92dab3ff8a15-1, groupId=test-group-c5e69935-aac1-4c2f-bcb8-92dab3ff8a15] Request joining group due to: rebalance failed due to 'This is not the correct coordinator.' (NotCoordinatorException)
2026-02-11T14:48:29.576+01:00  INFO 8172 --- [           main] o.a.k.c.c.internals.ConsumerCoordinator  : [Consumer clientId=consumer-test-group-c5e69935-aac1-4c2f-bcb8-92dab3ff8a15-1, groupId=test-group-c5e69935-aac1-4c2f-bcb8-92dab3ff8a15] (Re-)joining group
2026-02-11T14:48:29.580+01:00  INFO 8172 --- [           main] o.a.k.c.c.internals.ConsumerCoordinator  : [Consumer clientId=consumer-test-group-c5e69935-aac1-4c2f-bcb8-92dab3ff8a15-1, groupId=test-group-c5e69935-aac1-4c2f-bcb8-92dab3ff8a15] Group coordinator localhost:52860 (id: 2147483647 rack: null isFenced: false) is unavailable or invalid due to cause: error response NOT_COORDINATOR. isDisconnected: false. Rediscovery will be attempted.
2026-02-11T14:48:29.580+01:00  INFO 8172 --- [r-event-handler] o.a.k.storage.internals.log.UnifiedLog   : [LogLoader partition=__consumer_offsets-43, dir=C:\Users\simra\AppData\Local\Temp\kafka-15345859903009469624\combined_0_0] Loading producer state till offset 0
2026-02-11T14:48:29.580+01:00  INFO 8172 --- [           main] o.a.k.c.c.internals.ConsumerCoordinator  : [Consumer clientId=consumer-test-group-c5e69935-aac1-4c2f-bcb8-92dab3ff8a15-1, groupId=test-group-c5e69935-aac1-4c2f-bcb8-92dab3ff8a15] Requesting disconnect from last known coordinator localhost:52860 (id: 2147483647 rack: null isFenced: false)
2026-02-11T14:48:29.580+01:00  INFO 8172 --- [           main] o.a.k.c.c.internals.ConsumerCoordinator  : [Consumer clientId=consumer-test-group-c5e69935-aac1-4c2f-bcb8-92dab3ff8a15-1, groupId=test-group-c5e69935-aac1-4c2f-bcb8-92dab3ff8a15] JoinGroup failed: This is not the correct coordinator. Marking coordinator unknown. Sent generation was Generation{generationId=-1, memberId='', protocol='null'}
2026-02-11T14:48:29.580+01:00  INFO 8172 --- [           main] org.apache.kafka.clients.NetworkClient   : [Consumer clientId=consumer-test-group-c5e69935-aac1-4c2f-bcb8-92dab3ff8a15-1, groupId=test-group-c5e69935-aac1-4c2f-bcb8-92dab3ff8a15] Client requested disconnect from node 2147483647
2026-02-11T14:48:29.582+01:00  INFO 8172 --- [r-event-handler] kafka.log.LogManager                     : Created log for partition __consumer_offsets-43 in C:\Users\simra\AppData\Local\Temp\kafka-15345859903009469624\combined_0_0\__consumer_offsets-43 with properties {cleanup.policy=compact, compression.type="producer", segment.bytes=104857600}
2026-02-11T14:48:29.582+01:00  INFO 8172 --- [r-event-handler] kafka.cluster.Partition                  : [Partition __consumer_offsets-43 broker=0] No checkpointed highwatermark is found for partition __consumer_offsets-43
2026-02-11T14:48:29.582+01:00  INFO 8172 --- [r-event-handler] kafka.cluster.Partition                  : [Partition __consumer_offsets-43 broker=0] Log loaded for partition __consumer_offsets-43 with initial high watermark 0
2026-02-11T14:48:29.582+01:00  INFO 8172 --- [r-event-handler] state.change.logger                      : [Broker id=0] Leader __consumer_offsets-43 with topic id Some(pCr4fOilTyaCgNengGgkVA) starts at leader epoch 0 from offset 0 with partition epoch 0, high watermark 0, ISR [0], adding replicas [] and removing replicas [] . Previous leader None and previous leader epoch was -1.
2026-02-11T14:48:29.584+01:00  INFO 8172 --- [           main] o.a.k.c.c.internals.ConsumerCoordinator  : [Consumer clientId=consumer-test-group-c5e69935-aac1-4c2f-bcb8-92dab3ff8a15-1, groupId=test-group-c5e69935-aac1-4c2f-bcb8-92dab3ff8a15] Discovered group coordinator localhost:52860 (id: 2147483647 rack: null isFenced: false)
2026-02-11T14:48:29.584+01:00  INFO 8172 --- [           main] o.a.k.c.c.internals.ConsumerCoordinator  : [Consumer clientId=consumer-test-group-c5e69935-aac1-4c2f-bcb8-92dab3ff8a15-1, groupId=test-group-c5e69935-aac1-4c2f-bcb8-92dab3ff8a15] Group coordinator localhost:52860 (id: 2147483647 rack: null isFenced: false) is unavailable or invalid due to cause: coordinator unavailable. isDisconnected: false. Rediscovery will be attempted.
2026-02-11T14:48:29.584+01:00  INFO 8172 --- [           main] o.a.k.c.c.internals.ConsumerCoordinator  : [Consumer clientId=consumer-test-group-c5e69935-aac1-4c2f-bcb8-92dab3ff8a15-1, groupId=test-group-c5e69935-aac1-4c2f-bcb8-92dab3ff8a15] Requesting disconnect from last known coordinator localhost:52860 (id: 2147483647 rack: null isFenced: false)
2026-02-11T14:48:29.588+01:00  INFO 8172 --- [r-event-handler] state.change.logger                      : [Broker id=0] Creating new partition __consumer_offsets-10 with topic id pCr4fOilTyaCgNengGgkVA.
2026-02-11T14:48:29.596+01:00  INFO 8172 --- [r-event-handler] o.a.k.storage.internals.log.UnifiedLog   : [LogLoader partition=__consumer_offsets-10, dir=C:\Users\simra\AppData\Local\Temp\kafka-15345859903009469624\combined_0_0] Loading producer state till offset 0
2026-02-11T14:48:29.597+01:00  INFO 8172 --- [r-event-handler] kafka.log.LogManager                     : Created log for partition __consumer_offsets-10 in C:\Users\simra\AppData\Local\Temp\kafka-15345859903009469624\combined_0_0\__consumer_offsets-10 with properties {cleanup.policy=compact, compression.type="producer", segment.bytes=104857600}
2026-02-11T14:48:29.597+01:00  INFO 8172 --- [r-event-handler] kafka.cluster.Partition                  : [Partition __consumer_offsets-10 broker=0] No checkpointed highwatermark is found for partition __consumer_offsets-10
2026-02-11T14:48:29.597+01:00  INFO 8172 --- [r-event-handler] kafka.cluster.Partition                  : [Partition __consumer_offsets-10 broker=0] Log loaded for partition __consumer_offsets-10 with initial high watermark 0
2026-02-11T14:48:29.598+01:00  INFO 8172 --- [r-event-handler] state.change.logger                      : [Broker id=0] Leader __consumer_offsets-10 with topic id Some(pCr4fOilTyaCgNengGgkVA) starts at leader epoch 0 from offset 0 with partition epoch 0, high watermark 0, ISR [0], adding replicas [] and removing replicas [] . Previous leader None and previous leader epoch was -1.
2026-02-11T14:48:29.603+01:00  INFO 8172 --- [r-event-handler] state.change.logger                      : [Broker id=0] Creating new partition __consumer_offsets-22 with topic id pCr4fOilTyaCgNengGgkVA.
2026-02-11T14:48:29.610+01:00  INFO 8172 --- [r-event-handler] o.a.k.storage.internals.log.UnifiedLog   : [LogLoader partition=__consumer_offsets-22, dir=C:\Users\simra\AppData\Local\Temp\kafka-15345859903009469624\combined_0_0] Loading producer state till offset 0
2026-02-11T14:48:29.611+01:00  INFO 8172 --- [r-event-handler] kafka.log.LogManager                     : Created log for partition __consumer_offsets-22 in C:\Users\simra\AppData\Local\Temp\kafka-15345859903009469624\combined_0_0\__consumer_offsets-22 with properties {cleanup.policy=compact, compression.type="producer", segment.bytes=104857600}
2026-02-11T14:48:29.611+01:00  INFO 8172 --- [r-event-handler] kafka.cluster.Partition                  : [Partition __consumer_offsets-22 broker=0] No checkpointed highwatermark is found for partition __consumer_offsets-22
2026-02-11T14:48:29.611+01:00  INFO 8172 --- [r-event-handler] kafka.cluster.Partition                  : [Partition __consumer_offsets-22 broker=0] Log loaded for partition __consumer_offsets-22 with initial high watermark 0
2026-02-11T14:48:29.611+01:00  INFO 8172 --- [r-event-handler] state.change.logger                      : [Broker id=0] Leader __consumer_offsets-22 with topic id Some(pCr4fOilTyaCgNengGgkVA) starts at leader epoch 0 from offset 0 with partition epoch 0, high watermark 0, ISR [0], adding replicas [] and removing replicas [] . Previous leader None and previous leader epoch was -1.
2026-02-11T14:48:29.618+01:00  INFO 8172 --- [r-event-handler] state.change.logger                      : [Broker id=0] Creating new partition __consumer_offsets-18 with topic id pCr4fOilTyaCgNengGgkVA.
2026-02-11T14:48:29.625+01:00  INFO 8172 --- [r-event-handler] o.a.k.storage.internals.log.UnifiedLog   : [LogLoader partition=__consumer_offsets-18, dir=C:\Users\simra\AppData\Local\Temp\kafka-15345859903009469624\combined_0_0] Loading producer state till offset 0
2026-02-11T14:48:29.626+01:00  INFO 8172 --- [r-event-handler] kafka.log.LogManager                     : Created log for partition __consumer_offsets-18 in C:\Users\simra\AppData\Local\Temp\kafka-15345859903009469624\combined_0_0\__consumer_offsets-18 with properties {cleanup.policy=compact, compression.type="producer", segment.bytes=104857600}
2026-02-11T14:48:29.626+01:00  INFO 8172 --- [r-event-handler] kafka.cluster.Partition                  : [Partition __consumer_offsets-18 broker=0] No checkpointed highwatermark is found for partition __consumer_offsets-18
2026-02-11T14:48:29.626+01:00  INFO 8172 --- [r-event-handler] kafka.cluster.Partition                  : [Partition __consumer_offsets-18 broker=0] Log loaded for partition __consumer_offsets-18 with initial high watermark 0
2026-02-11T14:48:29.626+01:00  INFO 8172 --- [r-event-handler] state.change.logger                      : [Broker id=0] Leader __consumer_offsets-18 with topic id Some(pCr4fOilTyaCgNengGgkVA) starts at leader epoch 0 from offset 0 with partition epoch 0, high watermark 0, ISR [0], adding replicas [] and removing replicas [] . Previous leader None and previous leader epoch was -1.
2026-02-11T14:48:29.630+01:00  INFO 8172 --- [r-event-handler] state.change.logger                      : [Broker id=0] Creating new partition __consumer_offsets-31 with topic id pCr4fOilTyaCgNengGgkVA.
2026-02-11T14:48:29.636+01:00  INFO 8172 --- [r-event-handler] o.a.k.storage.internals.log.UnifiedLog   : [LogLoader partition=__consumer_offsets-31, dir=C:\Users\simra\AppData\Local\Temp\kafka-15345859903009469624\combined_0_0] Loading producer state till offset 0
2026-02-11T14:48:29.637+01:00  INFO 8172 --- [r-event-handler] kafka.log.LogManager                     : Created log for partition __consumer_offsets-31 in C:\Users\simra\AppData\Local\Temp\kafka-15345859903009469624\combined_0_0\__consumer_offsets-31 with properties {cleanup.policy=compact, compression.type="producer", segment.bytes=104857600}
2026-02-11T14:48:29.637+01:00  INFO 8172 --- [r-event-handler] kafka.cluster.Partition                  : [Partition __consumer_offsets-31 broker=0] No checkpointed highwatermark is found for partition __consumer_offsets-31
2026-02-11T14:48:29.637+01:00  INFO 8172 --- [r-event-handler] kafka.cluster.Partition                  : [Partition __consumer_offsets-31 broker=0] Log loaded for partition __consumer_offsets-31 with initial high watermark 0
2026-02-11T14:48:29.637+01:00  INFO 8172 --- [r-event-handler] state.change.logger                      : [Broker id=0] Leader __consumer_offsets-31 with topic id Some(pCr4fOilTyaCgNengGgkVA) starts at leader epoch 0 from offset 0 with partition epoch 0, high watermark 0, ISR [0], adding replicas [] and removing replicas [] . Previous leader None and previous leader epoch was -1.
2026-02-11T14:48:29.644+01:00  INFO 8172 --- [r-event-handler] state.change.logger                      : [Broker id=0] Creating new partition __consumer_offsets-27 with topic id pCr4fOilTyaCgNengGgkVA.
2026-02-11T14:48:29.652+01:00  INFO 8172 --- [r-event-handler] o.a.k.storage.internals.log.UnifiedLog   : [LogLoader partition=__consumer_offsets-27, dir=C:\Users\simra\AppData\Local\Temp\kafka-15345859903009469624\combined_0_0] Loading producer state till offset 0
2026-02-11T14:48:29.653+01:00  INFO 8172 --- [r-event-handler] kafka.log.LogManager                     : Created log for partition __consumer_offsets-27 in C:\Users\simra\AppData\Local\Temp\kafka-15345859903009469624\combined_0_0\__consumer_offsets-27 with properties {cleanup.policy=compact, compression.type="producer", segment.bytes=104857600}
2026-02-11T14:48:29.653+01:00  INFO 8172 --- [r-event-handler] kafka.cluster.Partition                  : [Partition __consumer_offsets-27 broker=0] No checkpointed highwatermark is found for partition __consumer_offsets-27
2026-02-11T14:48:29.653+01:00  INFO 8172 --- [r-event-handler] kafka.cluster.Partition                  : [Partition __consumer_offsets-27 broker=0] Log loaded for partition __consumer_offsets-27 with initial high watermark 0
2026-02-11T14:48:29.653+01:00  INFO 8172 --- [r-event-handler] state.change.logger                      : [Broker id=0] Leader __consumer_offsets-27 with topic id Some(pCr4fOilTyaCgNengGgkVA) starts at leader epoch 0 from offset 0 with partition epoch 0, high watermark 0, ISR [0], adding replicas [] and removing replicas [] . Previous leader None and previous leader epoch was -1.
2026-02-11T14:48:29.658+01:00  INFO 8172 --- [r-event-handler] state.change.logger                      : [Broker id=0] Creating new partition __consumer_offsets-39 with topic id pCr4fOilTyaCgNengGgkVA.
2026-02-11T14:48:29.664+01:00  INFO 8172 --- [r-event-handler] o.a.k.storage.internals.log.UnifiedLog   : [LogLoader partition=__consumer_offsets-39, dir=C:\Users\simra\AppData\Local\Temp\kafka-15345859903009469624\combined_0_0] Loading producer state till offset 0
2026-02-11T14:48:29.666+01:00  INFO 8172 --- [r-event-handler] kafka.log.LogManager                     : Created log for partition __consumer_offsets-39 in C:\Users\simra\AppData\Local\Temp\kafka-15345859903009469624\combined_0_0\__consumer_offsets-39 with properties {cleanup.policy=compact, compression.type="producer", segment.bytes=104857600}
2026-02-11T14:48:29.666+01:00  INFO 8172 --- [r-event-handler] kafka.cluster.Partition                  : [Partition __consumer_offsets-39 broker=0] No checkpointed highwatermark is found for partition __consumer_offsets-39
2026-02-11T14:48:29.666+01:00  INFO 8172 --- [r-event-handler] kafka.cluster.Partition                  : [Partition __consumer_offsets-39 broker=0] Log loaded for partition __consumer_offsets-39 with initial high watermark 0
2026-02-11T14:48:29.666+01:00  INFO 8172 --- [r-event-handler] state.change.logger                      : [Broker id=0] Leader __consumer_offsets-39 with topic id Some(pCr4fOilTyaCgNengGgkVA) starts at leader epoch 0 from offset 0 with partition epoch 0, high watermark 0, ISR [0], adding replicas [] and removing replicas [] . Previous leader None and previous leader epoch was -1.
2026-02-11T14:48:29.672+01:00  INFO 8172 --- [r-event-handler] state.change.logger                      : [Broker id=0] Creating new partition __consumer_offsets-6 with topic id pCr4fOilTyaCgNengGgkVA.
2026-02-11T14:48:29.678+01:00  INFO 8172 --- [r-event-handler] o.a.k.storage.internals.log.UnifiedLog   : [LogLoader partition=__consumer_offsets-6, dir=C:\Users\simra\AppData\Local\Temp\kafka-15345859903009469624\combined_0_0] Loading producer state till offset 0
2026-02-11T14:48:29.679+01:00  INFO 8172 --- [r-event-handler] kafka.log.LogManager                     : Created log for partition __consumer_offsets-6 in C:\Users\simra\AppData\Local\Temp\kafka-15345859903009469624\combined_0_0\__consumer_offsets-6 with properties {cleanup.policy=compact, compression.type="producer", segment.bytes=104857600}
2026-02-11T14:48:29.679+01:00  INFO 8172 --- [r-event-handler] kafka.cluster.Partition                  : [Partition __consumer_offsets-6 broker=0] No checkpointed highwatermark is found for partition __consumer_offsets-6
2026-02-11T14:48:29.679+01:00  INFO 8172 --- [r-event-handler] kafka.cluster.Partition                  : [Partition __consumer_offsets-6 broker=0] Log loaded for partition __consumer_offsets-6 with initial high watermark 0
2026-02-11T14:48:29.680+01:00  INFO 8172 --- [r-event-handler] state.change.logger                      : [Broker id=0] Leader __consumer_offsets-6 with topic id Some(pCr4fOilTyaCgNengGgkVA) starts at leader epoch 0 from offset 0 with partition epoch 0, high watermark 0, ISR [0], adding replicas [] and removing replicas [] . Previous leader None and previous leader epoch was -1.
2026-02-11T14:48:29.686+01:00  INFO 8172 --- [r-event-handler] state.change.logger                      : [Broker id=0] Creating new partition __consumer_offsets-35 with topic id pCr4fOilTyaCgNengGgkVA.
2026-02-11T14:48:29.693+01:00  INFO 8172 --- [r-event-handler] o.a.k.storage.internals.log.UnifiedLog   : [LogLoader partition=__consumer_offsets-35, dir=C:\Users\simra\AppData\Local\Temp\kafka-15345859903009469624\combined_0_0] Loading producer state till offset 0
2026-02-11T14:48:29.693+01:00  INFO 8172 --- [r-event-handler] kafka.log.LogManager                     : Created log for partition __consumer_offsets-35 in C:\Users\simra\AppData\Local\Temp\kafka-15345859903009469624\combined_0_0\__consumer_offsets-35 with properties {cleanup.policy=compact, compression.type="producer", segment.bytes=104857600}
2026-02-11T14:48:29.694+01:00  INFO 8172 --- [r-event-handler] kafka.cluster.Partition                  : [Partition __consumer_offsets-35 broker=0] No checkpointed highwatermark is found for partition __consumer_offsets-35
2026-02-11T14:48:29.694+01:00  INFO 8172 --- [r-event-handler] kafka.cluster.Partition                  : [Partition __consumer_offsets-35 broker=0] Log loaded for partition __consumer_offsets-35 with initial high watermark 0
2026-02-11T14:48:29.694+01:00  INFO 8172 --- [r-event-handler] state.change.logger                      : [Broker id=0] Leader __consumer_offsets-35 with topic id Some(pCr4fOilTyaCgNengGgkVA) starts at leader epoch 0 from offset 0 with partition epoch 0, high watermark 0, ISR [0], adding replicas [] and removing replicas [] . Previous leader None and previous leader epoch was -1.
2026-02-11T14:48:29.700+01:00  INFO 8172 --- [r-event-handler] state.change.logger                      : [Broker id=0] Creating new partition __consumer_offsets-2 with topic id pCr4fOilTyaCgNengGgkVA.
2026-02-11T14:48:29.701+01:00  INFO 8172 --- [           main] o.a.k.c.c.internals.ConsumerCoordinator  : [Consumer clientId=consumer-test-group-c5e69935-aac1-4c2f-bcb8-92dab3ff8a15-1, groupId=test-group-c5e69935-aac1-4c2f-bcb8-92dab3ff8a15] Discovered group coordinator localhost:52860 (id: 2147483647 rack: null isFenced: false)
2026-02-11T14:48:29.702+01:00  INFO 8172 --- [           main] o.a.k.c.c.internals.ConsumerCoordinator  : [Consumer clientId=consumer-test-group-c5e69935-aac1-4c2f-bcb8-92dab3ff8a15-1, groupId=test-group-c5e69935-aac1-4c2f-bcb8-92dab3ff8a15] Request joining group due to: rebalance failed due to 'This is not the correct coordinator.' (NotCoordinatorException)
2026-02-11T14:48:29.703+01:00  INFO 8172 --- [           main] o.a.k.c.c.internals.ConsumerCoordinator  : [Consumer clientId=consumer-test-group-c5e69935-aac1-4c2f-bcb8-92dab3ff8a15-1, groupId=test-group-c5e69935-aac1-4c2f-bcb8-92dab3ff8a15] (Re-)joining group
2026-02-11T14:48:29.705+01:00  INFO 8172 --- [           main] o.a.k.c.c.internals.ConsumerCoordinator  : [Consumer clientId=consumer-test-group-c5e69935-aac1-4c2f-bcb8-92dab3ff8a15-1, groupId=test-group-c5e69935-aac1-4c2f-bcb8-92dab3ff8a15] Group coordinator localhost:52860 (id: 2147483647 rack: null isFenced: false) is unavailable or invalid due to cause: error response NOT_COORDINATOR. isDisconnected: false. Rediscovery will be attempted.
2026-02-11T14:48:29.706+01:00  INFO 8172 --- [           main] o.a.k.c.c.internals.ConsumerCoordinator  : [Consumer clientId=consumer-test-group-c5e69935-aac1-4c2f-bcb8-92dab3ff8a15-1, groupId=test-group-c5e69935-aac1-4c2f-bcb8-92dab3ff8a15] Requesting disconnect from last known coordinator localhost:52860 (id: 2147483647 rack: null isFenced: false)
2026-02-11T14:48:29.706+01:00  INFO 8172 --- [           main] o.a.k.c.c.internals.ConsumerCoordinator  : [Consumer clientId=consumer-test-group-c5e69935-aac1-4c2f-bcb8-92dab3ff8a15-1, groupId=test-group-c5e69935-aac1-4c2f-bcb8-92dab3ff8a15] JoinGroup failed: This is not the correct coordinator. Marking coordinator unknown. Sent generation was Generation{generationId=-1, memberId='', protocol='null'}
2026-02-11T14:48:29.706+01:00  INFO 8172 --- [           main] org.apache.kafka.clients.NetworkClient   : [Consumer clientId=consumer-test-group-c5e69935-aac1-4c2f-bcb8-92dab3ff8a15-1, groupId=test-group-c5e69935-aac1-4c2f-bcb8-92dab3ff8a15] Client requested disconnect from node 2147483647
2026-02-11T14:48:29.708+01:00  INFO 8172 --- [           main] o.a.k.c.c.internals.ConsumerCoordinator  : [Consumer clientId=consumer-test-group-c5e69935-aac1-4c2f-bcb8-92dab3ff8a15-1, groupId=test-group-c5e69935-aac1-4c2f-bcb8-92dab3ff8a15] Discovered group coordinator localhost:52860 (id: 2147483647 rack: null isFenced: false)
2026-02-11T14:48:29.709+01:00  INFO 8172 --- [           main] o.a.k.c.c.internals.ConsumerCoordinator  : [Consumer clientId=consumer-test-group-c5e69935-aac1-4c2f-bcb8-92dab3ff8a15-1, groupId=test-group-c5e69935-aac1-4c2f-bcb8-92dab3ff8a15] Group coordinator localhost:52860 (id: 2147483647 rack: null isFenced: false) is unavailable or invalid due to cause: coordinator unavailable. isDisconnected: false. Rediscovery will be attempted.
2026-02-11T14:48:29.709+01:00  INFO 8172 --- [           main] o.a.k.c.c.internals.ConsumerCoordinator  : [Consumer clientId=consumer-test-group-c5e69935-aac1-4c2f-bcb8-92dab3ff8a15-1, groupId=test-group-c5e69935-aac1-4c2f-bcb8-92dab3ff8a15] Requesting disconnect from last known coordinator localhost:52860 (id: 2147483647 rack: null isFenced: false)
2026-02-11T14:48:29.709+01:00  INFO 8172 --- [r-event-handler] o.a.k.storage.internals.log.UnifiedLog   : [LogLoader partition=__consumer_offsets-2, dir=C:\Users\simra\AppData\Local\Temp\kafka-15345859903009469624\combined_0_0] Loading producer state till offset 0
2026-02-11T14:48:29.710+01:00  INFO 8172 --- [r-event-handler] kafka.log.LogManager                     : Created log for partition __consumer_offsets-2 in C:\Users\simra\AppData\Local\Temp\kafka-15345859903009469624\combined_0_0\__consumer_offsets-2 with properties {cleanup.policy=compact, compression.type="producer", segment.bytes=104857600}
2026-02-11T14:48:29.710+01:00  INFO 8172 --- [r-event-handler] kafka.cluster.Partition                  : [Partition __consumer_offsets-2 broker=0] No checkpointed highwatermark is found for partition __consumer_offsets-2
2026-02-11T14:48:29.710+01:00  INFO 8172 --- [r-event-handler] kafka.cluster.Partition                  : [Partition __consumer_offsets-2 broker=0] Log loaded for partition __consumer_offsets-2 with initial high watermark 0
2026-02-11T14:48:29.710+01:00  INFO 8172 --- [r-event-handler] state.change.logger                      : [Broker id=0] Leader __consumer_offsets-2 with topic id Some(pCr4fOilTyaCgNengGgkVA) starts at leader epoch 0 from offset 0 with partition epoch 0, high watermark 0, ISR [0], adding replicas [] and removing replicas [] . Previous leader None and previous leader epoch was -1.
2026-02-11T14:48:29.718+01:00  INFO 8172 --- [r-event-handler] o.a.k.c.c.runtime.CoordinatorRuntime     : [GroupCoordinator id=0] Scheduling loading of metadata from __consumer_offsets-13 with epoch 0
2026-02-11T14:48:29.723+01:00  INFO 8172 --- [r-event-handler] o.a.k.c.c.runtime.CoordinatorRuntime     : [GroupCoordinator id=0] Scheduling loading of metadata from __consumer_offsets-46 with epoch 0
2026-02-11T14:48:29.724+01:00  INFO 8172 --- [r-event-handler] o.a.k.c.c.runtime.CoordinatorRuntime     : [GroupCoordinator id=0] Scheduling loading of metadata from __consumer_offsets-9 with epoch 0
2026-02-11T14:48:29.724+01:00  INFO 8172 --- [r-event-handler] o.a.k.c.c.runtime.CoordinatorRuntime     : [GroupCoordinator id=0] Scheduling loading of metadata from __consumer_offsets-42 with epoch 0
2026-02-11T14:48:29.724+01:00  INFO 8172 --- [r-event-handler] o.a.k.c.c.runtime.CoordinatorRuntime     : [GroupCoordinator id=0] Scheduling loading of metadata from __consumer_offsets-21 with epoch 0
2026-02-11T14:48:29.724+01:00  INFO 8172 --- [r-event-handler] o.a.k.c.c.runtime.CoordinatorRuntime     : [GroupCoordinator id=0] Scheduling loading of metadata from __consumer_offsets-17 with epoch 0
2026-02-11T14:48:29.724+01:00  INFO 8172 --- [r-event-handler] o.a.k.c.c.runtime.CoordinatorRuntime     : [GroupCoordinator id=0] Scheduling loading of metadata from __consumer_offsets-30 with epoch 0
2026-02-11T14:48:29.724+01:00  INFO 8172 --- [r-event-handler] o.a.k.c.c.runtime.CoordinatorRuntime     : [GroupCoordinator id=0] Scheduling loading of metadata from __consumer_offsets-26 with epoch 0
2026-02-11T14:48:29.724+01:00  INFO 8172 --- [r-event-handler] o.a.k.c.c.runtime.CoordinatorRuntime     : [GroupCoordinator id=0] Scheduling loading of metadata from __consumer_offsets-5 with epoch 0
2026-02-11T14:48:29.724+01:00  INFO 8172 --- [r-event-handler] o.a.k.c.c.runtime.CoordinatorRuntime     : [GroupCoordinator id=0] Scheduling loading of metadata from __consumer_offsets-38 with epoch 0
2026-02-11T14:48:29.724+01:00  INFO 8172 --- [r-event-handler] o.a.k.c.c.runtime.CoordinatorRuntime     : [GroupCoordinator id=0] Scheduling loading of metadata from __consumer_offsets-1 with epoch 0
2026-02-11T14:48:29.724+01:00  INFO 8172 --- [r-event-handler] o.a.k.c.c.runtime.CoordinatorRuntime     : [GroupCoordinator id=0] Scheduling loading of metadata from __consumer_offsets-34 with epoch 0
2026-02-11T14:48:29.724+01:00  INFO 8172 --- [r-event-handler] o.a.k.c.c.runtime.CoordinatorRuntime     : [GroupCoordinator id=0] Scheduling loading of metadata from __consumer_offsets-16 with epoch 0
2026-02-11T14:48:29.724+01:00  INFO 8172 --- [r-event-handler] o.a.k.c.c.runtime.CoordinatorRuntime     : [GroupCoordinator id=0] Scheduling loading of metadata from __consumer_offsets-45 with epoch 0
2026-02-11T14:48:29.724+01:00  INFO 8172 --- [r-event-handler] o.a.k.c.c.runtime.CoordinatorRuntime     : [GroupCoordinator id=0] Scheduling loading of metadata from __consumer_offsets-12 with epoch 0
2026-02-11T14:48:29.724+01:00  INFO 8172 --- [r-event-handler] o.a.k.c.c.runtime.CoordinatorRuntime     : [GroupCoordinator id=0] Scheduling loading of metadata from __consumer_offsets-41 with epoch 0
2026-02-11T14:48:29.724+01:00  INFO 8172 --- [r-event-handler] o.a.k.c.c.runtime.CoordinatorRuntime     : [GroupCoordinator id=0] Scheduling loading of metadata from __consumer_offsets-24 with epoch 0
2026-02-11T14:48:29.724+01:00  INFO 8172 --- [r-event-handler] o.a.k.c.c.runtime.CoordinatorRuntime     : [GroupCoordinator id=0] Scheduling loading of metadata from __consumer_offsets-20 with epoch 0
2026-02-11T14:48:29.724+01:00  INFO 8172 --- [r-event-handler] o.a.k.c.c.runtime.CoordinatorRuntime     : [GroupCoordinator id=0] Scheduling loading of metadata from __consumer_offsets-49 with epoch 0
2026-02-11T14:48:29.724+01:00  INFO 8172 --- [r-event-handler] o.a.k.c.c.runtime.CoordinatorRuntime     : [GroupCoordinator id=0] Scheduling loading of metadata from __consumer_offsets-0 with epoch 0
2026-02-11T14:48:29.725+01:00  INFO 8172 --- [r-event-handler] o.a.k.c.c.runtime.CoordinatorRuntime     : [GroupCoordinator id=0] Scheduling loading of metadata from __consumer_offsets-29 with epoch 0
2026-02-11T14:48:29.725+01:00  INFO 8172 --- [r-event-handler] o.a.k.c.c.runtime.CoordinatorRuntime     : [GroupCoordinator id=0] Scheduling loading of metadata from __consumer_offsets-25 with epoch 0
2026-02-11T14:48:29.725+01:00  INFO 8172 --- [r-event-handler] o.a.k.c.c.runtime.CoordinatorRuntime     : [GroupCoordinator id=0] Scheduling loading of metadata from __consumer_offsets-8 with epoch 0
2026-02-11T14:48:29.725+01:00  INFO 8172 --- [r-event-handler] o.a.k.c.c.runtime.CoordinatorRuntime     : [GroupCoordinator id=0] Scheduling loading of metadata from __consumer_offsets-37 with epoch 0
2026-02-11T14:48:29.725+01:00  INFO 8172 --- [r-event-handler] o.a.k.c.c.runtime.CoordinatorRuntime     : [GroupCoordinator id=0] Scheduling loading of metadata from __consumer_offsets-4 with epoch 0
2026-02-11T14:48:29.725+01:00  INFO 8172 --- [r-event-handler] o.a.k.c.c.runtime.CoordinatorRuntime     : [GroupCoordinator id=0] Scheduling loading of metadata from __consumer_offsets-33 with epoch 0
2026-02-11T14:48:29.725+01:00  INFO 8172 --- [r-event-handler] o.a.k.c.c.runtime.CoordinatorRuntime     : [GroupCoordinator id=0] Scheduling loading of metadata from __consumer_offsets-15 with epoch 0
2026-02-11T14:48:29.725+01:00  INFO 8172 --- [r-event-handler] o.a.k.c.c.runtime.CoordinatorRuntime     : [GroupCoordinator id=0] Scheduling loading of metadata from __consumer_offsets-48 with epoch 0
2026-02-11T14:48:29.725+01:00  INFO 8172 --- [r-event-handler] o.a.k.c.c.runtime.CoordinatorRuntime     : [GroupCoordinator id=0] Scheduling loading of metadata from __consumer_offsets-11 with epoch 0
2026-02-11T14:48:29.725+01:00  INFO 8172 --- [r-event-handler] o.a.k.c.c.runtime.CoordinatorRuntime     : [GroupCoordinator id=0] Scheduling loading of metadata from __consumer_offsets-44 with epoch 0
2026-02-11T14:48:29.725+01:00  INFO 8172 --- [r-event-handler] o.a.k.c.c.runtime.CoordinatorRuntime     : [GroupCoordinator id=0] Scheduling loading of metadata from __consumer_offsets-23 with epoch 0
2026-02-11T14:48:29.725+01:00  INFO 8172 --- [r-event-handler] o.a.k.c.c.runtime.CoordinatorRuntime     : [GroupCoordinator id=0] Scheduling loading of metadata from __consumer_offsets-19 with epoch 0
2026-02-11T14:48:29.725+01:00  INFO 8172 --- [r-event-handler] o.a.k.c.c.runtime.CoordinatorRuntime     : [GroupCoordinator id=0] Scheduling loading of metadata from __consumer_offsets-32 with epoch 0
2026-02-11T14:48:29.725+01:00  INFO 8172 --- [r-event-handler] o.a.k.c.c.runtime.CoordinatorRuntime     : [GroupCoordinator id=0] Scheduling loading of metadata from __consumer_offsets-28 with epoch 0
2026-02-11T14:48:29.725+01:00  INFO 8172 --- [r-event-handler] o.a.k.c.c.runtime.CoordinatorRuntime     : [GroupCoordinator id=0] Scheduling loading of metadata from __consumer_offsets-7 with epoch 0
2026-02-11T14:48:29.725+01:00  INFO 8172 --- [r-event-handler] o.a.k.c.c.runtime.CoordinatorRuntime     : [GroupCoordinator id=0] Scheduling loading of metadata from __consumer_offsets-40 with epoch 0
2026-02-11T14:48:29.725+01:00  INFO 8172 --- [r-event-handler] o.a.k.c.c.runtime.CoordinatorRuntime     : [GroupCoordinator id=0] Scheduling loading of metadata from __consumer_offsets-3 with epoch 0
2026-02-11T14:48:29.725+01:00  INFO 8172 --- [r-event-handler] o.a.k.c.c.runtime.CoordinatorRuntime     : [GroupCoordinator id=0] Scheduling loading of metadata from __consumer_offsets-36 with epoch 0
2026-02-11T14:48:29.726+01:00  INFO 8172 --- [r-event-handler] o.a.k.c.c.runtime.CoordinatorRuntime     : [GroupCoordinator id=0] Scheduling loading of metadata from __consumer_offsets-47 with epoch 0
2026-02-11T14:48:29.726+01:00  INFO 8172 --- [r-event-handler] o.a.k.c.c.runtime.CoordinatorRuntime     : [GroupCoordinator id=0] Scheduling loading of metadata from __consumer_offsets-14 with epoch 0
2026-02-11T14:48:29.726+01:00  INFO 8172 --- [r-event-handler] o.a.k.c.c.runtime.CoordinatorRuntime     : [GroupCoordinator id=0] Scheduling loading of metadata from __consumer_offsets-43 with epoch 0
2026-02-11T14:48:29.726+01:00  INFO 8172 --- [r-event-handler] o.a.k.c.c.runtime.CoordinatorRuntime     : [GroupCoordinator id=0] Scheduling loading of metadata from __consumer_offsets-10 with epoch 0
2026-02-11T14:48:29.726+01:00  INFO 8172 --- [r-event-handler] o.a.k.c.c.runtime.CoordinatorRuntime     : [GroupCoordinator id=0] Scheduling loading of metadata from __consumer_offsets-22 with epoch 0
2026-02-11T14:48:29.726+01:00  INFO 8172 --- [r-event-handler] o.a.k.c.c.runtime.CoordinatorRuntime     : [GroupCoordinator id=0] Scheduling loading of metadata from __consumer_offsets-18 with epoch 0
2026-02-11T14:48:29.726+01:00  INFO 8172 --- [r-event-handler] o.a.k.c.c.runtime.CoordinatorRuntime     : [GroupCoordinator id=0] Scheduling loading of metadata from __consumer_offsets-31 with epoch 0
2026-02-11T14:48:29.726+01:00  INFO 8172 --- [r-event-handler] o.a.k.c.c.runtime.CoordinatorRuntime     : [GroupCoordinator id=0] Scheduling loading of metadata from __consumer_offsets-27 with epoch 0
2026-02-11T14:48:29.726+01:00  INFO 8172 --- [r-event-handler] o.a.k.c.c.runtime.CoordinatorRuntime     : [GroupCoordinator id=0] Scheduling loading of metadata from __consumer_offsets-39 with epoch 0
2026-02-11T14:48:29.726+01:00  INFO 8172 --- [r-event-handler] o.a.k.c.c.runtime.CoordinatorRuntime     : [GroupCoordinator id=0] Scheduling loading of metadata from __consumer_offsets-6 with epoch 0
2026-02-11T14:48:29.726+01:00  INFO 8172 --- [r-event-handler] o.a.k.c.c.runtime.CoordinatorRuntime     : [GroupCoordinator id=0] Scheduling loading of metadata from __consumer_offsets-35 with epoch 0
2026-02-11T14:48:29.726+01:00  INFO 8172 --- [r-event-handler] o.a.k.c.c.runtime.CoordinatorRuntime     : [GroupCoordinator id=0] Scheduling loading of metadata from __consumer_offsets-2 with epoch 0
2026-02-11T14:48:29.728+01:00  INFO 8172 --- [r-event-handler] k.s.metadata.DynamicConfigPublisher      : [DynamicConfigPublisher broker id=0] Updating topic __consumer_offsets with new configuration : compression.type -> producer,cleanup.policy -> compact,segment.bytes -> 104857600
2026-02-11T14:48:29.765+01:00  INFO 8172 --- [ent-processor-1] o.a.k.c.c.runtime.CoordinatorRuntime     : [GroupCoordinator id=0] Finished loading of metadata from __consumer_offsets-31 with epoch 0 in 3ms where 3ms was spent in the scheduler. Loaded 0 records which total to 0 bytes.
2026-02-11T14:48:29.765+01:00  INFO 8172 --- [ent-processor-0] o.a.k.c.c.runtime.CoordinatorRuntime     : [GroupCoordinator id=0] Finished loading of metadata from __consumer_offsets-27 with epoch 0 in 2ms where 2ms was spent in the scheduler. Loaded 0 records which total to 0 bytes.
2026-02-11T14:48:29.765+01:00  INFO 8172 --- [ent-processor-2] o.a.k.c.c.runtime.CoordinatorRuntime     : [GroupCoordinator id=0] Finished loading of metadata from __consumer_offsets-22 with epoch 0 in 2ms where 2ms was spent in the scheduler. Loaded 0 records which total to 0 bytes.
2026-02-11T14:48:29.765+01:00  INFO 8172 --- [ent-processor-3] o.a.k.c.c.runtime.CoordinatorRuntime     : [GroupCoordinator id=0] Finished loading of metadata from __consumer_offsets-48 with epoch 0 in 2ms where 2ms was spent in the scheduler. Loaded 0 records which total to 0 bytes.
2026-02-11T14:48:29.766+01:00  INFO 8172 --- [ent-processor-0] o.a.k.c.c.runtime.CoordinatorRuntime     : [GroupCoordinator id=0] Finished loading of metadata from __consumer_offsets-3 with epoch 0 in 3ms where 3ms was spent in the scheduler. Loaded 0 records which total to 0 bytes.
2026-02-11T14:48:29.766+01:00  INFO 8172 --- [ent-processor-1] o.a.k.c.c.runtime.CoordinatorRuntime     : [GroupCoordinator id=0] Finished loading of metadata from __consumer_offsets-44 with epoch 0 in 2ms where 2ms was spent in the scheduler. Loaded 0 records which total to 0 bytes.
2026-02-11T14:48:29.766+01:00  INFO 8172 --- [ent-processor-3] o.a.k.c.c.runtime.CoordinatorRuntime     : [GroupCoordinator id=0] Finished loading of metadata from __consumer_offsets-19 with epoch 0 in 1ms where 1ms was spent in the scheduler. Loaded 0 records which total to 0 bytes.
2026-02-11T14:48:29.766+01:00  INFO 8172 --- [ent-processor-0] o.a.k.c.c.runtime.CoordinatorRuntime     : [GroupCoordinator id=0] Finished loading of metadata from __consumer_offsets-33 with epoch 0 in 2ms where 2ms was spent in the scheduler. Loaded 0 records which total to 0 bytes.
2026-02-11T14:48:29.766+01:00  INFO 8172 --- [ent-processor-0] o.a.k.c.c.runtime.CoordinatorRuntime     : [GroupCoordinator id=0] Finished loading of metadata from __consumer_offsets-1 with epoch 0 in 2ms where 2ms was spent in the scheduler. Loaded 0 records which total to 0 bytes.
2026-02-11T14:48:29.766+01:00  INFO 8172 --- [ent-processor-3] o.a.k.c.c.runtime.CoordinatorRuntime     : [GroupCoordinator id=0] Finished loading of metadata from __consumer_offsets-47 with epoch 0 in 2ms where 2ms was spent in the scheduler. Loaded 0 records which total to 0 bytes.
2026-02-11T14:48:29.766+01:00  INFO 8172 --- [ent-processor-0] o.a.k.c.c.runtime.CoordinatorRuntime     : [GroupCoordinator id=0] Finished loading of metadata from __consumer_offsets-34 with epoch 0 in 2ms where 2ms was spent in the scheduler. Loaded 0 records which total to 0 bytes.
2026-02-11T14:48:29.766+01:00  INFO 8172 --- [ent-processor-1] o.a.k.c.c.runtime.CoordinatorRuntime     : [GroupCoordinator id=0] Finished loading of metadata from __consumer_offsets-8 with epoch 0 in 2ms where 2ms was spent in the scheduler. Loaded 0 records which total to 0 bytes.
2026-02-11T14:48:29.766+01:00  INFO 8172 --- [ent-processor-0] o.a.k.c.c.runtime.CoordinatorRuntime     : [GroupCoordinator id=0] Finished loading of metadata from __consumer_offsets-4 with epoch 0 in 2ms where 2ms was spent in the scheduler. Loaded 0 records which total to 0 bytes.
2026-02-11T14:48:29.766+01:00  INFO 8172 --- [ent-processor-1] o.a.k.c.c.runtime.CoordinatorRuntime     : [GroupCoordinator id=0] Finished loading of metadata from __consumer_offsets-43 with epoch 0 in 2ms where 2ms was spent in the scheduler. Loaded 0 records which total to 0 bytes.
2026-02-11T14:48:29.766+01:00  INFO 8172 --- [ent-processor-0] o.a.k.c.c.runtime.CoordinatorRuntime     : [GroupCoordinator id=0] Finished loading of metadata from __consumer_offsets-26 with epoch 0 in 2ms where 2ms was spent in the scheduler. Loaded 0 records which total to 0 bytes.
2026-02-11T14:48:29.766+01:00  INFO 8172 --- [ent-processor-3] o.a.k.c.c.runtime.CoordinatorRuntime     : [GroupCoordinator id=0] Finished loading of metadata from __consumer_offsets-39 with epoch 0 in 2ms where 2ms was spent in the scheduler. Loaded 0 records which total to 0 bytes.
2026-02-11T14:48:29.766+01:00  INFO 8172 --- [ent-processor-1] o.a.k.c.c.runtime.CoordinatorRuntime     : [GroupCoordinator id=0] Finished loading of metadata from __consumer_offsets-42 with epoch 0 in 4ms where 3ms was spent in the scheduler. Loaded 0 records which total to 0 bytes.
2026-02-11T14:48:29.766+01:00  INFO 8172 --- [ent-processor-0] o.a.k.c.c.runtime.CoordinatorRuntime     : [GroupCoordinator id=0] Finished loading of metadata from __consumer_offsets-45 with epoch 0 in 2ms where 2ms was spent in the scheduler. Loaded 0 records which total to 0 bytes.
2026-02-11T14:48:29.766+01:00  INFO 8172 --- [ent-processor-2] o.a.k.c.c.runtime.CoordinatorRuntime     : [GroupCoordinator id=0] Finished loading of metadata from __consumer_offsets-49 with epoch 0 in 2ms where 2ms was spent in the scheduler. Loaded 0 records which total to 0 bytes.
2026-02-11T14:48:29.766+01:00  INFO 8172 --- [ent-processor-1] o.a.k.c.c.runtime.CoordinatorRuntime     : [GroupCoordinator id=0] Finished loading of metadata from __consumer_offsets-46 with epoch 0 in 5ms where 5ms was spent in the scheduler. Loaded 0 records which total to 0 bytes.
2026-02-11T14:48:29.766+01:00  INFO 8172 --- [ent-processor-0] o.a.k.c.c.runtime.CoordinatorRuntime     : [GroupCoordinator id=0] Finished loading of metadata from __consumer_offsets-0 with epoch 0 in 2ms where 2ms was spent in the scheduler. Loaded 0 records which total to 0 bytes.
2026-02-11T14:48:29.767+01:00  INFO 8172 --- [ent-processor-3] o.a.k.c.c.runtime.CoordinatorRuntime     : [GroupCoordinator id=0] Finished loading of metadata from __consumer_offsets-28 with epoch 0 in 3ms where 2ms was spent in the scheduler. Loaded 0 records which total to 0 bytes.
2026-02-11T14:48:29.767+01:00  INFO 8172 --- [ent-processor-0] o.a.k.c.c.runtime.CoordinatorRuntime     : [GroupCoordinator id=0] Finished loading of metadata from __consumer_offsets-40 with epoch 0 in 2ms where 2ms was spent in the scheduler. Loaded 0 records which total to 0 bytes.
2026-02-11T14:48:29.767+01:00  INFO 8172 --- [ent-processor-2] o.a.k.c.c.runtime.CoordinatorRuntime     : [GroupCoordinator id=0] Finished loading of metadata from __consumer_offsets-9 with epoch 0 in 6ms where 6ms was spent in the scheduler. Loaded 0 records which total to 0 bytes.
2026-02-11T14:48:29.767+01:00  INFO 8172 --- [ent-processor-3] o.a.k.c.c.runtime.CoordinatorRuntime     : [GroupCoordinator id=0] Finished loading of metadata from __consumer_offsets-30 with epoch 0 in 2ms where 2ms was spent in the scheduler. Loaded 0 records which total to 0 bytes.
2026-02-11T14:48:29.767+01:00  INFO 8172 --- [ent-processor-0] o.a.k.c.c.runtime.CoordinatorRuntime     : [GroupCoordinator id=0] Finished loading of metadata from __consumer_offsets-20 with epoch 0 in 1ms where 1ms was spent in the scheduler. Loaded 0 records which total to 0 bytes.
2026-02-11T14:48:29.767+01:00  INFO 8172 --- [ent-processor-3] o.a.k.c.c.runtime.CoordinatorRuntime     : [GroupCoordinator id=0] Finished loading of metadata from __consumer_offsets-35 with epoch 0 in 3ms where 3ms was spent in the scheduler. Loaded 0 records which total to 0 bytes.
2026-02-11T14:48:29.767+01:00  INFO 8172 --- [ent-processor-1] o.a.k.c.c.runtime.CoordinatorRuntime     : [GroupCoordinator id=0] Finished loading of metadata from __consumer_offsets-41 with epoch 0 in 2ms where 2ms was spent in the scheduler. Loaded 0 records which total to 0 bytes.
2026-02-11T14:48:29.767+01:00  INFO 8172 --- [ent-processor-0] o.a.k.c.c.runtime.CoordinatorRuntime     : [GroupCoordinator id=0] Finished loading of metadata from __consumer_offsets-5 with epoch 0 in 3ms where 3ms was spent in the scheduler. Loaded 0 records which total to 0 bytes.
2026-02-11T14:48:29.767+01:00  INFO 8172 --- [ent-processor-2] o.a.k.c.c.runtime.CoordinatorRuntime     : [GroupCoordinator id=0] Finished loading of metadata from __consumer_offsets-36 with epoch 0 in 2ms where 2ms was spent in the scheduler. Loaded 0 records which total to 0 bytes.
2026-02-11T14:48:29.767+01:00  INFO 8172 --- [ent-processor-1] o.a.k.c.c.runtime.CoordinatorRuntime     : [GroupCoordinator id=0] Finished loading of metadata from __consumer_offsets-37 with epoch 0 in 2ms where 2ms was spent in the scheduler. Loaded 0 records which total to 0 bytes.
2026-02-11T14:48:29.767+01:00  INFO 8172 --- [ent-processor-0] o.a.k.c.c.runtime.CoordinatorRuntime     : [GroupCoordinator id=0] Finished loading of metadata from __consumer_offsets-25 with epoch 0 in 2ms where 2ms was spent in the scheduler. Loaded 0 records which total to 0 bytes.
2026-02-11T14:48:29.767+01:00  INFO 8172 --- [ent-processor-3] o.a.k.c.c.runtime.CoordinatorRuntime     : [GroupCoordinator id=0] Finished loading of metadata from __consumer_offsets-11 with epoch 0 in 3ms where 3ms was spent in the scheduler. Loaded 0 records which total to 0 bytes.
2026-02-11T14:48:29.767+01:00  INFO 8172 --- [ent-processor-2] o.a.k.c.c.runtime.CoordinatorRuntime     : [GroupCoordinator id=0] Finished loading of metadata from __consumer_offsets-32 with epoch 0 in 2ms where 2ms was spent in the scheduler. Loaded 0 records which total to 0 bytes.
2026-02-11T14:48:29.767+01:00  INFO 8172 --- [ent-processor-1] o.a.k.c.c.runtime.CoordinatorRuntime     : [GroupCoordinator id=0] Finished loading of metadata from __consumer_offsets-12 with epoch 0 in 0ms where 0ms was spent in the scheduler. Loaded 0 records which total to 0 bytes.
2026-02-11T14:48:29.767+01:00  INFO 8172 --- [ent-processor-0] o.a.k.c.c.runtime.CoordinatorRuntime     : [GroupCoordinator id=0] Finished loading of metadata from __consumer_offsets-7 with epoch 0 in 2ms where 2ms was spent in the scheduler. Loaded 0 records which total to 0 bytes.
2026-02-11T14:48:29.767+01:00  INFO 8172 --- [ent-processor-3] o.a.k.c.c.runtime.CoordinatorRuntime     : [GroupCoordinator id=0] Finished loading of metadata from __consumer_offsets-21 with epoch 0 in 2ms where 2ms was spent in the scheduler. Loaded 0 records which total to 0 bytes.
2026-02-11T14:48:29.767+01:00  INFO 8172 --- [ent-processor-2] o.a.k.c.c.runtime.CoordinatorRuntime     : [GroupCoordinator id=0] Finished loading of metadata from __consumer_offsets-17 with epoch 0 in 2ms where 2ms was spent in the scheduler. Loaded 0 records which total to 0 bytes.
2026-02-11T14:48:29.767+01:00  INFO 8172 --- [ent-processor-1] o.a.k.c.c.runtime.CoordinatorRuntime     : [GroupCoordinator id=0] Finished loading of metadata from __consumer_offsets-29 with epoch 0 in 2ms where 2ms was spent in the scheduler. Loaded 0 records which total to 0 bytes.
2026-02-11T14:48:29.767+01:00  INFO 8172 --- [ent-processor-3] o.a.k.c.c.runtime.CoordinatorRuntime     : [GroupCoordinator id=0] Finished loading of metadata from __consumer_offsets-14 with epoch 0 in 2ms where 2ms was spent in the scheduler. Loaded 0 records which total to 0 bytes.
2026-02-11T14:48:29.767+01:00  INFO 8172 --- [ent-processor-1] o.a.k.c.c.runtime.CoordinatorRuntime     : [GroupCoordinator id=0] Finished loading of metadata from __consumer_offsets-13 with epoch 0 in 6ms where 6ms was spent in the scheduler. Loaded 0 records which total to 0 bytes.
2026-02-11T14:48:29.767+01:00  INFO 8172 --- [ent-processor-0] o.a.k.c.c.runtime.CoordinatorRuntime     : [GroupCoordinator id=0] Finished loading of metadata from __consumer_offsets-38 with epoch 0 in 3ms where 3ms was spent in the scheduler. Loaded 0 records which total to 0 bytes.
2026-02-11T14:48:29.767+01:00  INFO 8172 --- [ent-processor-2] o.a.k.c.c.runtime.CoordinatorRuntime     : [GroupCoordinator id=0] Finished loading of metadata from __consumer_offsets-16 with epoch 0 in 2ms where 2ms was spent in the scheduler. Loaded 0 records which total to 0 bytes.
2026-02-11T14:48:29.767+01:00  INFO 8172 --- [ent-processor-3] o.a.k.c.c.runtime.CoordinatorRuntime     : [GroupCoordinator id=0] Finished loading of metadata from __consumer_offsets-18 with epoch 0 in 2ms where 2ms was spent in the scheduler. Loaded 0 records which total to 0 bytes.
2026-02-11T14:48:29.767+01:00  INFO 8172 --- [ent-processor-1] o.a.k.c.c.runtime.CoordinatorRuntime     : [GroupCoordinator id=0] Finished loading of metadata from __consumer_offsets-2 with epoch 0 in 0ms where 0ms was spent in the scheduler. Loaded 0 records which total to 0 bytes.
2026-02-11T14:48:29.767+01:00  INFO 8172 --- [ent-processor-2] o.a.k.c.c.runtime.CoordinatorRuntime     : [GroupCoordinator id=0] Finished loading of metadata from __consumer_offsets-6 with epoch 0 in 2ms where 2ms was spent in the scheduler. Loaded 0 records which total to 0 bytes.
2026-02-11T14:48:29.767+01:00  INFO 8172 --- [ent-processor-3] o.a.k.c.c.runtime.CoordinatorRuntime     : [GroupCoordinator id=0] Finished loading of metadata from __consumer_offsets-23 with epoch 0 in 1ms where 1ms was spent in the scheduler. Loaded 0 records which total to 0 bytes.
2026-02-11T14:48:29.767+01:00  INFO 8172 --- [ent-processor-0] o.a.k.c.c.runtime.CoordinatorRuntime     : [GroupCoordinator id=0] Finished loading of metadata from __consumer_offsets-10 with epoch 0 in 2ms where 2ms was spent in the scheduler. Loaded 0 records which total to 0 bytes.
2026-02-11T14:48:29.767+01:00  INFO 8172 --- [ent-processor-1] o.a.k.c.c.runtime.CoordinatorRuntime     : [GroupCoordinator id=0] Finished loading of metadata from __consumer_offsets-15 with epoch 0 in 2ms where 2ms was spent in the scheduler. Loaded 0 records which total to 0 bytes.
2026-02-11T14:48:29.767+01:00  INFO 8172 --- [ent-processor-2] o.a.k.c.c.runtime.CoordinatorRuntime     : [GroupCoordinator id=0] Finished loading of metadata from __consumer_offsets-24 with epoch 0 in 2ms where 2ms was spent in the scheduler. Loaded 0 records which total to 0 bytes.
2026-02-11T14:48:29.824+01:00  INFO 8172 --- [           main] o.a.k.c.c.internals.ConsumerCoordinator  : [Consumer clientId=consumer-test-group-c5e69935-aac1-4c2f-bcb8-92dab3ff8a15-1, groupId=test-group-c5e69935-aac1-4c2f-bcb8-92dab3ff8a15] Discovered group coordinator localhost:52860 (id: 2147483647 rack: null isFenced: false)
2026-02-11T14:48:29.826+01:00  INFO 8172 --- [           main] o.a.k.c.c.internals.ConsumerCoordinator  : [Consumer clientId=consumer-test-group-c5e69935-aac1-4c2f-bcb8-92dab3ff8a15-1, groupId=test-group-c5e69935-aac1-4c2f-bcb8-92dab3ff8a15] Request joining group due to: rebalance failed due to 'This is not the correct coordinator.' (NotCoordinatorException)
2026-02-11T14:48:29.827+01:00  INFO 8172 --- [           main] o.a.k.c.c.internals.ConsumerCoordinator  : [Consumer clientId=consumer-test-group-c5e69935-aac1-4c2f-bcb8-92dab3ff8a15-1, groupId=test-group-c5e69935-aac1-4c2f-bcb8-92dab3ff8a15] (Re-)joining group
2026-02-11T14:48:29.836+01:00  INFO 8172 --- [ent-processor-3] o.a.k.c.group.GroupMetadataManager       : [GroupCoordinator id=0 topic=__consumer_offsets partition=4] Dynamic member with unknown member id joins group test-group-c5e69935-aac1-4c2f-bcb8-92dab3ff8a15 in Empty state. Created a new member id consumer-test-group-c5e69935-aac1-4c2f-bcb8-92dab3ff8a15-1-3178a194-1150-4c9c-b632-96dbd9e67689 and requesting the member to rejoin with this id.
2026-02-11T14:48:29.838+01:00  INFO 8172 --- [           main] o.a.k.c.c.internals.ConsumerCoordinator  : [Consumer clientId=consumer-test-group-c5e69935-aac1-4c2f-bcb8-92dab3ff8a15-1, groupId=test-group-c5e69935-aac1-4c2f-bcb8-92dab3ff8a15] Request joining group due to: need to re-join with the given member-id: consumer-test-group-c5e69935-aac1-4c2f-bcb8-92dab3ff8a15-1-3178a194-1150-4c9c-b632-96dbd9e67689
2026-02-11T14:48:29.838+01:00  INFO 8172 --- [           main] o.a.k.c.c.internals.ConsumerCoordinator  : [Consumer clientId=consumer-test-group-c5e69935-aac1-4c2f-bcb8-92dab3ff8a15-1, groupId=test-group-c5e69935-aac1-4c2f-bcb8-92dab3ff8a15] (Re-)joining group
2026-02-11T14:48:29.853+01:00  INFO 8172 --- [ent-processor-3] o.a.k.c.group.GroupMetadataManager       : [GroupCoordinator id=0 topic=__consumer_offsets partition=4] Pending dynamic member with id consumer-test-group-c5e69935-aac1-4c2f-bcb8-92dab3ff8a15-1-3178a194-1150-4c9c-b632-96dbd9e67689 joins group test-group-c5e69935-aac1-4c2f-bcb8-92dab3ff8a15 in Empty state. Adding to the group now.
2026-02-11T14:48:29.858+01:00  INFO 8172 --- [ent-processor-3] o.a.k.c.group.GroupMetadataManager       : [GroupCoordinator id=0 topic=__consumer_offsets partition=4] Preparing to rebalance group test-group-c5e69935-aac1-4c2f-bcb8-92dab3ff8a15 in state PreparingRebalance with old generation 0 (reason: Adding new member consumer-test-group-c5e69935-aac1-4c2f-bcb8-92dab3ff8a15-1-3178a194-1150-4c9c-b632-96dbd9e67689 with group instance id null; client reason: need to re-join with the given member-id: consumer-test-group-c5e69935-aac1-4c2f-bcb8-92dab3ff8a15-1-3178a194-1150-4c9c-b632-96dbd9e67689).
2026-02-11T14:48:29.864+01:00  INFO 8172 --- [ent-processor-3] o.a.k.c.group.GroupMetadataManager       : [GroupCoordinator id=0 topic=__consumer_offsets partition=4] Stabilized group test-group-c5e69935-aac1-4c2f-bcb8-92dab3ff8a15 generation 1 with 1 members.
2026-02-11T14:48:29.866+01:00  INFO 8172 --- [           main] o.a.k.c.c.internals.ConsumerCoordinator  : [Consumer clientId=consumer-test-group-c5e69935-aac1-4c2f-bcb8-92dab3ff8a15-1, groupId=test-group-c5e69935-aac1-4c2f-bcb8-92dab3ff8a15] Successfully joined group with generation Generation{generationId=1, memberId='consumer-test-group-c5e69935-aac1-4c2f-bcb8-92dab3ff8a15-1-3178a194-1150-4c9c-b632-96dbd9e67689', protocol='range'}
2026-02-11T14:48:29.879+01:00  INFO 8172 --- [           main] o.a.k.c.c.internals.ConsumerCoordinator  : [Consumer clientId=consumer-test-group-c5e69935-aac1-4c2f-bcb8-92dab3ff8a15-1, groupId=test-group-c5e69935-aac1-4c2f-bcb8-92dab3ff8a15] Finished assignment for group at generation 1: {consumer-test-group-c5e69935-aac1-4c2f-bcb8-92dab3ff8a15-1-3178a194-1150-4c9c-b632-96dbd9e67689=Assignment(partitions=[customer-data-0])}
2026-02-11T14:48:29.884+01:00  INFO 8172 --- [ent-processor-1] o.a.k.c.group.GroupMetadataManager       : [GroupCoordinator id=0 topic=__consumer_offsets partition=4] Assignment received from leader consumer-test-group-c5e69935-aac1-4c2f-bcb8-92dab3ff8a15-1-3178a194-1150-4c9c-b632-96dbd9e67689 for group test-group-c5e69935-aac1-4c2f-bcb8-92dab3ff8a15 for generation 1. The group has 1 members, 0 of which are static.
2026-02-11T14:48:29.908+01:00  INFO 8172 --- [           main] o.a.k.c.c.internals.ConsumerCoordinator  : [Consumer clientId=consumer-test-group-c5e69935-aac1-4c2f-bcb8-92dab3ff8a15-1, groupId=test-group-c5e69935-aac1-4c2f-bcb8-92dab3ff8a15] Successfully synced group in generation Generation{generationId=1, memberId='consumer-test-group-c5e69935-aac1-4c2f-bcb8-92dab3ff8a15-1-3178a194-1150-4c9c-b632-96dbd9e67689', protocol='range'}
2026-02-11T14:48:29.909+01:00  INFO 8172 --- [           main] o.a.k.c.c.internals.ConsumerCoordinator  : [Consumer clientId=consumer-test-group-c5e69935-aac1-4c2f-bcb8-92dab3ff8a15-1, groupId=test-group-c5e69935-aac1-4c2f-bcb8-92dab3ff8a15] Notifying assignor about the new Assignment(partitions=[customer-data-0])
2026-02-11T14:48:29.913+01:00  INFO 8172 --- [           main] k.c.c.i.ConsumerRebalanceListenerInvoker : [Consumer clientId=consumer-test-group-c5e69935-aac1-4c2f-bcb8-92dab3ff8a15-1, groupId=test-group-c5e69935-aac1-4c2f-bcb8-92dab3ff8a15] Adding newly assigned partitions: [customer-data-0]
2026-02-11T14:48:29.927+01:00  INFO 8172 --- [           main] o.a.k.c.c.internals.ConsumerCoordinator  : [Consumer clientId=consumer-test-group-c5e69935-aac1-4c2f-bcb8-92dab3ff8a15-1, groupId=test-group-c5e69935-aac1-4c2f-bcb8-92dab3ff8a15] Found no committed offset for partition customer-data-0
2026-02-11T14:48:29.953+01:00  INFO 8172 --- [           main] o.a.k.c.c.internals.SubscriptionState    : [Consumer clientId=consumer-test-group-c5e69935-aac1-4c2f-bcb8-92dab3ff8a15-1, groupId=test-group-c5e69935-aac1-4c2f-bcb8-92dab3ff8a15] Resetting offset for partition customer-data-0 to position FetchPosition{offset=0, offsetEpoch=Optional.empty, currentLeader=LeaderAndEpoch{leader=Optional[localhost:52860 (id: 0 rack: null isFenced: false)], epoch=0}}.
Setting embedded Kafka broker: localhost:52860
*********Cleaning up BEFORE feature********
*********Rows in Customer after cleanup********0
[ERROR] Tests run: 2, Failures: 0, Errors: 1, Skipped: 0, Time elapsed: 7.227 s <<< FAILURE! -- in com.bank.bdd.runner.CucumberTest
[ERROR] com.bank.bdd.runner.CucumberTest.Example #1.1 -- Time elapsed: 6.921 s <<< ERROR!
java.lang.ExceptionInInitializerError
	at com.bank.bdd.consumer.TestKafkaConsumer.persist(TestKafkaConsumer.java:80)
	at com.bank.bdd.consumer.TestKafkaConsumer.pollAndPersist(TestKafkaConsumer.java:62)
	at com.bank.bdd.stepdefs.KafkaSteps.consumeMessage(KafkaSteps.java:53)
	at ?.the customer message is processed(classpath:features/customer.feature:6)
Caused by: java.lang.RuntimeException: Failed to initialize H2
	at com.bank.bdd.support.H2Database.<clinit>(H2Database.java:26)
	at com.bank.bdd.consumer.TestKafkaConsumer.persist(TestKafkaConsumer.java:80)
	at com.bank.bdd.consumer.TestKafkaConsumer.pollAndPersist(TestKafkaConsumer.java:62)
	at com.bank.bdd.stepdefs.KafkaSteps.consumeMessage(KafkaSteps.java:53)
	at java.base/java.lang.reflect.Method.invoke(Method.java:580)
	at io.cucumber.java.Invoker.doInvoke(Invoker.java:66)
	at io.cucumber.java.Invoker.invoke(Invoker.java:24)
	at io.cucumber.java.AbstractGlueDefinition.invokeMethod(AbstractGlueDefinition.java:47)
	at io.cucumber.java.JavaStepDefinition.execute(JavaStepDefinition.java:29)
	at io.cucumber.core.runner.CoreStepDefinition.execute(CoreStepDefinition.java:66)
	at io.cucumber.core.runner.PickleStepDefinitionMatch.runStep(PickleStepDefinitionMatch.java:63)
	at io.cucumber.core.runner.ExecutionMode$1.execute(ExecutionMode.java:10)
	at io.cucumber.core.runner.TestStep.executeStep(TestStep.java:81)
	at io.cucumber.core.runner.TestStep.run(TestStep.java:53)
	at io.cucumber.core.runner.PickleStepTestStep.run(PickleStepTestStep.java:51)
	at io.cucumber.core.runner.TestCase.run(TestCase.java:84)
	at io.cucumber.core.runner.Runner.runPickle(Runner.java:75)
	at io.cucumber.junit.platform.engine.CucumberEngineExecutionContext.lambda$runTestCase$4(CucumberEngineExecutionContext.java:112)
	at io.cucumber.core.runtime.CucumberExecutionContext.lambda$runTestCase$5(CucumberExecutionContext.java:136)
	at io.cucumber.core.runtime.RethrowingThrowableCollector.executeAndThrow(RethrowingThrowableCollector.java:23)
	at io.cucumber.core.runtime.CucumberExecutionContext.runTestCase(CucumberExecutionContext.java:136)
	at io.cucumber.junit.platform.engine.CucumberEngineExecutionContext.runTestCase(CucumberEngineExecutionContext.java:109)
	at io.cucumber.junit.platform.engine.NodeDescriptor$PickleDescriptor.execute(NodeDescriptor.java:168)
	at io.cucumber.junit.platform.engine.NodeDescriptor$PickleDescriptor.execute(NodeDescriptor.java:90)
	at java.base/java.util.ArrayList.forEach(ArrayList.java:1596)
	at java.base/java.util.ArrayList.forEach(ArrayList.java:1596)
	at java.base/java.util.ArrayList.forEach(ArrayList.java:1596)
	at java.base/java.util.ArrayList.forEach(ArrayList.java:1596)
Caused by: org.h2.jdbc.JdbcSQLSyntaxErrorException: Table "CUSTOMER" already exists; SQL statement:
CREATE TABLE CUSTOMER (CUSTOMER_ID VARCHAR(20) PRIMARY KEY,
NAME VARCHAR(100)
) [42101-240]
	at org.h2.message.DbException.getJdbcSQLException(DbException.java:514)
	at org.h2.message.DbException.getJdbcSQLException(DbException.java:489)
	at org.h2.message.DbException.get(DbException.java:223)
	at org.h2.message.DbException.get(DbException.java:199)
	at org.h2.command.ddl.CreateTable.update(CreateTable.java:91)
	at org.h2.command.CommandContainer.update(CommandContainer.java:139)
	at org.h2.command.Command.executeUpdate(Command.java:306)
	at org.h2.command.Command.executeUpdate(Command.java:250)
	at org.h2.jdbc.JdbcStatement.executeInternal(JdbcStatement.java:262)
	at org.h2.jdbc.JdbcStatement.execute(JdbcStatement.java:231)
	at com.bank.bdd.support.H2Database.<clinit>(H2Database.java:19)
	... 27 more

2026-02-11T14:48:30.127+01:00  INFO 8172 --- [           main] GlobalEmbeddedKafkaTestExecutionListener : Stopped global Embedded Kafka.
2026-02-11T14:48:30.204+01:00  INFO 8172 --- [ionShutdownHook] com.zaxxer.hikari.HikariDataSource       : HikariPool-1 - Shutdown initiated...
2026-02-11T14:48:30.207+01:00  INFO 8172 --- [ionShutdownHook] com.zaxxer.hikari.HikariDataSource       : HikariPool-1 - Shutdown completed.
2026-02-11T14:48:30.208+01:00  INFO 8172 --- [ster-test-kit-2] kafka.server.BrokerServer                : [BrokerServer id=0] Transition from STARTED to SHUTTING_DOWN
2026-02-11T14:48:30.208+01:00  INFO 8172 --- [ster-test-kit-2] kafka.server.BrokerServer                : [BrokerServer id=0] shutting down
2026-02-11T14:48:30.210+01:00  INFO 8172 --- [r-event-handler] kafka.server.BrokerLifecycleManager      : [BrokerLifecycleManager id=0] Beginning controlled shutdown.
2026-02-11T14:48:30.211+01:00  INFO 8172 --- [0-event-handler] o.a.k.controller.BrokerHeartbeatManager  : [QuorumController id=0] Unfenced broker 0 has requested and been granted a controlled shutdown.
2026-02-11T14:48:30.207+01:00 ERROR 8172 --- [e-shutdown-hook] org.apache.kafka.common.test.TestUtils   : Error deleting C:\Users\simra\AppData\Local\Temp\kafka-15345859903009469624

java.nio.file.FileSystemException: C:\Users\simra\AppData\Local\Temp\kafka-15345859903009469624\combined_0_0\customer-data-0\00000000000000000000.index: The process cannot access the file because it is being used by another process
	at java.base/sun.nio.fs.WindowsException.translateToIOException(WindowsException.java:92) ~[na:na]
	at java.base/sun.nio.fs.WindowsException.rethrowAsIOException(WindowsException.java:103) ~[na:na]
	at java.base/sun.nio.fs.WindowsException.rethrowAsIOException(WindowsException.java:108) ~[na:na]
	at java.base/sun.nio.fs.WindowsFileSystemProvider.implDelete(WindowsFileSystemProvider.java:273) ~[na:na]
	at java.base/sun.nio.fs.AbstractFileSystemProvider.deleteIfExists(AbstractFileSystemProvider.java:109) ~[na:na]
	at java.base/java.nio.file.Files.deleteIfExists(Files.java:1191) ~[na:na]
	at org.apache.kafka.common.utils.Utils$1.visitFile(Utils.java:876) ~[kafka-clients-4.1.1.jar:na]
	at org.apache.kafka.common.utils.Utils$1.visitFile(Utils.java:859) ~[kafka-clients-4.1.1.jar:na]
	at java.base/java.nio.file.Files.walkFileTree(Files.java:2786) ~[na:na]
	at java.base/java.nio.file.Files.walkFileTree(Files.java:2857) ~[na:na]
	at org.apache.kafka.common.utils.Utils.delete(Utils.java:859) ~[kafka-clients-4.1.1.jar:na]
	at org.apache.kafka.common.test.TestUtils.lambda$tempDirectory$0(TestUtils.java:97) ~[kafka-test-common-runtime-4.1.1.jar:na]
	at java.base/java.lang.Thread.run(Thread.java:1583) ~[na:na]

2026-02-11T14:48:30.222+01:00  INFO 8172 --- [0-event-handler] o.a.k.c.ReplicationControlManager        : [QuorumController id=0] enterControlledShutdown[0]: changing 51 partition(s)
2026-02-11T14:48:30.223+01:00  INFO 8172 --- [0-event-handler] o.a.k.controller.ClusterControlManager   : [QuorumController id=0] Replayed BrokerRegistrationChangeRecord modifying the registration for broker 0: BrokerRegistrationChangeRecord(brokerId=0, brokerEpoch=11, fenced=0, inControlledShutdown=1, logDirs=[])
2026-02-11T14:48:30.252+01:00  INFO 8172 --- [r-event-handler] kafka.server.BrokerLifecycleManager      : [BrokerLifecycleManager id=0] The broker is in PENDING_CONTROLLED_SHUTDOWN state, still waiting for the active controller.
2026-02-11T14:48:30.252+01:00  INFO 8172 --- [r-event-handler] state.change.logger                      : [Broker id=0] Transitioning 51 partition(s) to local followers.
2026-02-11T14:48:30.261+01:00  INFO 8172 --- [r-event-handler] state.change.logger                      : [Broker id=0] Follower __consumer_offsets-13 starts at leader epoch 1 from offset 0 with partition epoch 1 and high watermark 0. Current leader is -1. Previous leader Some(-1) and previous leader epoch was 1.
2026-02-11T14:48:30.263+01:00  INFO 8172 --- [r-event-handler] state.change.logger                      : [Broker id=0] Follower __consumer_offsets-46 starts at leader epoch 1 from offset 0 with partition epoch 1 and high watermark 0. Current leader is -1. Previous leader Some(-1) and previous leader epoch was 1.
2026-02-11T14:48:30.263+01:00  INFO 8172 --- [r-event-handler] state.change.logger                      : [Broker id=0] Follower __consumer_offsets-9 starts at leader epoch 1 from offset 0 with partition epoch 1 and high watermark 0. Current leader is -1. Previous leader Some(-1) and previous leader epoch was 1.
2026-02-11T14:48:30.264+01:00  INFO 8172 --- [r-event-handler] state.change.logger                      : [Broker id=0] Follower __consumer_offsets-42 starts at leader epoch 1 from offset 0 with partition epoch 1 and high watermark 0. Current leader is -1. Previous leader Some(-1) and previous leader epoch was 1.
2026-02-11T14:48:30.264+01:00  INFO 8172 --- [r-event-handler] state.change.logger                      : [Broker id=0] Follower customer-data-0 starts at leader epoch 1 from offset 1 with partition epoch 1 and high watermark 1. Current leader is -1. Previous leader Some(-1) and previous leader epoch was 1.
2026-02-11T14:48:30.264+01:00  INFO 8172 --- [r-event-handler] state.change.logger                      : [Broker id=0] Follower __consumer_offsets-21 starts at leader epoch 1 from offset 0 with partition epoch 1 and high watermark 0. Current leader is -1. Previous leader Some(-1) and previous leader epoch was 1.
2026-02-11T14:48:30.264+01:00  INFO 8172 --- [r-event-handler] state.change.logger                      : [Broker id=0] Follower __consumer_offsets-17 starts at leader epoch 1 from offset 0 with partition epoch 1 and high watermark 0. Current leader is -1. Previous leader Some(-1) and previous leader epoch was 1.
2026-02-11T14:48:30.264+01:00  INFO 8172 --- [r-event-handler] state.change.logger                      : [Broker id=0] Follower __consumer_offsets-30 starts at leader epoch 1 from offset 0 with partition epoch 1 and high watermark 0. Current leader is -1. Previous leader Some(-1) and previous leader epoch was 1.
2026-02-11T14:48:30.264+01:00  INFO 8172 --- [r-event-handler] state.change.logger                      : [Broker id=0] Follower __consumer_offsets-26 starts at leader epoch 1 from offset 0 with partition epoch 1 and high watermark 0. Current leader is -1. Previous leader Some(-1) and previous leader epoch was 1.
2026-02-11T14:48:30.264+01:00  INFO 8172 --- [r-event-handler] state.change.logger                      : [Broker id=0] Follower __consumer_offsets-5 starts at leader epoch 1 from offset 0 with partition epoch 1 and high watermark 0. Current leader is -1. Previous leader Some(-1) and previous leader epoch was 1.
2026-02-11T14:48:30.264+01:00  INFO 8172 --- [r-event-handler] state.change.logger                      : [Broker id=0] Follower __consumer_offsets-38 starts at leader epoch 1 from offset 0 with partition epoch 1 and high watermark 0. Current leader is -1. Previous leader Some(-1) and previous leader epoch was 1.
2026-02-11T14:48:30.264+01:00  INFO 8172 --- [r-event-handler] state.change.logger                      : [Broker id=0] Follower __consumer_offsets-1 starts at leader epoch 1 from offset 0 with partition epoch 1 and high watermark 0. Current leader is -1. Previous leader Some(-1) and previous leader epoch was 1.
2026-02-11T14:48:30.265+01:00  INFO 8172 --- [r-event-handler] state.change.logger                      : [Broker id=0] Follower __consumer_offsets-34 starts at leader epoch 1 from offset 0 with partition epoch 1 and high watermark 0. Current leader is -1. Previous leader Some(-1) and previous leader epoch was 1.
2026-02-11T14:48:30.265+01:00  INFO 8172 --- [r-event-handler] state.change.logger                      : [Broker id=0] Follower __consumer_offsets-16 starts at leader epoch 1 from offset 0 with partition epoch 1 and high watermark 0. Current leader is -1. Previous leader Some(-1) and previous leader epoch was 1.
2026-02-11T14:48:30.265+01:00  INFO 8172 --- [r-event-handler] state.change.logger                      : [Broker id=0] Follower __consumer_offsets-45 starts at leader epoch 1 from offset 0 with partition epoch 1 and high watermark 0. Current leader is -1. Previous leader Some(-1) and previous leader epoch was 1.
2026-02-11T14:48:30.265+01:00  INFO 8172 --- [r-event-handler] state.change.logger                      : [Broker id=0] Follower __consumer_offsets-12 starts at leader epoch 1 from offset 0 with partition epoch 1 and high watermark 0. Current leader is -1. Previous leader Some(-1) and previous leader epoch was 1.
2026-02-11T14:48:30.265+01:00  INFO 8172 --- [r-event-handler] state.change.logger                      : [Broker id=0] Follower __consumer_offsets-41 starts at leader epoch 1 from offset 0 with partition epoch 1 and high watermark 0. Current leader is -1. Previous leader Some(-1) and previous leader epoch was 1.
2026-02-11T14:48:30.265+01:00  INFO 8172 --- [r-event-handler] state.change.logger                      : [Broker id=0] Follower __consumer_offsets-24 starts at leader epoch 1 from offset 0 with partition epoch 1 and high watermark 0. Current leader is -1. Previous leader Some(-1) and previous leader epoch was 1.
2026-02-11T14:48:30.265+01:00  INFO 8172 --- [r-event-handler] state.change.logger                      : [Broker id=0] Follower __consumer_offsets-20 starts at leader epoch 1 from offset 0 with partition epoch 1 and high watermark 0. Current leader is -1. Previous leader Some(-1) and previous leader epoch was 1.
2026-02-11T14:48:30.265+01:00  INFO 8172 --- [r-event-handler] state.change.logger                      : [Broker id=0] Follower __consumer_offsets-49 starts at leader epoch 1 from offset 0 with partition epoch 1 and high watermark 0. Current leader is -1. Previous leader Some(-1) and previous leader epoch was 1.
2026-02-11T14:48:30.265+01:00  INFO 8172 --- [r-event-handler] state.change.logger                      : [Broker id=0] Follower __consumer_offsets-0 starts at leader epoch 1 from offset 0 with partition epoch 1 and high watermark 0. Current leader is -1. Previous leader Some(-1) and previous leader epoch was 1.
2026-02-11T14:48:30.266+01:00  INFO 8172 --- [r-event-handler] state.change.logger                      : [Broker id=0] Follower __consumer_offsets-29 starts at leader epoch 1 from offset 0 with partition epoch 1 and high watermark 0. Current leader is -1. Previous leader Some(-1) and previous leader epoch was 1.
2026-02-11T14:48:30.266+01:00  INFO 8172 --- [r-event-handler] state.change.logger                      : [Broker id=0] Follower __consumer_offsets-25 starts at leader epoch 1 from offset 0 with partition epoch 1 and high watermark 0. Current leader is -1. Previous leader Some(-1) and previous leader epoch was 1.
2026-02-11T14:48:30.266+01:00  INFO 8172 --- [r-event-handler] state.change.logger                      : [Broker id=0] Follower __consumer_offsets-8 starts at leader epoch 1 from offset 0 with partition epoch 1 and high watermark 0. Current leader is -1. Previous leader Some(-1) and previous leader epoch was 1.
2026-02-11T14:48:30.266+01:00  INFO 8172 --- [r-event-handler] state.change.logger                      : [Broker id=0] Follower __consumer_offsets-37 starts at leader epoch 1 from offset 0 with partition epoch 1 and high watermark 0. Current leader is -1. Previous leader Some(-1) and previous leader epoch was 1.
2026-02-11T14:48:30.266+01:00  INFO 8172 --- [r-event-handler] state.change.logger                      : [Broker id=0] Follower __consumer_offsets-4 starts at leader epoch 1 from offset 2 with partition epoch 1 and high watermark 2. Current leader is -1. Previous leader Some(-1) and previous leader epoch was 1.
2026-02-11T14:48:30.266+01:00  INFO 8172 --- [r-event-handler] state.change.logger                      : [Broker id=0] Follower __consumer_offsets-33 starts at leader epoch 1 from offset 0 with partition epoch 1 and high watermark 0. Current leader is -1. Previous leader Some(-1) and previous leader epoch was 1.
2026-02-11T14:48:30.266+01:00  INFO 8172 --- [r-event-handler] state.change.logger                      : [Broker id=0] Follower __consumer_offsets-15 starts at leader epoch 1 from offset 0 with partition epoch 1 and high watermark 0. Current leader is -1. Previous leader Some(-1) and previous leader epoch was 1.
2026-02-11T14:48:30.266+01:00  INFO 8172 --- [r-event-handler] state.change.logger                      : [Broker id=0] Follower __consumer_offsets-48 starts at leader epoch 1 from offset 0 with partition epoch 1 and high watermark 0. Current leader is -1. Previous leader Some(-1) and previous leader epoch was 1.
2026-02-11T14:48:30.266+01:00  INFO 8172 --- [r-event-handler] state.change.logger                      : [Broker id=0] Follower __consumer_offsets-11 starts at leader epoch 1 from offset 0 with partition epoch 1 and high watermark 0. Current leader is -1. Previous leader Some(-1) and previous leader epoch was 1.
2026-02-11T14:48:30.266+01:00  INFO 8172 --- [r-event-handler] state.change.logger                      : [Broker id=0] Follower __consumer_offsets-44 starts at leader epoch 1 from offset 0 with partition epoch 1 and high watermark 0. Current leader is -1. Previous leader Some(-1) and previous leader epoch was 1.
2026-02-11T14:48:30.266+01:00  INFO 8172 --- [r-event-handler] state.change.logger                      : [Broker id=0] Follower __consumer_offsets-23 starts at leader epoch 1 from offset 0 with partition epoch 1 and high watermark 0. Current leader is -1. Previous leader Some(-1) and previous leader epoch was 1.
2026-02-11T14:48:30.266+01:00  INFO 8172 --- [r-event-handler] state.change.logger                      : [Broker id=0] Follower __consumer_offsets-19 starts at leader epoch 1 from offset 0 with partition epoch 1 and high watermark 0. Current leader is -1. Previous leader Some(-1) and previous leader epoch was 1.
2026-02-11T14:48:30.266+01:00  INFO 8172 --- [r-event-handler] state.change.logger                      : [Broker id=0] Follower __consumer_offsets-32 starts at leader epoch 1 from offset 0 with partition epoch 1 and high watermark 0. Current leader is -1. Previous leader Some(-1) and previous leader epoch was 1.
2026-02-11T14:48:30.266+01:00  INFO 8172 --- [r-event-handler] state.change.logger                      : [Broker id=0] Follower __consumer_offsets-28 starts at leader epoch 1 from offset 0 with partition epoch 1 and high watermark 0. Current leader is -1. Previous leader Some(-1) and previous leader epoch was 1.
2026-02-11T14:48:30.266+01:00  INFO 8172 --- [r-event-handler] state.change.logger                      : [Broker id=0] Follower __consumer_offsets-7 starts at leader epoch 1 from offset 0 with partition epoch 1 and high watermark 0. Current leader is -1. Previous leader Some(-1) and previous leader epoch was 1.
2026-02-11T14:48:30.266+01:00  INFO 8172 --- [r-event-handler] state.change.logger                      : [Broker id=0] Follower __consumer_offsets-40 starts at leader epoch 1 from offset 0 with partition epoch 1 and high watermark 0. Current leader is -1. Previous leader Some(-1) and previous leader epoch was 1.
2026-02-11T14:48:30.267+01:00  INFO 8172 --- [r-event-handler] state.change.logger                      : [Broker id=0] Follower __consumer_offsets-3 starts at leader epoch 1 from offset 0 with partition epoch 1 and high watermark 0. Current leader is -1. Previous leader Some(-1) and previous leader epoch was 1.
2026-02-11T14:48:30.267+01:00  INFO 8172 --- [r-event-handler] state.change.logger                      : [Broker id=0] Follower __consumer_offsets-36 starts at leader epoch 1 from offset 0 with partition epoch 1 and high watermark 0. Current leader is -1. Previous leader Some(-1) and previous leader epoch was 1.
2026-02-11T14:48:30.267+01:00  INFO 8172 --- [r-event-handler] state.change.logger                      : [Broker id=0] Follower __consumer_offsets-47 starts at leader epoch 1 from offset 0 with partition epoch 1 and high watermark 0. Current leader is -1. Previous leader Some(-1) and previous leader epoch was 1.
2026-02-11T14:48:30.267+01:00  INFO 8172 --- [r-event-handler] state.change.logger                      : [Broker id=0] Follower __consumer_offsets-14 starts at leader epoch 1 from offset 0 with partition epoch 1 and high watermark 0. Current leader is -1. Previous leader Some(-1) and previous leader epoch was 1.
2026-02-11T14:48:30.267+01:00  INFO 8172 --- [r-event-handler] state.change.logger                      : [Broker id=0] Follower __consumer_offsets-43 starts at leader epoch 1 from offset 0 with partition epoch 1 and high watermark 0. Current leader is -1. Previous leader Some(-1) and previous leader epoch was 1.
2026-02-11T14:48:30.267+01:00  INFO 8172 --- [r-event-handler] state.change.logger                      : [Broker id=0] Follower __consumer_offsets-10 starts at leader epoch 1 from offset 0 with partition epoch 1 and high watermark 0. Current leader is -1. Previous leader Some(-1) and previous leader epoch was 1.
2026-02-11T14:48:30.267+01:00  INFO 8172 --- [r-event-handler] state.change.logger                      : [Broker id=0] Follower __consumer_offsets-22 starts at leader epoch 1 from offset 0 with partition epoch 1 and high watermark 0. Current leader is -1. Previous leader Some(-1) and previous leader epoch was 1.
2026-02-11T14:48:30.267+01:00  INFO 8172 --- [r-event-handler] state.change.logger                      : [Broker id=0] Follower __consumer_offsets-18 starts at leader epoch 1 from offset 0 with partition epoch 1 and high watermark 0. Current leader is -1. Previous leader Some(-1) and previous leader epoch was 1.
2026-02-11T14:48:30.267+01:00  INFO 8172 --- [r-event-handler] state.change.logger                      : [Broker id=0] Follower __consumer_offsets-31 starts at leader epoch 1 from offset 0 with partition epoch 1 and high watermark 0. Current leader is -1. Previous leader Some(-1) and previous leader epoch was 1.
2026-02-11T14:48:30.267+01:00  INFO 8172 --- [r-event-handler] state.change.logger                      : [Broker id=0] Follower __consumer_offsets-27 starts at leader epoch 1 from offset 0 with partition epoch 1 and high watermark 0. Current leader is -1. Previous leader Some(-1) and previous leader epoch was 1.
2026-02-11T14:48:30.267+01:00  INFO 8172 --- [r-event-handler] state.change.logger                      : [Broker id=0] Follower __consumer_offsets-39 starts at leader epoch 1 from offset 0 with partition epoch 1 and high watermark 0. Current leader is -1. Previous leader Some(-1) and previous leader epoch was 1.
2026-02-11T14:48:30.267+01:00  INFO 8172 --- [r-event-handler] state.change.logger                      : [Broker id=0] Follower __consumer_offsets-6 starts at leader epoch 1 from offset 0 with partition epoch 1 and high watermark 0. Current leader is -1. Previous leader Some(-1) and previous leader epoch was 1.
2026-02-11T14:48:30.267+01:00  INFO 8172 --- [r-event-handler] state.change.logger                      : [Broker id=0] Follower __consumer_offsets-35 starts at leader epoch 1 from offset 0 with partition epoch 1 and high watermark 0. Current leader is -1. Previous leader Some(-1) and previous leader epoch was 1.
2026-02-11T14:48:30.267+01:00  INFO 8172 --- [r-event-handler] state.change.logger                      : [Broker id=0] Follower __consumer_offsets-2 starts at leader epoch 1 from offset 0 with partition epoch 1 and high watermark 0. Current leader is -1. Previous leader Some(-1) and previous leader epoch was 1.
2026-02-11T14:48:30.270+01:00  INFO 8172 --- [r-event-handler] kafka.server.ReplicaFetcherManager       : [ReplicaFetcherManager on broker 0] Removed fetcher for partitions HashSet(__consumer_offsets-22, __consumer_offsets-25, __consumer_offsets-35, __consumer_offsets-37, __consumer_offsets-38, __consumer_offsets-13, __consumer_offsets-30, customer-data-0, __consumer_offsets-8, __consumer_offsets-21, __consumer_offsets-4, __consumer_offsets-27, __consumer_offsets-7, __consumer_offsets-9, __consumer_offsets-46, __consumer_offsets-41, __consumer_offsets-33, __consumer_offsets-23, __consumer_offsets-49, __consumer_offsets-47, __consumer_offsets-16, __consumer_offsets-28, __consumer_offsets-31, __consumer_offsets-36, __consumer_offsets-42, __consumer_offsets-3, __consumer_offsets-18, __consumer_offsets-15, __consumer_offsets-24, __consumer_offsets-17, __consumer_offsets-48, __consumer_offsets-19, __consumer_offsets-11, __consumer_offsets-2, __consumer_offsets-43, __consumer_offsets-6, __consumer_offsets-14, __consumer_offsets-20, __consumer_offsets-0, __consumer_offsets-44, __consumer_offsets-39, __consumer_offsets-12, __consumer_offsets-45, __consumer_offsets-1, __consumer_offsets-5, __consumer_offsets-26, __consumer_offsets-29, __consumer_offsets-34, __consumer_offsets-10, __consumer_offsets-32, __consumer_offsets-40)
2026-02-11T14:48:30.270+01:00  INFO 8172 --- [r-event-handler] k.server.ReplicaAlterLogDirsManager      : [ReplicaAlterLogDirsManager on broker 0] Removed fetcher for partitions HashSet(__consumer_offsets-22, __consumer_offsets-25, __consumer_offsets-35, __consumer_offsets-37, __consumer_offsets-38, __consumer_offsets-13, __consumer_offsets-30, customer-data-0, __consumer_offsets-8, __consumer_offsets-21, __consumer_offsets-4, __consumer_offsets-27, __consumer_offsets-7, __consumer_offsets-9, __consumer_offsets-46, __consumer_offsets-41, __consumer_offsets-33, __consumer_offsets-23, __consumer_offsets-49, __consumer_offsets-47, __consumer_offsets-16, __consumer_offsets-28, __consumer_offsets-31, __consumer_offsets-36, __consumer_offsets-42, __consumer_offsets-3, __consumer_offsets-18, __consumer_offsets-15, __consumer_offsets-24, __consumer_offsets-17, __consumer_offsets-48, __consumer_offsets-19, __consumer_offsets-11, __consumer_offsets-2, __consumer_offsets-43, __consumer_offsets-6, __consumer_offsets-14, __consumer_offsets-20, __consumer_offsets-0, __consumer_offsets-44, __consumer_offsets-39, __consumer_offsets-12, __consumer_offsets-45, __consumer_offsets-1, __consumer_offsets-5, __consumer_offsets-26, __consumer_offsets-29, __consumer_offsets-34, __consumer_offsets-10, __consumer_offsets-32, __consumer_offsets-40)
2026-02-11T14:48:30.277+01:00  INFO 8172 --- [r-event-handler] state.change.logger                      : [Broker id=0] Stopped fetchers as part of controlled shutdown for 51 partitions
2026-02-11T14:48:30.278+01:00  INFO 8172 --- [r-event-handler] o.a.k.c.c.runtime.CoordinatorRuntime     : [GroupCoordinator id=0] Scheduling unloading of metadata for __consumer_offsets-13 with epoch OptionalInt[1]
2026-02-11T14:48:30.278+01:00  INFO 8172 --- [r-event-handler] o.a.k.c.c.runtime.CoordinatorRuntime     : [GroupCoordinator id=0] Scheduling unloading of metadata for __consumer_offsets-46 with epoch OptionalInt[1]
2026-02-11T14:48:30.278+01:00  INFO 8172 --- [r-event-handler] o.a.k.c.c.runtime.CoordinatorRuntime     : [GroupCoordinator id=0] Scheduling unloading of metadata for __consumer_offsets-9 with epoch OptionalInt[1]
2026-02-11T14:48:30.278+01:00  INFO 8172 --- [ent-processor-2] o.a.k.c.c.runtime.CoordinatorRuntime     : [GroupCoordinator id=0] Started unloading metadata for __consumer_offsets-13 with epoch OptionalInt[1].
2026-02-11T14:48:30.278+01:00  INFO 8172 --- [r-event-handler] o.a.k.c.c.runtime.CoordinatorRuntime     : [GroupCoordinator id=0] Scheduling unloading of metadata for __consumer_offsets-42 with epoch OptionalInt[1]
2026-02-11T14:48:30.278+01:00  INFO 8172 --- [r-event-handler] o.a.k.c.c.runtime.CoordinatorRuntime     : [GroupCoordinator id=0] Scheduling unloading of metadata for __consumer_offsets-21 with epoch OptionalInt[1]
2026-02-11T14:48:30.278+01:00  INFO 8172 --- [ent-processor-1] o.a.k.c.c.runtime.CoordinatorRuntime     : [GroupCoordinator id=0] Started unloading metadata for __consumer_offsets-46 with epoch OptionalInt[1].
2026-02-11T14:48:30.278+01:00  INFO 8172 --- [r-event-handler] o.a.k.c.c.runtime.CoordinatorRuntime     : [GroupCoordinator id=0] Scheduling unloading of metadata for __consumer_offsets-17 with epoch OptionalInt[1]
2026-02-11T14:48:30.278+01:00  INFO 8172 --- [ent-processor-3] o.a.k.c.c.runtime.CoordinatorRuntime     : [GroupCoordinator id=0] Started unloading metadata for __consumer_offsets-9 with epoch OptionalInt[1].
2026-02-11T14:48:30.279+01:00  INFO 8172 --- [r-event-handler] o.a.k.c.c.runtime.CoordinatorRuntime     : [GroupCoordinator id=0] Scheduling unloading of metadata for __consumer_offsets-30 with epoch OptionalInt[1]
2026-02-11T14:48:30.279+01:00  INFO 8172 --- [ent-processor-0] o.a.k.c.c.runtime.CoordinatorRuntime     : [GroupCoordinator id=0] Started unloading metadata for __consumer_offsets-21 with epoch OptionalInt[1].
2026-02-11T14:48:30.279+01:00  INFO 8172 --- [r-event-handler] o.a.k.c.c.runtime.CoordinatorRuntime     : [GroupCoordinator id=0] Scheduling unloading of metadata for __consumer_offsets-26 with epoch OptionalInt[1]
2026-02-11T14:48:30.279+01:00  INFO 8172 --- [r-event-handler] o.a.k.c.c.runtime.CoordinatorRuntime     : [GroupCoordinator id=0] Scheduling unloading of metadata for __consumer_offsets-5 with epoch OptionalInt[1]
2026-02-11T14:48:30.279+01:00  INFO 8172 --- [r-event-handler] o.a.k.c.c.runtime.CoordinatorRuntime     : [GroupCoordinator id=0] Scheduling unloading of metadata for __consumer_offsets-38 with epoch OptionalInt[1]
2026-02-11T14:48:30.279+01:00  INFO 8172 --- [r-event-handler] o.a.k.c.c.runtime.CoordinatorRuntime     : [GroupCoordinator id=0] Scheduling unloading of metadata for __consumer_offsets-1 with epoch OptionalInt[1]
2026-02-11T14:48:30.279+01:00  INFO 8172 --- [r-event-handler] o.a.k.c.c.runtime.CoordinatorRuntime     : [GroupCoordinator id=0] Scheduling unloading of metadata for __consumer_offsets-34 with epoch OptionalInt[1]
2026-02-11T14:48:30.279+01:00  INFO 8172 --- [r-event-handler] o.a.k.c.c.runtime.CoordinatorRuntime     : [GroupCoordinator id=0] Scheduling unloading of metadata for __consumer_offsets-16 with epoch OptionalInt[1]
2026-02-11T14:48:30.279+01:00  INFO 8172 --- [r-event-handler] o.a.k.c.c.runtime.CoordinatorRuntime     : [GroupCoordinator id=0] Scheduling unloading of metadata for __consumer_offsets-45 with epoch OptionalInt[1]
2026-02-11T14:48:30.279+01:00  INFO 8172 --- [r-event-handler] o.a.k.c.c.runtime.CoordinatorRuntime     : [GroupCoordinator id=0] Scheduling unloading of metadata for __consumer_offsets-12 with epoch OptionalInt[1]
2026-02-11T14:48:30.279+01:00  INFO 8172 --- [r-event-handler] o.a.k.c.c.runtime.CoordinatorRuntime     : [GroupCoordinator id=0] Scheduling unloading of metadata for __consumer_offsets-41 with epoch OptionalInt[1]
2026-02-11T14:48:30.279+01:00  INFO 8172 --- [r-event-handler] o.a.k.c.c.runtime.CoordinatorRuntime     : [GroupCoordinator id=0] Scheduling unloading of metadata for __consumer_offsets-24 with epoch OptionalInt[1]
2026-02-11T14:48:30.279+01:00  INFO 8172 --- [r-event-handler] o.a.k.c.c.runtime.CoordinatorRuntime     : [GroupCoordinator id=0] Scheduling unloading of metadata for __consumer_offsets-20 with epoch OptionalInt[1]
2026-02-11T14:48:30.279+01:00  INFO 8172 --- [r-event-handler] o.a.k.c.c.runtime.CoordinatorRuntime     : [GroupCoordinator id=0] Scheduling unloading of metadata for __consumer_offsets-49 with epoch OptionalInt[1]
2026-02-11T14:48:30.279+01:00  INFO 8172 --- [r-event-handler] o.a.k.c.c.runtime.CoordinatorRuntime     : [GroupCoordinator id=0] Scheduling unloading of metadata for __consumer_offsets-0 with epoch OptionalInt[1]
2026-02-11T14:48:30.279+01:00  INFO 8172 --- [r-event-handler] o.a.k.c.c.runtime.CoordinatorRuntime     : [GroupCoordinator id=0] Scheduling unloading of metadata for __consumer_offsets-29 with epoch OptionalInt[1]
2026-02-11T14:48:30.279+01:00  INFO 8172 --- [r-event-handler] o.a.k.c.c.runtime.CoordinatorRuntime     : [GroupCoordinator id=0] Scheduling unloading of metadata for __consumer_offsets-25 with epoch OptionalInt[1]
2026-02-11T14:48:30.279+01:00  INFO 8172 --- [r-event-handler] o.a.k.c.c.runtime.CoordinatorRuntime     : [GroupCoordinator id=0] Scheduling unloading of metadata for __consumer_offsets-8 with epoch OptionalInt[1]
2026-02-11T14:48:30.279+01:00  INFO 8172 --- [r-event-handler] o.a.k.c.c.runtime.CoordinatorRuntime     : [GroupCoordinator id=0] Scheduling unloading of metadata for __consumer_offsets-37 with epoch OptionalInt[1]
2026-02-11T14:48:30.279+01:00  INFO 8172 --- [r-event-handler] o.a.k.c.c.runtime.CoordinatorRuntime     : [GroupCoordinator id=0] Scheduling unloading of metadata for __consumer_offsets-4 with epoch OptionalInt[1]
2026-02-11T14:48:30.279+01:00  INFO 8172 --- [r-event-handler] o.a.k.c.c.runtime.CoordinatorRuntime     : [GroupCoordinator id=0] Scheduling unloading of metadata for __consumer_offsets-33 with epoch OptionalInt[1]
2026-02-11T14:48:30.279+01:00  INFO 8172 --- [r-event-handler] o.a.k.c.c.runtime.CoordinatorRuntime     : [GroupCoordinator id=0] Scheduling unloading of metadata for __consumer_offsets-15 with epoch OptionalInt[1]
2026-02-11T14:48:30.279+01:00  INFO 8172 --- [r-event-handler] o.a.k.c.c.runtime.CoordinatorRuntime     : [GroupCoordinator id=0] Scheduling unloading of metadata for __consumer_offsets-48 with epoch OptionalInt[1]
2026-02-11T14:48:30.279+01:00  INFO 8172 --- [r-event-handler] o.a.k.c.c.runtime.CoordinatorRuntime     : [GroupCoordinator id=0] Scheduling unloading of metadata for __consumer_offsets-11 with epoch OptionalInt[1]
2026-02-11T14:48:30.279+01:00  INFO 8172 --- [r-event-handler] o.a.k.c.c.runtime.CoordinatorRuntime     : [GroupCoordinator id=0] Scheduling unloading of metadata for __consumer_offsets-44 with epoch OptionalInt[1]
2026-02-11T14:48:30.279+01:00  INFO 8172 --- [r-event-handler] o.a.k.c.c.runtime.CoordinatorRuntime     : [GroupCoordinator id=0] Scheduling unloading of metadata for __consumer_offsets-23 with epoch OptionalInt[1]
2026-02-11T14:48:30.279+01:00  INFO 8172 --- [ent-processor-3] o.a.k.c.c.runtime.CoordinatorRuntime     : [GroupCoordinator id=0] Finished unloading metadata for __consumer_offsets-9 with epoch OptionalInt[1].
2026-02-11T14:48:30.279+01:00  INFO 8172 --- [ent-processor-2] o.a.k.c.c.runtime.CoordinatorRuntime     : [GroupCoordinator id=0] Finished unloading metadata for __consumer_offsets-13 with epoch OptionalInt[1].
2026-02-11T14:48:30.279+01:00  INFO 8172 --- [ent-processor-0] o.a.k.c.c.runtime.CoordinatorRuntime     : [GroupCoordinator id=0] Finished unloading metadata for __consumer_offsets-21 with epoch OptionalInt[1].
2026-02-11T14:48:30.279+01:00  INFO 8172 --- [ent-processor-1] o.a.k.c.c.runtime.CoordinatorRuntime     : [GroupCoordinator id=0] Finished unloading metadata for __consumer_offsets-46 with epoch OptionalInt[1].
2026-02-11T14:48:30.279+01:00  INFO 8172 --- [ent-processor-3] o.a.k.c.c.runtime.CoordinatorRuntime     : [GroupCoordinator id=0] Started unloading metadata for __consumer_offsets-16 with epoch OptionalInt[1].
2026-02-11T14:48:30.279+01:00  INFO 8172 --- [ent-processor-0] o.a.k.c.c.runtime.CoordinatorRuntime     : [GroupCoordinator id=0] Started unloading metadata for __consumer_offsets-12 with epoch OptionalInt[1].
2026-02-11T14:48:30.280+01:00  INFO 8172 --- [ent-processor-3] o.a.k.c.c.runtime.CoordinatorRuntime     : [GroupCoordinator id=0] Finished unloading metadata for __consumer_offsets-16 with epoch OptionalInt[1].
2026-02-11T14:48:30.280+01:00  INFO 8172 --- [ent-processor-2] o.a.k.c.c.runtime.CoordinatorRuntime     : [GroupCoordinator id=0] Started unloading metadata for __consumer_offsets-4 with epoch OptionalInt[1].
2026-02-11T14:48:30.280+01:00  INFO 8172 --- [ent-processor-3] o.a.k.c.c.runtime.CoordinatorRuntime     : [GroupCoordinator id=0] Started unloading metadata for __consumer_offsets-48 with epoch OptionalInt[1].
2026-02-11T14:48:30.280+01:00  INFO 8172 --- [ent-processor-3] o.a.k.c.c.runtime.CoordinatorRuntime     : [GroupCoordinator id=0] Finished unloading metadata for __consumer_offsets-48 with epoch OptionalInt[1].
2026-02-11T14:48:30.280+01:00  INFO 8172 --- [ent-processor-2] o.a.k.c.group.GroupMetadataManager       : [GroupCoordinator id=0 topic=__consumer_offsets partition=4] [GroupId=test-group-c5e69935-aac1-4c2f-bcb8-92dab3ff8a15] Unloading group metadata for generation 1.
2026-02-11T14:48:30.280+01:00  INFO 8172 --- [ent-processor-3] o.a.k.c.c.runtime.CoordinatorRuntime     : [GroupCoordinator id=0] Started unloading metadata for __consumer_offsets-17 with epoch OptionalInt[1].
2026-02-11T14:48:30.280+01:00  INFO 8172 --- [ent-processor-3] o.a.k.c.c.runtime.CoordinatorRuntime     : [GroupCoordinator id=0] Finished unloading metadata for __consumer_offsets-17 with epoch OptionalInt[1].
2026-02-11T14:48:30.280+01:00  INFO 8172 --- [ent-processor-3] o.a.k.c.c.runtime.CoordinatorRuntime     : [GroupCoordinator id=0] Started unloading metadata for __consumer_offsets-1 with epoch OptionalInt[1].
2026-02-11T14:48:30.280+01:00  INFO 8172 --- [ent-processor-1] o.a.k.c.c.runtime.CoordinatorRuntime     : [GroupCoordinator id=0] Started unloading metadata for __consumer_offsets-24 with epoch OptionalInt[1].
2026-02-11T14:48:30.280+01:00  INFO 8172 --- [ent-processor-3] o.a.k.c.c.runtime.CoordinatorRuntime     : [GroupCoordinator id=0] Finished unloading metadata for __consumer_offsets-1 with epoch OptionalInt[1].
2026-02-11T14:48:30.280+01:00  INFO 8172 --- [ent-processor-0] o.a.k.c.c.runtime.CoordinatorRuntime     : [GroupCoordinator id=0] Finished unloading metadata for __consumer_offsets-12 with epoch OptionalInt[1].
2026-02-11T14:48:30.280+01:00  INFO 8172 --- [ent-processor-1] o.a.k.c.c.runtime.CoordinatorRuntime     : [GroupCoordinator id=0] Finished unloading metadata for __consumer_offsets-24 with epoch OptionalInt[1].
2026-02-11T14:48:30.280+01:00  INFO 8172 --- [ent-processor-0] o.a.k.c.c.runtime.CoordinatorRuntime     : [GroupCoordinator id=0] Started unloading metadata for __consumer_offsets-42 with epoch OptionalInt[1].
2026-02-11T14:48:30.280+01:00  INFO 8172 --- [ent-processor-1] o.a.k.c.c.runtime.CoordinatorRuntime     : [GroupCoordinator id=0] Started unloading metadata for __consumer_offsets-0 with epoch OptionalInt[1].
2026-02-11T14:48:30.279+01:00  INFO 8172 --- [r-event-handler] o.a.k.c.c.runtime.CoordinatorRuntime     : [GroupCoordinator id=0] Scheduling unloading of metadata for __consumer_offsets-19 with epoch OptionalInt[1]
2026-02-11T14:48:30.280+01:00  INFO 8172 --- [ent-processor-3] o.a.k.c.c.runtime.CoordinatorRuntime     : [GroupCoordinator id=0] Started unloading metadata for __consumer_offsets-44 with epoch OptionalInt[1].
2026-02-11T14:48:30.280+01:00  INFO 8172 --- [ent-processor-1] o.a.k.c.c.runtime.CoordinatorRuntime     : [GroupCoordinator id=0] Finished unloading metadata for __consumer_offsets-0 with epoch OptionalInt[1].
2026-02-11T14:48:30.280+01:00  INFO 8172 --- [ent-processor-2] o.a.k.c.c.runtime.CoordinatorRuntime     : [GroupCoordinator id=0] Finished unloading metadata for __consumer_offsets-4 with epoch OptionalInt[1].
2026-02-11T14:48:30.280+01:00  INFO 8172 --- [r-event-handler] o.a.k.c.c.runtime.CoordinatorRuntime     : [GroupCoordinator id=0] Scheduling unloading of metadata for __consumer_offsets-32 with epoch OptionalInt[1]
2026-02-11T14:48:30.280+01:00  INFO 8172 --- [ent-processor-3] o.a.k.c.c.runtime.CoordinatorRuntime     : [GroupCoordinator id=0] Finished unloading metadata for __consumer_offsets-44 with epoch OptionalInt[1].
2026-02-11T14:48:30.280+01:00  INFO 8172 --- [ent-processor-2] o.a.k.c.c.runtime.CoordinatorRuntime     : [GroupCoordinator id=0] Started unloading metadata for __consumer_offsets-25 with epoch OptionalInt[1].
2026-02-11T14:48:30.280+01:00  INFO 8172 --- [ent-processor-0] o.a.k.c.c.runtime.CoordinatorRuntime     : [GroupCoordinator id=0] Finished unloading metadata for __consumer_offsets-42 with epoch OptionalInt[1].
2026-02-11T14:48:30.280+01:00  INFO 8172 --- [ent-processor-1] o.a.k.c.c.runtime.CoordinatorRuntime     : [GroupCoordinator id=0] Started unloading metadata for __consumer_offsets-37 with epoch OptionalInt[1].
2026-02-11T14:48:30.280+01:00  INFO 8172 --- [r-event-handler] o.a.k.c.c.runtime.CoordinatorRuntime     : [GroupCoordinator id=0] Scheduling unloading of metadata for __consumer_offsets-28 with epoch OptionalInt[1]
2026-02-11T14:48:30.280+01:00  INFO 8172 --- [ent-processor-3] o.a.k.c.c.runtime.CoordinatorRuntime     : [GroupCoordinator id=0] Started unloading metadata for __consumer_offsets-32 with epoch OptionalInt[1].
2026-02-11T14:48:30.280+01:00  INFO 8172 --- [ent-processor-2] o.a.k.c.c.runtime.CoordinatorRuntime     : [GroupCoordinator id=0] Finished unloading metadata for __consumer_offsets-25 with epoch OptionalInt[1].
2026-02-11T14:48:30.281+01:00  INFO 8172 --- [ent-processor-0] o.a.k.c.c.runtime.CoordinatorRuntime     : [GroupCoordinator id=0] Started unloading metadata for __consumer_offsets-26 with epoch OptionalInt[1].
2026-02-11T14:48:30.281+01:00  INFO 8172 --- [ent-processor-1] o.a.k.c.c.runtime.CoordinatorRuntime     : [GroupCoordinator id=0] Finished unloading metadata for __consumer_offsets-37 with epoch OptionalInt[1].
2026-02-11T14:48:30.281+01:00  INFO 8172 --- [r-event-handler] o.a.k.c.c.runtime.CoordinatorRuntime     : [GroupCoordinator id=0] Scheduling unloading of metadata for __consumer_offsets-7 with epoch OptionalInt[1]
2026-02-11T14:48:30.281+01:00  INFO 8172 --- [ent-processor-2] o.a.k.c.c.runtime.CoordinatorRuntime     : [GroupCoordinator id=0] Started unloading metadata for __consumer_offsets-45 with epoch OptionalInt[1].
2026-02-11T14:48:30.281+01:00  INFO 8172 --- [ent-processor-0] o.a.k.c.c.runtime.CoordinatorRuntime     : [GroupCoordinator id=0] Finished unloading metadata for __consumer_offsets-26 with epoch OptionalInt[1].
2026-02-11T14:48:30.281+01:00  INFO 8172 --- [ent-processor-3] o.a.k.c.c.runtime.CoordinatorRuntime     : [GroupCoordinator id=0] Finished unloading metadata for __consumer_offsets-32 with epoch OptionalInt[1].
2026-02-11T14:48:30.281+01:00  INFO 8172 --- [ent-processor-1] o.a.k.c.c.runtime.CoordinatorRuntime     : [GroupCoordinator id=0] Started unloading metadata for __consumer_offsets-19 with epoch OptionalInt[1].
2026-02-11T14:48:30.281+01:00  INFO 8172 --- [r-event-handler] o.a.k.c.c.runtime.CoordinatorRuntime     : [GroupCoordinator id=0] Scheduling unloading of metadata for __consumer_offsets-40 with epoch OptionalInt[1]
2026-02-11T14:48:30.281+01:00  INFO 8172 --- [ent-processor-2] o.a.k.c.c.runtime.CoordinatorRuntime     : [GroupCoordinator id=0] Finished unloading metadata for __consumer_offsets-45 with epoch OptionalInt[1].
2026-02-11T14:48:30.281+01:00  INFO 8172 --- [ent-processor-3] o.a.k.c.c.runtime.CoordinatorRuntime     : [GroupCoordinator id=0] Started unloading metadata for __consumer_offsets-28 with epoch OptionalInt[1].
2026-02-11T14:48:30.281+01:00  INFO 8172 --- [ent-processor-1] o.a.k.c.c.runtime.CoordinatorRuntime     : [GroupCoordinator id=0] Finished unloading metadata for __consumer_offsets-19 with epoch OptionalInt[1].
2026-02-11T14:48:30.281+01:00  INFO 8172 --- [r-event-handler] o.a.k.c.c.runtime.CoordinatorRuntime     : [GroupCoordinator id=0] Scheduling unloading of metadata for __consumer_offsets-3 with epoch OptionalInt[1]
2026-02-11T14:48:30.281+01:00  INFO 8172 --- [ent-processor-2] o.a.k.c.c.runtime.CoordinatorRuntime     : [GroupCoordinator id=0] Started unloading metadata for __consumer_offsets-41 with epoch OptionalInt[1].
2026-02-11T14:48:30.281+01:00  INFO 8172 --- [ent-processor-0] o.a.k.c.c.runtime.CoordinatorRuntime     : [GroupCoordinator id=0] Started unloading metadata for __consumer_offsets-15 with epoch OptionalInt[1].
2026-02-11T14:48:30.281+01:00  INFO 8172 --- [ent-processor-1] o.a.k.c.c.runtime.CoordinatorRuntime     : [GroupCoordinator id=0] Started unloading metadata for __consumer_offsets-8 with epoch OptionalInt[1].
2026-02-11T14:48:30.281+01:00  INFO 8172 --- [ent-processor-3] o.a.k.c.c.runtime.CoordinatorRuntime     : [GroupCoordinator id=0] Finished unloading metadata for __consumer_offsets-28 with epoch OptionalInt[1].
2026-02-11T14:48:30.281+01:00  INFO 8172 --- [ent-processor-0] o.a.k.c.c.runtime.CoordinatorRuntime     : [GroupCoordinator id=0] Finished unloading metadata for __consumer_offsets-15 with epoch OptionalInt[1].
2026-02-11T14:48:30.281+01:00  INFO 8172 --- [ent-processor-1] o.a.k.c.c.runtime.CoordinatorRuntime     : [GroupCoordinator id=0] Finished unloading metadata for __consumer_offsets-8 with epoch OptionalInt[1].
2026-02-11T14:48:30.281+01:00  INFO 8172 --- [ent-processor-2] o.a.k.c.c.runtime.CoordinatorRuntime     : [GroupCoordinator id=0] Finished unloading metadata for __consumer_offsets-41 with epoch OptionalInt[1].
2026-02-11T14:48:30.281+01:00  INFO 8172 --- [ent-processor-3] o.a.k.c.c.runtime.CoordinatorRuntime     : [GroupCoordinator id=0] Started unloading metadata for __consumer_offsets-38 with epoch OptionalInt[1].
2026-02-11T14:48:30.281+01:00  INFO 8172 --- [ent-processor-0] o.a.k.c.c.runtime.CoordinatorRuntime     : [GroupCoordinator id=0] Started unloading metadata for __consumer_offsets-34 with epoch OptionalInt[1].
2026-02-11T14:48:30.281+01:00  INFO 8172 --- [ent-processor-1] o.a.k.c.c.runtime.CoordinatorRuntime     : [GroupCoordinator id=0] Started unloading metadata for __consumer_offsets-7 with epoch OptionalInt[1].
2026-02-11T14:48:30.281+01:00  INFO 8172 --- [ent-processor-2] o.a.k.c.c.runtime.CoordinatorRuntime     : [GroupCoordinator id=0] Started unloading metadata for __consumer_offsets-20 with epoch OptionalInt[1].
2026-02-11T14:48:30.281+01:00  INFO 8172 --- [ent-processor-0] o.a.k.c.c.runtime.CoordinatorRuntime     : [GroupCoordinator id=0] Finished unloading metadata for __consumer_offsets-34 with epoch OptionalInt[1].
2026-02-11T14:48:30.281+01:00  INFO 8172 --- [ent-processor-3] o.a.k.c.c.runtime.CoordinatorRuntime     : [GroupCoordinator id=0] Finished unloading metadata for __consumer_offsets-38 with epoch OptionalInt[1].
2026-02-11T14:48:30.281+01:00  INFO 8172 --- [r-event-handler] o.a.k.c.c.runtime.CoordinatorRuntime     : [GroupCoordinator id=0] Scheduling unloading of metadata for __consumer_offsets-36 with epoch OptionalInt[1]
2026-02-11T14:48:30.281+01:00  INFO 8172 --- [ent-processor-2] o.a.k.c.c.runtime.CoordinatorRuntime     : [GroupCoordinator id=0] Finished unloading metadata for __consumer_offsets-20 with epoch OptionalInt[1].
2026-02-11T14:48:30.281+01:00  INFO 8172 --- [r-event-handler] o.a.k.c.c.runtime.CoordinatorRuntime     : [GroupCoordinator id=0] Scheduling unloading of metadata for __consumer_offsets-47 with epoch OptionalInt[1]
2026-02-11T14:48:30.281+01:00  INFO 8172 --- [ent-processor-0] o.a.k.c.c.runtime.CoordinatorRuntime     : [GroupCoordinator id=0] Started unloading metadata for __consumer_offsets-29 with epoch OptionalInt[1].
2026-02-11T14:48:30.281+01:00  INFO 8172 --- [ent-processor-3] o.a.k.c.c.runtime.CoordinatorRuntime     : [GroupCoordinator id=0] Started unloading metadata for __consumer_offsets-49 with epoch OptionalInt[1].
2026-02-11T14:48:30.281+01:00  INFO 8172 --- [ent-processor-2] o.a.k.c.c.runtime.CoordinatorRuntime     : [GroupCoordinator id=0] Started unloading metadata for __consumer_offsets-36 with epoch OptionalInt[1].
2026-02-11T14:48:30.281+01:00  INFO 8172 --- [r-event-handler] o.a.k.c.c.runtime.CoordinatorRuntime     : [GroupCoordinator id=0] Scheduling unloading of metadata for __consumer_offsets-14 with epoch OptionalInt[1]
2026-02-11T14:48:30.281+01:00  INFO 8172 --- [ent-processor-0] o.a.k.c.c.runtime.CoordinatorRuntime     : [GroupCoordinator id=0] Finished unloading metadata for __consumer_offsets-29 with epoch OptionalInt[1].
2026-02-11T14:48:30.281+01:00  INFO 8172 --- [ent-processor-3] o.a.k.c.c.runtime.CoordinatorRuntime     : [GroupCoordinator id=0] Finished unloading metadata for __consumer_offsets-49 with epoch OptionalInt[1].
2026-02-11T14:48:30.281+01:00  INFO 8172 --- [r-event-handler] o.a.k.c.c.runtime.CoordinatorRuntime     : [GroupCoordinator id=0] Scheduling unloading of metadata for __consumer_offsets-43 with epoch OptionalInt[1]
2026-02-11T14:48:30.281+01:00  INFO 8172 --- [ent-processor-0] o.a.k.c.c.runtime.CoordinatorRuntime     : [GroupCoordinator id=0] Started unloading metadata for __consumer_offsets-33 with epoch OptionalInt[1].
2026-02-11T14:48:30.281+01:00  INFO 8172 --- [ent-processor-2] o.a.k.c.c.runtime.CoordinatorRuntime     : [GroupCoordinator id=0] Finished unloading metadata for __consumer_offsets-36 with epoch OptionalInt[1].
2026-02-11T14:48:30.281+01:00  INFO 8172 --- [ent-processor-3] o.a.k.c.c.runtime.CoordinatorRuntime     : [GroupCoordinator id=0] Started unloading metadata for __consumer_offsets-14 with epoch OptionalInt[1].
2026-02-11T14:48:30.281+01:00  INFO 8172 --- [ent-processor-1] o.a.k.c.c.runtime.CoordinatorRuntime     : [GroupCoordinator id=0] Finished unloading metadata for __consumer_offsets-7 with epoch OptionalInt[1].
2026-02-11T14:48:30.281+01:00  INFO 8172 --- [ent-processor-3] o.a.k.c.c.runtime.CoordinatorRuntime     : [GroupCoordinator id=0] Finished unloading metadata for __consumer_offsets-14 with epoch OptionalInt[1].
2026-02-11T14:48:30.281+01:00  INFO 8172 --- [r-event-handler] o.a.k.c.c.runtime.CoordinatorRuntime     : [GroupCoordinator id=0] Scheduling unloading of metadata for __consumer_offsets-10 with epoch OptionalInt[1]
2026-02-11T14:48:30.281+01:00  INFO 8172 --- [ent-processor-1] o.a.k.c.c.runtime.CoordinatorRuntime     : [GroupCoordinator id=0] Started unloading metadata for __consumer_offsets-5 with epoch OptionalInt[1].
2026-02-11T14:48:30.281+01:00  INFO 8172 --- [r-event-handler] o.a.k.c.c.runtime.CoordinatorRuntime     : [GroupCoordinator id=0] Scheduling unloading of metadata for __consumer_offsets-22 with epoch OptionalInt[1]
2026-02-11T14:48:30.281+01:00  INFO 8172 --- [r-event-handler] o.a.k.c.c.runtime.CoordinatorRuntime     : [GroupCoordinator id=0] Scheduling unloading of metadata for __consumer_offsets-18 with epoch OptionalInt[1]
2026-02-11T14:48:30.281+01:00  INFO 8172 --- [ent-processor-0] o.a.k.c.c.runtime.CoordinatorRuntime     : [GroupCoordinator id=0] Finished unloading metadata for __consumer_offsets-33 with epoch OptionalInt[1].
2026-02-11T14:48:30.281+01:00  INFO 8172 --- [r-event-handler] o.a.k.c.c.runtime.CoordinatorRuntime     : [GroupCoordinator id=0] Scheduling unloading of metadata for __consumer_offsets-31 with epoch OptionalInt[1]
2026-02-11T14:48:30.281+01:00  INFO 8172 --- [ent-processor-2] o.a.k.c.c.runtime.CoordinatorRuntime     : [GroupCoordinator id=0] Started unloading metadata for __consumer_offsets-3 with epoch OptionalInt[1].
2026-02-11T14:48:30.281+01:00  INFO 8172 --- [ent-processor-1] o.a.k.c.c.runtime.CoordinatorRuntime     : [GroupCoordinator id=0] Finished unloading metadata for __consumer_offsets-5 with epoch OptionalInt[1].
2026-02-11T14:48:30.281+01:00  INFO 8172 --- [ent-processor-3] o.a.k.c.c.runtime.CoordinatorRuntime     : [GroupCoordinator id=0] Started unloading metadata for __consumer_offsets-30 with epoch OptionalInt[1].
2026-02-11T14:48:30.281+01:00  INFO 8172 --- [ent-processor-1] o.a.k.c.c.runtime.CoordinatorRuntime     : [GroupCoordinator id=0] Started unloading metadata for __consumer_offsets-40 with epoch OptionalInt[1].
2026-02-11T14:48:30.281+01:00  INFO 8172 --- [ent-processor-2] o.a.k.c.c.runtime.CoordinatorRuntime     : [GroupCoordinator id=0] Finished unloading metadata for __consumer_offsets-3 with epoch OptionalInt[1].
2026-02-11T14:48:30.281+01:00  INFO 8172 --- [r-event-handler] o.a.k.c.c.runtime.CoordinatorRuntime     : [GroupCoordinator id=0] Scheduling unloading of metadata for __consumer_offsets-27 with epoch OptionalInt[1]
2026-02-11T14:48:30.281+01:00  INFO 8172 --- [ent-processor-3] o.a.k.c.c.runtime.CoordinatorRuntime     : [GroupCoordinator id=0] Finished unloading metadata for __consumer_offsets-30 with epoch OptionalInt[1].
2026-02-11T14:48:30.281+01:00  INFO 8172 --- [ent-processor-1] o.a.k.c.c.runtime.CoordinatorRuntime     : [GroupCoordinator id=0] Finished unloading metadata for __consumer_offsets-40 with epoch OptionalInt[1].
2026-02-11T14:48:30.281+01:00  INFO 8172 --- [r-event-handler] o.a.k.c.c.runtime.CoordinatorRuntime     : [GroupCoordinator id=0] Scheduling unloading of metadata for __consumer_offsets-39 with epoch OptionalInt[1]
2026-02-11T14:48:30.281+01:00  INFO 8172 --- [ent-processor-0] o.a.k.c.c.runtime.CoordinatorRuntime     : [GroupCoordinator id=0] Started unloading metadata for __consumer_offsets-18 with epoch OptionalInt[1].
2026-02-11T14:48:30.281+01:00  INFO 8172 --- [ent-processor-1] o.a.k.c.c.runtime.CoordinatorRuntime     : [GroupCoordinator id=0] Started unloading metadata for __consumer_offsets-11 with epoch OptionalInt[1].
2026-02-11T14:48:30.281+01:00  INFO 8172 --- [ent-processor-2] o.a.k.c.c.runtime.CoordinatorRuntime     : [GroupCoordinator id=0] Started unloading metadata for __consumer_offsets-31 with epoch OptionalInt[1].
2026-02-11T14:48:30.281+01:00  INFO 8172 --- [ent-processor-3] o.a.k.c.c.runtime.CoordinatorRuntime     : [GroupCoordinator id=0] Started unloading metadata for __consumer_offsets-47 with epoch OptionalInt[1].
2026-02-11T14:48:30.281+01:00  INFO 8172 --- [ent-processor-1] o.a.k.c.c.runtime.CoordinatorRuntime     : [GroupCoordinator id=0] Finished unloading metadata for __consumer_offsets-11 with epoch OptionalInt[1].
2026-02-11T14:48:30.281+01:00  INFO 8172 --- [r-event-handler] o.a.k.c.c.runtime.CoordinatorRuntime     : [GroupCoordinator id=0] Scheduling unloading of metadata for __consumer_offsets-6 with epoch OptionalInt[1]
2026-02-11T14:48:30.281+01:00  INFO 8172 --- [ent-processor-2] o.a.k.c.c.runtime.CoordinatorRuntime     : [GroupCoordinator id=0] Finished unloading metadata for __consumer_offsets-31 with epoch OptionalInt[1].
2026-02-11T14:48:30.281+01:00  INFO 8172 --- [ent-processor-3] o.a.k.c.c.runtime.CoordinatorRuntime     : [GroupCoordinator id=0] Finished unloading metadata for __consumer_offsets-47 with epoch OptionalInt[1].
2026-02-11T14:48:30.281+01:00  INFO 8172 --- [r-event-handler] o.a.k.c.c.runtime.CoordinatorRuntime     : [GroupCoordinator id=0] Scheduling unloading of metadata for __consumer_offsets-35 with epoch OptionalInt[1]
2026-02-11T14:48:30.281+01:00  INFO 8172 --- [ent-processor-1] o.a.k.c.c.runtime.CoordinatorRuntime     : [GroupCoordinator id=0] Started unloading metadata for __consumer_offsets-43 with epoch OptionalInt[1].
2026-02-11T14:48:30.281+01:00  INFO 8172 --- [r-event-handler] o.a.k.c.c.runtime.CoordinatorRuntime     : [GroupCoordinator id=0] Scheduling unloading of metadata for __consumer_offsets-2 with epoch OptionalInt[1]
2026-02-11T14:48:30.281+01:00  INFO 8172 --- [ent-processor-1] o.a.k.c.c.runtime.CoordinatorRuntime     : [GroupCoordinator id=0] Finished unloading metadata for __consumer_offsets-43 with epoch OptionalInt[1].
2026-02-11T14:48:30.281+01:00  INFO 8172 --- [ent-processor-2] o.a.k.c.c.runtime.CoordinatorRuntime     : [GroupCoordinator id=0] Started unloading metadata for __consumer_offsets-39 with epoch OptionalInt[1].
2026-02-11T14:48:30.281+01:00  INFO 8172 --- [ent-processor-3] o.a.k.c.c.runtime.CoordinatorRuntime     : [GroupCoordinator id=0] Started unloading metadata for __consumer_offsets-23 with epoch OptionalInt[1].
2026-02-11T14:48:30.281+01:00  INFO 8172 --- [ent-processor-1] o.a.k.c.c.runtime.CoordinatorRuntime     : [GroupCoordinator id=0] Started unloading metadata for __consumer_offsets-35 with epoch OptionalInt[1].
[INFO] 
[INFO] Results:
[INFO] 
[ERROR] Errors: 
[ERROR]   CucumberTest.Example #1.1 ╗ ExceptionInInitializer
[INFO] 
[ERROR] Tests run: 2, Failures: 0, Errors: 1, Skipped: 0
[INFO] 
[INFO] ------------------------------------------------------------------------
[INFO] BUILD FAILURE
[INFO] ------------------------------------------------------------------------
[INFO] Total time:  14.538 s
[INFO] Finished at: 2026-02-11T14:48:30+01:00
[INFO] ------------------------------------------------------------------------
[ERROR] Failed to execute goal org.apache.maven.plugins:maven-surefire-plugin:3.5.4:test (default-test) on project kafka-bdd-tests: 
[ERROR] 
[ERROR] See C:\Users\simra\Desktop\kafka-bdd-tests\target\surefire-reports for the individual test results.
[ERROR] See dump files (if any exist) [date].dump, [date]-jvmRun[N].dump and [date].dumpstream.
[ERROR] -> [Help 1]
[ERROR] 
[ERROR] To see the full stack trace of the errors, re-run Maven with the -e switch.
[ERROR] Re-run Maven using the -X switch to enable full debug logging.
[ERROR] 
[ERROR] For more information about the errors and possible solutions, please read the following articles:
[ERROR] [Help 1] http://cwiki.apache.org/confluence/display/MAVEN/MojoFailureException
